../bsp/cubemx/Drivers/STM32F4xx_HAL_Driver/Src/stm32f4xx_hal_timebase_tim_template.c:71:19:HAL_InitTick	56	static
../bsp/cubemx/Drivers/STM32F4xx_HAL_Driver/Src/stm32f4xx_hal_timebase_tim_template.c:134:6:HAL_SuspendTick	4	static
../bsp/cubemx/Drivers/STM32F4xx_HAL_Driver/Src/stm32f4xx_hal_timebase_tim_template.c:145:6:HAL_ResumeTick	4	static
../bsp/cubemx/Drivers/STM32F4xx_HAL_Driver/Src/stm32f4xx_hal_timebase_tim_template.c:159:6:HAL_TIM_PeriodElapsedCallback	16	static
../bsp/cubemx/Drivers/STM32F4xx_HAL_Driver/Src/stm32f4xx_hal_timebase_tim_template.c:168:6:TIM6_DAC_IRQHandler	8	static
