07:39:27 **** Build of configuration Debug for project ROBOT_DEV ****
make -j7 all 
arm-none-eabi-size  ROBOT_DEV.elf 
   text	   data	    bss	    dec	    hex	filename
  43872	    344	  28160	  72376	  11ab8	ROBOT_DEV.elf
Finished building: default.size.stdout
 
07:43:20 **** Incremental Build of configuration Debug for project ROBOT_DEV ****
make -j7 all 
arm-none-eabi-size  ROBOT_DEV.elf 
   text	   data	    bss	    dec	    hex	filename
  43872	    344	  28160	  72376	  11ab8	ROBOT_DEV.elf
Finished building: default.size.stdout
 
08:03:33 **** Incremental Build of configuration Debug for project ROBOT_DEV ****
make -j7 all 
arm-none-eabi-gcc "../motors/Src/motors.c" -mcpu=cortex-m4 -std=gnu11 -g3 -DDEBUG -DUSE_HAL_DRIVER -DSTM32F427xx -c -I../Core/Inc -I../USB_DEVICE/App -I../USB_DEVICE/Target -I../Drivers/STM32F4xx_HAL_Driver/Inc -I../Drivers/STM32F4xx_HAL_Driver/Inc/Legacy -I../Middlewares/Third_Party/FreeRTOS/Source/include -I../Middlewares/Third_Party/FreeRTOS/Source/CMSIS_RTOS_V2 -I../Middlewares/Third_Party/FreeRTOS/Source/portable/GCC/ARM_CM4F -I../Middlewares/ST/STM32_USB_Device_Library/Core/Inc -I../Middlewares/ST/STM32_USB_Device_Library/Class/CDC/Inc -I../Drivers/CMSIS/Device/ST/STM32F4xx/Include -I../Drivers/CMSIS/Include -I../motors/Inc -I../applications -O0 -ffunction-sections -fdata-sections -Wall -fstack-usage -fcyclomatic-complexity -MMD -MP -MF"motors/Src/motors.d" -MT"motors/Src/motors.o" --specs=nano.specs -mfpu=fpv4-sp-d16 -mfloat-abi=hard -mthumb -o "motors/Src/motors.o"
../motors/Src/motors.c: In function 'motors_task':
../motors/Src/motors.c:33:25: warning: unused variable 'moto1' [-Wunused-variable]
   33 |         motor_measure_t moto1;
      |                         ^~~~~
../motors/Src/motors.c:31:17: warning: unused variable 'rxData' [-Wunused-variable]
   31 |         uint8_t rxData[8];
      |                 ^~~~~~
../motors/Src/motors.c:29:29: warning: unused variable 'rxHeader' [-Wunused-variable]
   29 |         CAN_RxHeaderTypeDef rxHeader;
      |                             ^~~~~~~~
arm-none-eabi-gcc -o "ROBOT_DEV.elf" @"objects.list"   -mcpu=cortex-m4 -T"/Users/bentjh01/Documents/FYP/RoboMasterDevBoard/RoboRTS-Firmware/ROBOT_DEV/STM32F427IIHX_FLASH.ld" --specs=nosys.specs -Wl,-Map="ROBOT_DEV.map" -Wl,--gc-sections -static --specs=nano.specs -mfpu=fpv4-sp-d16 -mfloat-abi=hard -mthumb -Wl,--start-group -lc -lm -Wl,--end-group
Finished building target: ROBOT_DEV.elf
 
arm-none-eabi-size  ROBOT_DEV.elf 
arm-none-eabi-objdump -h -S ROBOT_DEV.elf  > "ROBOT_DEV.list"
   text	   data	    bss	    dec	    hex	filename
  43884	    344	  28160	  72388	  11ac4	ROBOT_DEV.elf
Finished building: default.size.stdout
 
Finished building: ROBOT_DEV.list
 
08:04:36 **** Incremental Build of configuration Debug for project ROBOT_DEV ****
make -j7 all 
arm-none-eabi-gcc "../motors/Src/motors.c" -mcpu=cortex-m4 -std=gnu11 -g3 -DDEBUG -DUSE_HAL_DRIVER -DSTM32F427xx -c -I../Core/Inc -I../USB_DEVICE/App -I../USB_DEVICE/Target -I../Drivers/STM32F4xx_HAL_Driver/Inc -I../Drivers/STM32F4xx_HAL_Driver/Inc/Legacy -I../Middlewares/Third_Party/FreeRTOS/Source/include -I../Middlewares/Third_Party/FreeRTOS/Source/CMSIS_RTOS_V2 -I../Middlewares/Third_Party/FreeRTOS/Source/portable/GCC/ARM_CM4F -I../Middlewares/ST/STM32_USB_Device_Library/Core/Inc -I../Middlewares/ST/STM32_USB_Device_Library/Class/CDC/Inc -I../Drivers/CMSIS/Device/ST/STM32F4xx/Include -I../Drivers/CMSIS/Include -I../motors/Inc -I../applications -O0 -ffunction-sections -fdata-sections -Wall -fstack-usage -fcyclomatic-complexity -MMD -MP -MF"motors/Src/motors.d" -MT"motors/Src/motors.o" --specs=nano.specs -mfpu=fpv4-sp-d16 -mfloat-abi=hard -mthumb -o "motors/Src/motors.o"
../motors/Src/motors.c: In function 'motors_task':
../motors/Src/motors.c:33:25: warning: unused variable 'moto1' [-Wunused-variable]
   33 |         motor_measure_t moto1;
      |                         ^~~~~
../motors/Src/motors.c:31:17: warning: unused variable 'rxData' [-Wunused-variable]
   31 |         uint8_t rxData[8];
      |                 ^~~~~~
../motors/Src/motors.c:29:29: warning: unused variable 'rxHeader' [-Wunused-variable]
   29 |         CAN_RxHeaderTypeDef rxHeader;
      |                             ^~~~~~~~
arm-none-eabi-gcc -o "ROBOT_DEV.elf" @"objects.list"   -mcpu=cortex-m4 -T"/Users/bentjh01/Documents/FYP/RoboMasterDevBoard/RoboRTS-Firmware/ROBOT_DEV/STM32F427IIHX_FLASH.ld" --specs=nosys.specs -Wl,-Map="ROBOT_DEV.map" -Wl,--gc-sections -static --specs=nano.specs -mfpu=fpv4-sp-d16 -mfloat-abi=hard -mthumb -Wl,--start-group -lc -lm -Wl,--end-group
Finished building target: ROBOT_DEV.elf
 
arm-none-eabi-size  ROBOT_DEV.elf 
arm-none-eabi-objdump -h -S ROBOT_DEV.elf  > "ROBOT_DEV.list"
   text	   data	    bss	    dec	    hex	filename
  43884	    344	  28160	  72388	  11ac4	ROBOT_DEV.elf
Finished building: default.size.stdout
 
Finished building: ROBOT_DEV.list
 
08:10:22 **** Incremental Build of configuration Debug for project ROBOT_DEV ****
make -j7 all 
arm-none-eabi-gcc "../motors/Src/motors.c" -mcpu=cortex-m4 -std=gnu11 -g3 -DDEBUG -DUSE_HAL_DRIVER -DSTM32F427xx -c -I../Core/Inc -I../USB_DEVICE/App -I../USB_DEVICE/Target -I../Drivers/STM32F4xx_HAL_Driver/Inc -I../Drivers/STM32F4xx_HAL_Driver/Inc/Legacy -I../Middlewares/Third_Party/FreeRTOS/Source/include -I../Middlewares/Third_Party/FreeRTOS/Source/CMSIS_RTOS_V2 -I../Middlewares/Third_Party/FreeRTOS/Source/portable/GCC/ARM_CM4F -I../Middlewares/ST/STM32_USB_Device_Library/Core/Inc -I../Middlewares/ST/STM32_USB_Device_Library/Class/CDC/Inc -I../Drivers/CMSIS/Device/ST/STM32F4xx/Include -I../Drivers/CMSIS/Include -I../motors/Inc -I../applications -O0 -ffunction-sections -fdata-sections -Wall -fstack-usage -fcyclomatic-complexity -MMD -MP -MF"motors/Src/motors.d" -MT"motors/Src/motors.o" --specs=nano.specs -mfpu=fpv4-sp-d16 -mfloat-abi=hard -mthumb -o "motors/Src/motors.o"
../motors/Src/motors.c: In function 'motors_task':
../motors/Src/motors.c:34:17: warning: unused variable 'current' [-Wunused-variable]
   34 |         int16_t current = 0;
      |                 ^~~~~~~
../motors/Src/motors.c:33:25: warning: unused variable 'moto1' [-Wunused-variable]
   33 |         motor_measure_t moto1;
      |                         ^~~~~
../motors/Src/motors.c:32:18: warning: unused variable 'txMailbox' [-Wunused-variable]
   32 |         uint32_t txMailbox;
      |                  ^~~~~~~~~
../motors/Src/motors.c:31:17: warning: unused variable 'rxData' [-Wunused-variable]
   31 |         uint8_t rxData[8];
      |                 ^~~~~~
../motors/Src/motors.c:30:17: warning: variable 'txData' set but not used [-Wunused-but-set-variable]
   30 |         uint8_t txData[8];
      |                 ^~~~~~
../motors/Src/motors.c:29:29: warning: unused variable 'rxHeader' [-Wunused-variable]
   29 |         CAN_RxHeaderTypeDef rxHeader;
      |                             ^~~~~~~~
../motors/Src/motors.c:28:29: warning: variable 'txHeader' set but not used [-Wunused-but-set-variable]
   28 |         CAN_TxHeaderTypeDef txHeader;
      |                             ^~~~~~~~
../motors/Src/motors.c:23:13: warning: unused variable 'sanity_count' [-Wunused-variable]
   23 |         int sanity_count =0;
      |             ^~~~~~~~~~~~
arm-none-eabi-gcc -o "ROBOT_DEV.elf" @"objects.list"   -mcpu=cortex-m4 -T"/Users/bentjh01/Documents/FYP/RoboMasterDevBoard/RoboRTS-Firmware/ROBOT_DEV/STM32F427IIHX_FLASH.ld" --specs=nosys.specs -Wl,-Map="ROBOT_DEV.map" -Wl,--gc-sections -static --specs=nano.specs -mfpu=fpv4-sp-d16 -mfloat-abi=hard -mthumb -Wl,--start-group -lc -lm -Wl,--end-group
Finished building target: ROBOT_DEV.elf
 
arm-none-eabi-size  ROBOT_DEV.elf 
arm-none-eabi-objdump -h -S ROBOT_DEV.elf  > "ROBOT_DEV.list"
   text	   data	    bss	    dec	    hex	filename
  43336	    344	  28160	  71840	  118a0	ROBOT_DEV.elf
Finished building: default.size.stdout
 
Finished building: ROBOT_DEV.list
 
08:11:16 **** Incremental Build of configuration Debug for project ROBOT_DEV ****
make -j7 all 
arm-none-eabi-gcc "../motors/Src/motors.c" -mcpu=cortex-m4 -std=gnu11 -g3 -DDEBUG -DUSE_HAL_DRIVER -DSTM32F427xx -c -I../Core/Inc -I../USB_DEVICE/App -I../USB_DEVICE/Target -I../Drivers/STM32F4xx_HAL_Driver/Inc -I../Drivers/STM32F4xx_HAL_Driver/Inc/Legacy -I../Middlewares/Third_Party/FreeRTOS/Source/include -I../Middlewares/Third_Party/FreeRTOS/Source/CMSIS_RTOS_V2 -I../Middlewares/Third_Party/FreeRTOS/Source/portable/GCC/ARM_CM4F -I../Middlewares/ST/STM32_USB_Device_Library/Core/Inc -I../Middlewares/ST/STM32_USB_Device_Library/Class/CDC/Inc -I../Drivers/CMSIS/Device/ST/STM32F4xx/Include -I../Drivers/CMSIS/Include -I../motors/Inc -I../applications -O0 -ffunction-sections -fdata-sections -Wall -fstack-usage -fcyclomatic-complexity -MMD -MP -MF"motors/Src/motors.d" -MT"motors/Src/motors.o" --specs=nano.specs -mfpu=fpv4-sp-d16 -mfloat-abi=hard -mthumb -o "motors/Src/motors.o"
../motors/Src/motors.c: In function 'motors_task':
../motors/Src/motors.c:34:17: warning: unused variable 'current' [-Wunused-variable]
   34 |         int16_t current = 0;
      |                 ^~~~~~~
../motors/Src/motors.c:33:25: warning: unused variable 'moto1' [-Wunused-variable]
   33 |         motor_measure_t moto1;
      |                         ^~~~~
../motors/Src/motors.c:32:18: warning: unused variable 'txMailbox' [-Wunused-variable]
   32 |         uint32_t txMailbox;
      |                  ^~~~~~~~~
../motors/Src/motors.c:31:17: warning: unused variable 'rxData' [-Wunused-variable]
   31 |         uint8_t rxData[8];
      |                 ^~~~~~
../motors/Src/motors.c:30:17: warning: variable 'txData' set but not used [-Wunused-but-set-variable]
   30 |         uint8_t txData[8];
      |                 ^~~~~~
../motors/Src/motors.c:29:29: warning: unused variable 'rxHeader' [-Wunused-variable]
   29 |         CAN_RxHeaderTypeDef rxHeader;
      |                             ^~~~~~~~
../motors/Src/motors.c:28:29: warning: variable 'txHeader' set but not used [-Wunused-but-set-variable]
   28 |         CAN_TxHeaderTypeDef txHeader;
      |                             ^~~~~~~~
../motors/Src/motors.c:23:13: warning: unused variable 'sanity_count' [-Wunused-variable]
   23 |         int sanity_count =0;
      |             ^~~~~~~~~~~~
arm-none-eabi-gcc -o "ROBOT_DEV.elf" @"objects.list"   -mcpu=cortex-m4 -T"/Users/bentjh01/Documents/FYP/RoboMasterDevBoard/RoboRTS-Firmware/ROBOT_DEV/STM32F427IIHX_FLASH.ld" --specs=nosys.specs -Wl,-Map="ROBOT_DEV.map" -Wl,--gc-sections -static --specs=nano.specs -mfpu=fpv4-sp-d16 -mfloat-abi=hard -mthumb -Wl,--start-group -lc -lm -Wl,--end-group
Finished building target: ROBOT_DEV.elf
 
arm-none-eabi-size  ROBOT_DEV.elf 
arm-none-eabi-objdump -h -S ROBOT_DEV.elf  > "ROBOT_DEV.list"
   text	   data	    bss	    dec	    hex	filename
  43336	    344	  28160	  71840	  118a0	ROBOT_DEV.elf
Finished building: default.size.stdout
 
Finished building: ROBOT_DEV.list
 
08:13:10 **** Incremental Build of configuration Debug for project ROBOT_DEV ****
make -j7 all 
arm-none-eabi-gcc "../motors/Src/motors.c" -mcpu=cortex-m4 -std=gnu11 -g3 -DDEBUG -DUSE_HAL_DRIVER -DSTM32F427xx -c -I../Core/Inc -I../USB_DEVICE/App -I../USB_DEVICE/Target -I../Drivers/STM32F4xx_HAL_Driver/Inc -I../Drivers/STM32F4xx_HAL_Driver/Inc/Legacy -I../Middlewares/Third_Party/FreeRTOS/Source/include -I../Middlewares/Third_Party/FreeRTOS/Source/CMSIS_RTOS_V2 -I../Middlewares/Third_Party/FreeRTOS/Source/portable/GCC/ARM_CM4F -I../Middlewares/ST/STM32_USB_Device_Library/Core/Inc -I../Middlewares/ST/STM32_USB_Device_Library/Class/CDC/Inc -I../Drivers/CMSIS/Device/ST/STM32F4xx/Include -I../Drivers/CMSIS/Include -I../motors/Inc -I../applications -O0 -ffunction-sections -fdata-sections -Wall -fstack-usage -fcyclomatic-complexity -MMD -MP -MF"motors/Src/motors.d" -MT"motors/Src/motors.o" --specs=nano.specs -mfpu=fpv4-sp-d16 -mfloat-abi=hard -mthumb -o "motors/Src/motors.o"
../motors/Src/motors.c: In function 'motors_task':
../motors/Src/motors.c:34:17: warning: unused variable 'current' [-Wunused-variable]
   34 |         int16_t current = 0;
      |                 ^~~~~~~
../motors/Src/motors.c:33:25: warning: unused variable 'moto1' [-Wunused-variable]
   33 |         motor_measure_t moto1;
      |                         ^~~~~
../motors/Src/motors.c:32:18: warning: unused variable 'txMailbox' [-Wunused-variable]
   32 |         uint32_t txMailbox;
      |                  ^~~~~~~~~
../motors/Src/motors.c:31:17: warning: unused variable 'rxData' [-Wunused-variable]
   31 |         uint8_t rxData[8];
      |                 ^~~~~~
../motors/Src/motors.c:30:17: warning: variable 'txData' set but not used [-Wunused-but-set-variable]
   30 |         uint8_t txData[8];
      |                 ^~~~~~
../motors/Src/motors.c:29:29: warning: unused variable 'rxHeader' [-Wunused-variable]
   29 |         CAN_RxHeaderTypeDef rxHeader;
      |                             ^~~~~~~~
../motors/Src/motors.c:28:29: warning: variable 'txHeader' set but not used [-Wunused-but-set-variable]
   28 |         CAN_TxHeaderTypeDef txHeader;
      |                             ^~~~~~~~
../motors/Src/motors.c:23:13: warning: unused variable 'sanity_count' [-Wunused-variable]
   23 |         int sanity_count =0;
      |             ^~~~~~~~~~~~
arm-none-eabi-gcc -o "ROBOT_DEV.elf" @"objects.list"   -mcpu=cortex-m4 -T"/Users/bentjh01/Documents/FYP/RoboMasterDevBoard/RoboRTS-Firmware/ROBOT_DEV/STM32F427IIHX_FLASH.ld" --specs=nosys.specs -Wl,-Map="ROBOT_DEV.map" -Wl,--gc-sections -static --specs=nano.specs -mfpu=fpv4-sp-d16 -mfloat-abi=hard -mthumb -Wl,--start-group -lc -lm -Wl,--end-group
Finished building target: ROBOT_DEV.elf
 
arm-none-eabi-size  ROBOT_DEV.elf 
arm-none-eabi-objdump -h -S ROBOT_DEV.elf  > "ROBOT_DEV.list"
   text	   data	    bss	    dec	    hex	filename
  43336	    344	  28160	  71840	  118a0	ROBOT_DEV.elf
Finished building: default.size.stdout
 
Finished building: ROBOT_DEV.list
 
08:13:45 **** Incremental Build of configuration Debug for project ROBOT_DEV ****
make -j7 all 
arm-none-eabi-gcc "../motors/Src/motors.c" -mcpu=cortex-m4 -std=gnu11 -g3 -DDEBUG -DUSE_HAL_DRIVER -DSTM32F427xx -c -I../Core/Inc -I../USB_DEVICE/App -I../USB_DEVICE/Target -I../Drivers/STM32F4xx_HAL_Driver/Inc -I../Drivers/STM32F4xx_HAL_Driver/Inc/Legacy -I../Middlewares/Third_Party/FreeRTOS/Source/include -I../Middlewares/Third_Party/FreeRTOS/Source/CMSIS_RTOS_V2 -I../Middlewares/Third_Party/FreeRTOS/Source/portable/GCC/ARM_CM4F -I../Middlewares/ST/STM32_USB_Device_Library/Core/Inc -I../Middlewares/ST/STM32_USB_Device_Library/Class/CDC/Inc -I../Drivers/CMSIS/Device/ST/STM32F4xx/Include -I../Drivers/CMSIS/Include -I../motors/Inc -I../applications -O0 -ffunction-sections -fdata-sections -Wall -fstack-usage -fcyclomatic-complexity -MMD -MP -MF"motors/Src/motors.d" -MT"motors/Src/motors.o" --specs=nano.specs -mfpu=fpv4-sp-d16 -mfloat-abi=hard -mthumb -o "motors/Src/motors.o"
../motors/Src/motors.c: In function 'motors_task':
../motors/Src/motors.c:34:17: warning: unused variable 'current' [-Wunused-variable]
   34 |         int16_t current = 0;
      |                 ^~~~~~~
../motors/Src/motors.c:33:25: warning: unused variable 'moto1' [-Wunused-variable]
   33 |         motor_measure_t moto1;
      |                         ^~~~~
../motors/Src/motors.c:32:18: warning: unused variable 'txMailbox' [-Wunused-variable]
   32 |         uint32_t txMailbox;
      |                  ^~~~~~~~~
../motors/Src/motors.c:31:17: warning: unused variable 'rxData' [-Wunused-variable]
   31 |         uint8_t rxData[8];
      |                 ^~~~~~
../motors/Src/motors.c:30:17: warning: variable 'txData' set but not used [-Wunused-but-set-variable]
   30 |         uint8_t txData[8];
      |                 ^~~~~~
../motors/Src/motors.c:29:29: warning: unused variable 'rxHeader' [-Wunused-variable]
   29 |         CAN_RxHeaderTypeDef rxHeader;
      |                             ^~~~~~~~
../motors/Src/motors.c:28:29: warning: variable 'txHeader' set but not used [-Wunused-but-set-variable]
   28 |         CAN_TxHeaderTypeDef txHeader;
      |                             ^~~~~~~~
../motors/Src/motors.c:23:13: warning: unused variable 'sanity_count' [-Wunused-variable]
   23 |         int sanity_count =0;
      |             ^~~~~~~~~~~~
arm-none-eabi-gcc -o "ROBOT_DEV.elf" @"objects.list"   -mcpu=cortex-m4 -T"/Users/bentjh01/Documents/FYP/RoboMasterDevBoard/RoboRTS-Firmware/ROBOT_DEV/STM32F427IIHX_FLASH.ld" --specs=nosys.specs -Wl,-Map="ROBOT_DEV.map" -Wl,--gc-sections -static --specs=nano.specs -mfpu=fpv4-sp-d16 -mfloat-abi=hard -mthumb -Wl,--start-group -lc -lm -Wl,--end-group
Finished building target: ROBOT_DEV.elf
 
arm-none-eabi-size  ROBOT_DEV.elf 
arm-none-eabi-objdump -h -S ROBOT_DEV.elf  > "ROBOT_DEV.list"
   text	   data	    bss	    dec	    hex	filename
  43336	    344	  28160	  71840	  118a0	ROBOT_DEV.elf
Finished building: default.size.stdout
 
Finished building: ROBOT_DEV.list
 
08:14:08 **** Incremental Build of configuration Debug for project ROBOT_DEV ****
make -j7 all 
arm-none-eabi-gcc "../motors/Src/motors.c" -mcpu=cortex-m4 -std=gnu11 -g3 -DDEBUG -DUSE_HAL_DRIVER -DSTM32F427xx -c -I../Core/Inc -I../USB_DEVICE/App -I../USB_DEVICE/Target -I../Drivers/STM32F4xx_HAL_Driver/Inc -I../Drivers/STM32F4xx_HAL_Driver/Inc/Legacy -I../Middlewares/Third_Party/FreeRTOS/Source/include -I../Middlewares/Third_Party/FreeRTOS/Source/CMSIS_RTOS_V2 -I../Middlewares/Third_Party/FreeRTOS/Source/portable/GCC/ARM_CM4F -I../Middlewares/ST/STM32_USB_Device_Library/Core/Inc -I../Middlewares/ST/STM32_USB_Device_Library/Class/CDC/Inc -I../Drivers/CMSIS/Device/ST/STM32F4xx/Include -I../Drivers/CMSIS/Include -I../motors/Inc -I../applications -O0 -ffunction-sections -fdata-sections -Wall -fstack-usage -fcyclomatic-complexity -MMD -MP -MF"motors/Src/motors.d" -MT"motors/Src/motors.o" --specs=nano.specs -mfpu=fpv4-sp-d16 -mfloat-abi=hard -mthumb -o "motors/Src/motors.o"
../motors/Src/motors.c: In function 'motors_task':
../motors/Src/motors.c:34:17: warning: unused variable 'current' [-Wunused-variable]
   34 |         int16_t current = 0;
      |                 ^~~~~~~
../motors/Src/motors.c:33:25: warning: unused variable 'moto1' [-Wunused-variable]
   33 |         motor_measure_t moto1;
      |                         ^~~~~
../motors/Src/motors.c:32:18: warning: unused variable 'txMailbox' [-Wunused-variable]
   32 |         uint32_t txMailbox;
      |                  ^~~~~~~~~
../motors/Src/motors.c:31:17: warning: unused variable 'rxData' [-Wunused-variable]
   31 |         uint8_t rxData[8];
      |                 ^~~~~~
../motors/Src/motors.c:30:17: warning: variable 'txData' set but not used [-Wunused-but-set-variable]
   30 |         uint8_t txData[8];
      |                 ^~~~~~
../motors/Src/motors.c:29:29: warning: unused variable 'rxHeader' [-Wunused-variable]
   29 |         CAN_RxHeaderTypeDef rxHeader;
      |                             ^~~~~~~~
../motors/Src/motors.c:28:29: warning: variable 'txHeader' set but not used [-Wunused-but-set-variable]
   28 |         CAN_TxHeaderTypeDef txHeader;
      |                             ^~~~~~~~
../motors/Src/motors.c:23:13: warning: unused variable 'sanity_count' [-Wunused-variable]
   23 |         int sanity_count =0;
      |             ^~~~~~~~~~~~
arm-none-eabi-gcc -o "ROBOT_DEV.elf" @"objects.list"   -mcpu=cortex-m4 -T"/Users/bentjh01/Documents/FYP/RoboMasterDevBoard/RoboRTS-Firmware/ROBOT_DEV/STM32F427IIHX_FLASH.ld" --specs=nosys.specs -Wl,-Map="ROBOT_DEV.map" -Wl,--gc-sections -static --specs=nano.specs -mfpu=fpv4-sp-d16 -mfloat-abi=hard -mthumb -Wl,--start-group -lc -lm -Wl,--end-group
Finished building target: ROBOT_DEV.elf
 
arm-none-eabi-size  ROBOT_DEV.elf 
arm-none-eabi-objdump -h -S ROBOT_DEV.elf  > "ROBOT_DEV.list"
   text	   data	    bss	    dec	    hex	filename
  43336	    344	  28160	  71840	  118a0	ROBOT_DEV.elf
Finished building: default.size.stdout
 
Finished building: ROBOT_DEV.list
 
08:23:50 **** Incremental Build of configuration Debug for project ROBOT_DEV ****
make -j7 all 
arm-none-eabi-gcc "../motors/Src/motors.c" -mcpu=cortex-m4 -std=gnu11 -g3 -DDEBUG -DUSE_HAL_DRIVER -DSTM32F427xx -c -I../Core/Inc -I../USB_DEVICE/App -I../USB_DEVICE/Target -I../Drivers/STM32F4xx_HAL_Driver/Inc -I../Drivers/STM32F4xx_HAL_Driver/Inc/Legacy -I../Middlewares/Third_Party/FreeRTOS/Source/include -I../Middlewares/Third_Party/FreeRTOS/Source/CMSIS_RTOS_V2 -I../Middlewares/Third_Party/FreeRTOS/Source/portable/GCC/ARM_CM4F -I../Middlewares/ST/STM32_USB_Device_Library/Core/Inc -I../Middlewares/ST/STM32_USB_Device_Library/Class/CDC/Inc -I../Drivers/CMSIS/Device/ST/STM32F4xx/Include -I../Drivers/CMSIS/Include -I../motors/Inc -I../applications -O0 -ffunction-sections -fdata-sections -Wall -fstack-usage -fcyclomatic-complexity -MMD -MP -MF"motors/Src/motors.d" -MT"motors/Src/motors.o" --specs=nano.specs -mfpu=fpv4-sp-d16 -mfloat-abi=hard -mthumb -o "motors/Src/motors.o"
../motors/Src/motors.c: In function 'motors_task':
../motors/Src/motors.c:34:17: warning: unused variable 'current' [-Wunused-variable]
   34 |         int16_t current = 0;
      |                 ^~~~~~~
../motors/Src/motors.c:33:25: warning: unused variable 'moto1' [-Wunused-variable]
   33 |         motor_measure_t moto1;
      |                         ^~~~~
../motors/Src/motors.c:32:18: warning: unused variable 'txMailbox' [-Wunused-variable]
   32 |         uint32_t txMailbox;
      |                  ^~~~~~~~~
../motors/Src/motors.c:31:17: warning: unused variable 'rxData' [-Wunused-variable]
   31 |         uint8_t rxData[8];
      |                 ^~~~~~
../motors/Src/motors.c:30:17: warning: variable 'txData' set but not used [-Wunused-but-set-variable]
   30 |         uint8_t txData[8];
      |                 ^~~~~~
../motors/Src/motors.c:29:29: warning: unused variable 'rxHeader' [-Wunused-variable]
   29 |         CAN_RxHeaderTypeDef rxHeader;
      |                             ^~~~~~~~
../motors/Src/motors.c:28:29: warning: variable 'txHeader' set but not used [-Wunused-but-set-variable]
   28 |         CAN_TxHeaderTypeDef txHeader;
      |                             ^~~~~~~~
../motors/Src/motors.c:23:13: warning: unused variable 'sanity_count' [-Wunused-variable]
   23 |         int sanity_count =0;
      |             ^~~~~~~~~~~~
arm-none-eabi-gcc -o "ROBOT_DEV.elf" @"objects.list"   -mcpu=cortex-m4 -T"/Users/bentjh01/Documents/FYP/RoboMasterDevBoard/RoboRTS-Firmware/ROBOT_DEV/STM32F427IIHX_FLASH.ld" --specs=nosys.specs -Wl,-Map="ROBOT_DEV.map" -Wl,--gc-sections -static --specs=nano.specs -mfpu=fpv4-sp-d16 -mfloat-abi=hard -mthumb -Wl,--start-group -lc -lm -Wl,--end-group
Finished building target: ROBOT_DEV.elf
 
arm-none-eabi-size  ROBOT_DEV.elf 
arm-none-eabi-objdump -h -S ROBOT_DEV.elf  > "ROBOT_DEV.list"
   text	   data	    bss	    dec	    hex	filename
  43336	    344	  28160	  71840	  118a0	ROBOT_DEV.elf
Finished building: default.size.stdout
 
Finished building: ROBOT_DEV.list
 
08:26:48 **** Incremental Build of configuration Debug for project ROBOT_DEV ****
make -j7 all 
arm-none-eabi-gcc "../motors/Src/motors.c" -mcpu=cortex-m4 -std=gnu11 -g3 -DDEBUG -DUSE_HAL_DRIVER -DSTM32F427xx -c -I../Core/Inc -I../USB_DEVICE/App -I../USB_DEVICE/Target -I../Drivers/STM32F4xx_HAL_Driver/Inc -I../Drivers/STM32F4xx_HAL_Driver/Inc/Legacy -I../Middlewares/Third_Party/FreeRTOS/Source/include -I../Middlewares/Third_Party/FreeRTOS/Source/CMSIS_RTOS_V2 -I../Middlewares/Third_Party/FreeRTOS/Source/portable/GCC/ARM_CM4F -I../Middlewares/ST/STM32_USB_Device_Library/Core/Inc -I../Middlewares/ST/STM32_USB_Device_Library/Class/CDC/Inc -I../Drivers/CMSIS/Device/ST/STM32F4xx/Include -I../Drivers/CMSIS/Include -I../motors/Inc -I../applications -O0 -ffunction-sections -fdata-sections -Wall -fstack-usage -fcyclomatic-complexity -MMD -MP -MF"motors/Src/motors.d" -MT"motors/Src/motors.o" --specs=nano.specs -mfpu=fpv4-sp-d16 -mfloat-abi=hard -mthumb -o "motors/Src/motors.o"
arm-none-eabi-gcc "../applications/init.c" -mcpu=cortex-m4 -std=gnu11 -g3 -DDEBUG -DUSE_HAL_DRIVER -DSTM32F427xx -c -I../Core/Inc -I../USB_DEVICE/App -I../USB_DEVICE/Target -I../Drivers/STM32F4xx_HAL_Driver/Inc -I../Drivers/STM32F4xx_HAL_Driver/Inc/Legacy -I../Middlewares/Third_Party/FreeRTOS/Source/include -I../Middlewares/Third_Party/FreeRTOS/Source/CMSIS_RTOS_V2 -I../Middlewares/Third_Party/FreeRTOS/Source/portable/GCC/ARM_CM4F -I../Middlewares/ST/STM32_USB_Device_Library/Core/Inc -I../Middlewares/ST/STM32_USB_Device_Library/Class/CDC/Inc -I../Drivers/CMSIS/Device/ST/STM32F4xx/Include -I../Drivers/CMSIS/Include -I../motors/Inc -I../applications -O0 -ffunction-sections -fdata-sections -Wall -fstack-usage -fcyclomatic-complexity -MMD -MP -MF"applications/init.d" -MT"applications/init.o" --specs=nano.specs -mfpu=fpv4-sp-d16 -mfloat-abi=hard -mthumb -o "applications/init.o"
arm-none-eabi-gcc "../Core/Src/main.c" -mcpu=cortex-m4 -std=gnu11 -g3 -DDEBUG -DUSE_HAL_DRIVER -DSTM32F427xx -c -I../Core/Inc -I../USB_DEVICE/App -I../USB_DEVICE/Target -I../Drivers/STM32F4xx_HAL_Driver/Inc -I../Drivers/STM32F4xx_HAL_Driver/Inc/Legacy -I../Middlewares/Third_Party/FreeRTOS/Source/include -I../Middlewares/Third_Party/FreeRTOS/Source/CMSIS_RTOS_V2 -I../Middlewares/Third_Party/FreeRTOS/Source/portable/GCC/ARM_CM4F -I../Middlewares/ST/STM32_USB_Device_Library/Core/Inc -I../Middlewares/ST/STM32_USB_Device_Library/Class/CDC/Inc -I../Drivers/CMSIS/Device/ST/STM32F4xx/Include -I../Drivers/CMSIS/Include -I../motors/Inc -I../applications -O0 -ffunction-sections -fdata-sections -Wall -fstack-usage -fcyclomatic-complexity -MMD -MP -MF"Core/Src/main.d" -MT"Core/Src/main.o" --specs=nano.specs -mfpu=fpv4-sp-d16 -mfloat-abi=hard -mthumb -o "Core/Src/main.o"
../motors/Src/motors.c: In function 'motors_task':
../motors/Src/motors.c:33:25: warning: unused variable 'moto1' [-Wunused-variable]
   33 |         motor_measure_t moto1;
      |                         ^~~~~
../motors/Src/motors.c:31:17: warning: unused variable 'rxData' [-Wunused-variable]
   31 |         uint8_t rxData[8];
      |                 ^~~~~~
../motors/Src/motors.c:29:29: warning: unused variable 'rxHeader' [-Wunused-variable]
   29 |         CAN_RxHeaderTypeDef rxHeader;
      |                             ^~~~~~~~
arm-none-eabi-gcc -o "ROBOT_DEV.elf" @"objects.list"   -mcpu=cortex-m4 -T"/Users/bentjh01/Documents/FYP/RoboMasterDevBoard/RoboRTS-Firmware/ROBOT_DEV/STM32F427IIHX_FLASH.ld" --specs=nosys.specs -Wl,-Map="ROBOT_DEV.map" -Wl,--gc-sections -static --specs=nano.specs -mfpu=fpv4-sp-d16 -mfloat-abi=hard -mthumb -Wl,--start-group -lc -lm -Wl,--end-group
Finished building target: ROBOT_DEV.elf
 
arm-none-eabi-size  ROBOT_DEV.elf 
arm-none-eabi-objdump -h -S ROBOT_DEV.elf  > "ROBOT_DEV.list"
   text	   data	    bss	    dec	    hex	filename
  43884	    344	  28160	  72388	  11ac4	ROBOT_DEV.elf
Finished building: default.size.stdout
 
Finished building: ROBOT_DEV.list
 
08:27:22 **** Incremental Build of configuration Debug for project ROBOT_DEV ****
make -j7 all 
arm-none-eabi-gcc "../motors/Src/motors.c" -mcpu=cortex-m4 -std=gnu11 -g3 -DDEBUG -DUSE_HAL_DRIVER -DSTM32F427xx -c -I../Core/Inc -I../USB_DEVICE/App -I../USB_DEVICE/Target -I../Drivers/STM32F4xx_HAL_Driver/Inc -I../Drivers/STM32F4xx_HAL_Driver/Inc/Legacy -I../Middlewares/Third_Party/FreeRTOS/Source/include -I../Middlewares/Third_Party/FreeRTOS/Source/CMSIS_RTOS_V2 -I../Middlewares/Third_Party/FreeRTOS/Source/portable/GCC/ARM_CM4F -I../Middlewares/ST/STM32_USB_Device_Library/Core/Inc -I../Middlewares/ST/STM32_USB_Device_Library/Class/CDC/Inc -I../Drivers/CMSIS/Device/ST/STM32F4xx/Include -I../Drivers/CMSIS/Include -I../motors/Inc -I../applications -O0 -ffunction-sections -fdata-sections -Wall -fstack-usage -fcyclomatic-complexity -MMD -MP -MF"motors/Src/motors.d" -MT"motors/Src/motors.o" --specs=nano.specs -mfpu=fpv4-sp-d16 -mfloat-abi=hard -mthumb -o "motors/Src/motors.o"
../motors/Src/motors.c: In function 'motors_task':
../motors/Src/motors.c:33:25: warning: unused variable 'moto1' [-Wunused-variable]
   33 |         motor_measure_t moto1;
      |                         ^~~~~
../motors/Src/motors.c:31:17: warning: unused variable 'rxData' [-Wunused-variable]
   31 |         uint8_t rxData[8];
      |                 ^~~~~~
../motors/Src/motors.c:29:29: warning: unused variable 'rxHeader' [-Wunused-variable]
   29 |         CAN_RxHeaderTypeDef rxHeader;
      |                             ^~~~~~~~
arm-none-eabi-gcc -o "ROBOT_DEV.elf" @"objects.list"   -mcpu=cortex-m4 -T"/Users/bentjh01/Documents/FYP/RoboMasterDevBoard/RoboRTS-Firmware/ROBOT_DEV/STM32F427IIHX_FLASH.ld" --specs=nosys.specs -Wl,-Map="ROBOT_DEV.map" -Wl,--gc-sections -static --specs=nano.specs -mfpu=fpv4-sp-d16 -mfloat-abi=hard -mthumb -Wl,--start-group -lc -lm -Wl,--end-group
Finished building target: ROBOT_DEV.elf
 
arm-none-eabi-size  ROBOT_DEV.elf 
arm-none-eabi-objdump -h -S ROBOT_DEV.elf  > "ROBOT_DEV.list"
   text	   data	    bss	    dec	    hex	filename
  43884	    344	  28160	  72388	  11ac4	ROBOT_DEV.elf
Finished building: default.size.stdout
 
Finished building: ROBOT_DEV.list
 
08:28:00 **** Incremental Build of configuration Debug for project ROBOT_DEV ****
make -j7 all 
arm-none-eabi-size  ROBOT_DEV.elf 
   text	   data	    bss	    dec	    hex	filename
  43884	    344	  28160	  72388	  11ac4	ROBOT_DEV.elf
Finished building: default.size.stdout
 
08:33:49 **** Incremental Build of configuration Debug for project ROBOT_DEV ****
make -j7 all 
arm-none-eabi-gcc "../motors/Src/motors.c" -mcpu=cortex-m4 -std=gnu11 -g3 -DDEBUG -DUSE_HAL_DRIVER -DSTM32F427xx -c -I../Core/Inc -I../USB_DEVICE/App -I../USB_DEVICE/Target -I../Drivers/STM32F4xx_HAL_Driver/Inc -I../Drivers/STM32F4xx_HAL_Driver/Inc/Legacy -I../Middlewares/Third_Party/FreeRTOS/Source/include -I../Middlewares/Third_Party/FreeRTOS/Source/CMSIS_RTOS_V2 -I../Middlewares/Third_Party/FreeRTOS/Source/portable/GCC/ARM_CM4F -I../Middlewares/ST/STM32_USB_Device_Library/Core/Inc -I../Middlewares/ST/STM32_USB_Device_Library/Class/CDC/Inc -I../Drivers/CMSIS/Device/ST/STM32F4xx/Include -I../Drivers/CMSIS/Include -I../motors/Inc -I../applications -O0 -ffunction-sections -fdata-sections -Wall -fstack-usage -fcyclomatic-complexity -MMD -MP -MF"motors/Src/motors.d" -MT"motors/Src/motors.o" --specs=nano.specs -mfpu=fpv4-sp-d16 -mfloat-abi=hard -mthumb -o "motors/Src/motors.o"
arm-none-eabi-gcc "../Core/Src/main.c" -mcpu=cortex-m4 -std=gnu11 -g3 -DDEBUG -DUSE_HAL_DRIVER -DSTM32F427xx -c -I../Core/Inc -I../USB_DEVICE/App -I../USB_DEVICE/Target -I../Drivers/STM32F4xx_HAL_Driver/Inc -I../Drivers/STM32F4xx_HAL_Driver/Inc/Legacy -I../Middlewares/Third_Party/FreeRTOS/Source/include -I../Middlewares/Third_Party/FreeRTOS/Source/CMSIS_RTOS_V2 -I../Middlewares/Third_Party/FreeRTOS/Source/portable/GCC/ARM_CM4F -I../Middlewares/ST/STM32_USB_Device_Library/Core/Inc -I../Middlewares/ST/STM32_USB_Device_Library/Class/CDC/Inc -I../Drivers/CMSIS/Device/ST/STM32F4xx/Include -I../Drivers/CMSIS/Include -I../motors/Inc -I../applications -O0 -ffunction-sections -fdata-sections -Wall -fstack-usage -fcyclomatic-complexity -MMD -MP -MF"Core/Src/main.d" -MT"Core/Src/main.o" --specs=nano.specs -mfpu=fpv4-sp-d16 -mfloat-abi=hard -mthumb -o "Core/Src/main.o"
../motors/Src/motors.c: In function 'motors_task':
../motors/Src/motors.c:33:25: warning: unused variable 'moto1' [-Wunused-variable]
   33 |         motor_measure_t moto1;
      |                         ^~~~~
../motors/Src/motors.c:31:17: warning: unused variable 'rxData' [-Wunused-variable]
   31 |         uint8_t rxData[8];
      |                 ^~~~~~
../motors/Src/motors.c:29:29: warning: unused variable 'rxHeader' [-Wunused-variable]
   29 |         CAN_RxHeaderTypeDef rxHeader;
      |                             ^~~~~~~~
arm-none-eabi-gcc -o "ROBOT_DEV.elf" @"objects.list"   -mcpu=cortex-m4 -T"/Users/bentjh01/Documents/FYP/RoboMasterDevBoard/RoboRTS-Firmware/ROBOT_DEV/STM32F427IIHX_FLASH.ld" --specs=nosys.specs -Wl,-Map="ROBOT_DEV.map" -Wl,--gc-sections -static --specs=nano.specs -mfpu=fpv4-sp-d16 -mfloat-abi=hard -mthumb -Wl,--start-group -lc -lm -Wl,--end-group
Finished building target: ROBOT_DEV.elf
 
arm-none-eabi-size  ROBOT_DEV.elf 
arm-none-eabi-objdump -h -S ROBOT_DEV.elf  > "ROBOT_DEV.list"
   text	   data	    bss	    dec	    hex	filename
  43900	    344	  28160	  72404	  11ad4	ROBOT_DEV.elf
Finished building: default.size.stdout
 
Finished building: ROBOT_DEV.list
 
08:34:46 **** Incremental Build of configuration Debug for project ROBOT_DEV ****
make -j7 all 
arm-none-eabi-gcc "../motors/Src/motors.c" -mcpu=cortex-m4 -std=gnu11 -g3 -DDEBUG -DUSE_HAL_DRIVER -DSTM32F427xx -c -I../Core/Inc -I../USB_DEVICE/App -I../USB_DEVICE/Target -I../Drivers/STM32F4xx_HAL_Driver/Inc -I../Drivers/STM32F4xx_HAL_Driver/Inc/Legacy -I../Middlewares/Third_Party/FreeRTOS/Source/include -I../Middlewares/Third_Party/FreeRTOS/Source/CMSIS_RTOS_V2 -I../Middlewares/Third_Party/FreeRTOS/Source/portable/GCC/ARM_CM4F -I../Middlewares/ST/STM32_USB_Device_Library/Core/Inc -I../Middlewares/ST/STM32_USB_Device_Library/Class/CDC/Inc -I../Drivers/CMSIS/Device/ST/STM32F4xx/Include -I../Drivers/CMSIS/Include -I../motors/Inc -I../applications -O0 -ffunction-sections -fdata-sections -Wall -fstack-usage -fcyclomatic-complexity -MMD -MP -MF"motors/Src/motors.d" -MT"motors/Src/motors.o" --specs=nano.specs -mfpu=fpv4-sp-d16 -mfloat-abi=hard -mthumb -o "motors/Src/motors.o"
../motors/Src/motors.c: In function 'motors_task':
../motors/Src/motors.c:33:25: warning: unused variable 'moto1' [-Wunused-variable]
   33 |         motor_measure_t moto1;
      |                         ^~~~~
../motors/Src/motors.c:31:17: warning: unused variable 'rxData' [-Wunused-variable]
   31 |         uint8_t rxData[8];
      |                 ^~~~~~
../motors/Src/motors.c:29:29: warning: unused variable 'rxHeader' [-Wunused-variable]
   29 |         CAN_RxHeaderTypeDef rxHeader;
      |                             ^~~~~~~~
arm-none-eabi-gcc -o "ROBOT_DEV.elf" @"objects.list"   -mcpu=cortex-m4 -T"/Users/bentjh01/Documents/FYP/RoboMasterDevBoard/RoboRTS-Firmware/ROBOT_DEV/STM32F427IIHX_FLASH.ld" --specs=nosys.specs -Wl,-Map="ROBOT_DEV.map" -Wl,--gc-sections -static --specs=nano.specs -mfpu=fpv4-sp-d16 -mfloat-abi=hard -mthumb -Wl,--start-group -lc -lm -Wl,--end-group
Finished building target: ROBOT_DEV.elf
 
arm-none-eabi-size  ROBOT_DEV.elf 
arm-none-eabi-objdump -h -S ROBOT_DEV.elf  > "ROBOT_DEV.list"
   text	   data	    bss	    dec	    hex	filename
  43884	    344	  28160	  72388	  11ac4	ROBOT_DEV.elf
Finished building: default.size.stdout
 
Finished building: ROBOT_DEV.list
 
08:41:59 **** Incremental Build of configuration Debug for project ROBOT_DEV ****
make -j7 all 
arm-none-eabi-gcc "../motors/Src/motors.c" -mcpu=cortex-m4 -std=gnu11 -g3 -DDEBUG -DUSE_HAL_DRIVER -DSTM32F427xx -c -I../Core/Inc -I../USB_DEVICE/App -I../USB_DEVICE/Target -I../Drivers/STM32F4xx_HAL_Driver/Inc -I../Drivers/STM32F4xx_HAL_Driver/Inc/Legacy -I../Middlewares/Third_Party/FreeRTOS/Source/include -I../Middlewares/Third_Party/FreeRTOS/Source/CMSIS_RTOS_V2 -I../Middlewares/Third_Party/FreeRTOS/Source/portable/GCC/ARM_CM4F -I../Middlewares/ST/STM32_USB_Device_Library/Core/Inc -I../Middlewares/ST/STM32_USB_Device_Library/Class/CDC/Inc -I../Drivers/CMSIS/Device/ST/STM32F4xx/Include -I../Drivers/CMSIS/Include -I../motors/Inc -I../applications -O0 -ffunction-sections -fdata-sections -Wall -fstack-usage -fcyclomatic-complexity -MMD -MP -MF"motors/Src/motors.d" -MT"motors/Src/motors.o" --specs=nano.specs -mfpu=fpv4-sp-d16 -mfloat-abi=hard -mthumb -o "motors/Src/motors.o"
../motors/Src/motors.c: In function 'motors_task':
../motors/Src/motors.c:33:25: warning: unused variable 'moto1' [-Wunused-variable]
   33 |         motor_measure_t moto1;
      |                         ^~~~~
../motors/Src/motors.c:31:17: warning: unused variable 'rxData' [-Wunused-variable]
   31 |         uint8_t rxData[8];
      |                 ^~~~~~
../motors/Src/motors.c:29:29: warning: unused variable 'rxHeader' [-Wunused-variable]
   29 |         CAN_RxHeaderTypeDef rxHeader;
      |                             ^~~~~~~~
arm-none-eabi-gcc -o "ROBOT_DEV.elf" @"objects.list"   -mcpu=cortex-m4 -T"/Users/bentjh01/Documents/FYP/RoboMasterDevBoard/RoboRTS-Firmware/ROBOT_DEV/STM32F427IIHX_FLASH.ld" --specs=nosys.specs -Wl,-Map="ROBOT_DEV.map" -Wl,--gc-sections -static --specs=nano.specs -mfpu=fpv4-sp-d16 -mfloat-abi=hard -mthumb -Wl,--start-group -lc -lm -Wl,--end-group
Finished building target: ROBOT_DEV.elf
 
arm-none-eabi-size  ROBOT_DEV.elf 
arm-none-eabi-objdump -h -S ROBOT_DEV.elf  > "ROBOT_DEV.list"
   text	   data	    bss	    dec	    hex	filename
  43888	    344	  28160	  72392	  11ac8	ROBOT_DEV.elf
Finished building: default.size.stdout
 
Finished building: ROBOT_DEV.list
 
08:42:29 **** Incremental Build of configuration Debug for project ROBOT_DEV ****
make -j7 all 
arm-none-eabi-gcc "../motors/Src/motors.c" -mcpu=cortex-m4 -std=gnu11 -g3 -DDEBUG -DUSE_HAL_DRIVER -DSTM32F427xx -c -I../Core/Inc -I../USB_DEVICE/App -I../USB_DEVICE/Target -I../Drivers/STM32F4xx_HAL_Driver/Inc -I../Drivers/STM32F4xx_HAL_Driver/Inc/Legacy -I../Middlewares/Third_Party/FreeRTOS/Source/include -I../Middlewares/Third_Party/FreeRTOS/Source/CMSIS_RTOS_V2 -I../Middlewares/Third_Party/FreeRTOS/Source/portable/GCC/ARM_CM4F -I../Middlewares/ST/STM32_USB_Device_Library/Core/Inc -I../Middlewares/ST/STM32_USB_Device_Library/Class/CDC/Inc -I../Drivers/CMSIS/Device/ST/STM32F4xx/Include -I../Drivers/CMSIS/Include -I../motors/Inc -I../applications -O0 -ffunction-sections -fdata-sections -Wall -fstack-usage -fcyclomatic-complexity -MMD -MP -MF"motors/Src/motors.d" -MT"motors/Src/motors.o" --specs=nano.specs -mfpu=fpv4-sp-d16 -mfloat-abi=hard -mthumb -o "motors/Src/motors.o"
../motors/Src/motors.c: In function 'motors_task':
../motors/Src/motors.c:33:25: warning: unused variable 'moto1' [-Wunused-variable]
   33 |         motor_measure_t moto1;
      |                         ^~~~~
../motors/Src/motors.c:31:17: warning: unused variable 'rxData' [-Wunused-variable]
   31 |         uint8_t rxData[8];
      |                 ^~~~~~
../motors/Src/motors.c:29:29: warning: unused variable 'rxHeader' [-Wunused-variable]
   29 |         CAN_RxHeaderTypeDef rxHeader;
      |                             ^~~~~~~~
arm-none-eabi-gcc -o "ROBOT_DEV.elf" @"objects.list"   -mcpu=cortex-m4 -T"/Users/bentjh01/Documents/FYP/RoboMasterDevBoard/RoboRTS-Firmware/ROBOT_DEV/STM32F427IIHX_FLASH.ld" --specs=nosys.specs -Wl,-Map="ROBOT_DEV.map" -Wl,--gc-sections -static --specs=nano.specs -mfpu=fpv4-sp-d16 -mfloat-abi=hard -mthumb -Wl,--start-group -lc -lm -Wl,--end-group
Finished building target: ROBOT_DEV.elf
 
arm-none-eabi-size  ROBOT_DEV.elf 
arm-none-eabi-objdump -h -S ROBOT_DEV.elf  > "ROBOT_DEV.list"
   text	   data	    bss	    dec	    hex	filename
  43888	    344	  28160	  72392	  11ac8	ROBOT_DEV.elf
Finished building: default.size.stdout
 
Finished building: ROBOT_DEV.list
 
08:42:51 **** Incremental Build of configuration Debug for project ROBOT_DEV ****
make -j7 all 
arm-none-eabi-gcc "../motors/Src/motors.c" -mcpu=cortex-m4 -std=gnu11 -g3 -DDEBUG -DUSE_HAL_DRIVER -DSTM32F427xx -c -I../Core/Inc -I../USB_DEVICE/App -I../USB_DEVICE/Target -I../Drivers/STM32F4xx_HAL_Driver/Inc -I../Drivers/STM32F4xx_HAL_Driver/Inc/Legacy -I../Middlewares/Third_Party/FreeRTOS/Source/include -I../Middlewares/Third_Party/FreeRTOS/Source/CMSIS_RTOS_V2 -I../Middlewares/Third_Party/FreeRTOS/Source/portable/GCC/ARM_CM4F -I../Middlewares/ST/STM32_USB_Device_Library/Core/Inc -I../Middlewares/ST/STM32_USB_Device_Library/Class/CDC/Inc -I../Drivers/CMSIS/Device/ST/STM32F4xx/Include -I../Drivers/CMSIS/Include -I../motors/Inc -I../applications -O0 -ffunction-sections -fdata-sections -Wall -fstack-usage -fcyclomatic-complexity -MMD -MP -MF"motors/Src/motors.d" -MT"motors/Src/motors.o" --specs=nano.specs -mfpu=fpv4-sp-d16 -mfloat-abi=hard -mthumb -o "motors/Src/motors.o"
../motors/Src/motors.c: In function 'motors_task':
../motors/Src/motors.c:33:25: warning: unused variable 'moto1' [-Wunused-variable]
   33 |         motor_measure_t moto1;
      |                         ^~~~~
../motors/Src/motors.c:31:17: warning: unused variable 'rxData' [-Wunused-variable]
   31 |         uint8_t rxData[8];
      |                 ^~~~~~
../motors/Src/motors.c:29:29: warning: unused variable 'rxHeader' [-Wunused-variable]
   29 |         CAN_RxHeaderTypeDef rxHeader;
      |                             ^~~~~~~~
arm-none-eabi-gcc -o "ROBOT_DEV.elf" @"objects.list"   -mcpu=cortex-m4 -T"/Users/bentjh01/Documents/FYP/RoboMasterDevBoard/RoboRTS-Firmware/ROBOT_DEV/STM32F427IIHX_FLASH.ld" --specs=nosys.specs -Wl,-Map="ROBOT_DEV.map" -Wl,--gc-sections -static --specs=nano.specs -mfpu=fpv4-sp-d16 -mfloat-abi=hard -mthumb -Wl,--start-group -lc -lm -Wl,--end-group
Finished building target: ROBOT_DEV.elf
 
arm-none-eabi-size  ROBOT_DEV.elf 
arm-none-eabi-objdump -h -S ROBOT_DEV.elf  > "ROBOT_DEV.list"
   text	   data	    bss	    dec	    hex	filename
  43884	    344	  28160	  72388	  11ac4	ROBOT_DEV.elf
Finished building: default.size.stdout
 
Finished building: ROBOT_DEV.list
 
08:43:20 **** Incremental Build of configuration Debug for project ROBOT_DEV ****
make -j7 all 
arm-none-eabi-gcc "../motors/Src/motors.c" -mcpu=cortex-m4 -std=gnu11 -g3 -DDEBUG -DUSE_HAL_DRIVER -DSTM32F427xx -c -I../Core/Inc -I../USB_DEVICE/App -I../USB_DEVICE/Target -I../Drivers/STM32F4xx_HAL_Driver/Inc -I../Drivers/STM32F4xx_HAL_Driver/Inc/Legacy -I../Middlewares/Third_Party/FreeRTOS/Source/include -I../Middlewares/Third_Party/FreeRTOS/Source/CMSIS_RTOS_V2 -I../Middlewares/Third_Party/FreeRTOS/Source/portable/GCC/ARM_CM4F -I../Middlewares/ST/STM32_USB_Device_Library/Core/Inc -I../Middlewares/ST/STM32_USB_Device_Library/Class/CDC/Inc -I../Drivers/CMSIS/Device/ST/STM32F4xx/Include -I../Drivers/CMSIS/Include -I../motors/Inc -I../applications -O0 -ffunction-sections -fdata-sections -Wall -fstack-usage -fcyclomatic-complexity -MMD -MP -MF"motors/Src/motors.d" -MT"motors/Src/motors.o" --specs=nano.specs -mfpu=fpv4-sp-d16 -mfloat-abi=hard -mthumb -o "motors/Src/motors.o"
../motors/Src/motors.c: In function 'motors_task':
../motors/Src/motors.c:33:25: warning: unused variable 'moto1' [-Wunused-variable]
   33 |         motor_measure_t moto1;
      |                         ^~~~~
../motors/Src/motors.c:31:17: warning: unused variable 'rxData' [-Wunused-variable]
   31 |         uint8_t rxData[8];
      |                 ^~~~~~
../motors/Src/motors.c:29:29: warning: unused variable 'rxHeader' [-Wunused-variable]
   29 |         CAN_RxHeaderTypeDef rxHeader;
      |                             ^~~~~~~~
arm-none-eabi-gcc -o "ROBOT_DEV.elf" @"objects.list"   -mcpu=cortex-m4 -T"/Users/bentjh01/Documents/FYP/RoboMasterDevBoard/RoboRTS-Firmware/ROBOT_DEV/STM32F427IIHX_FLASH.ld" --specs=nosys.specs -Wl,-Map="ROBOT_DEV.map" -Wl,--gc-sections -static --specs=nano.specs -mfpu=fpv4-sp-d16 -mfloat-abi=hard -mthumb -Wl,--start-group -lc -lm -Wl,--end-group
Finished building target: ROBOT_DEV.elf
 
arm-none-eabi-size  ROBOT_DEV.elf 
arm-none-eabi-objdump -h -S ROBOT_DEV.elf  > "ROBOT_DEV.list"
   text	   data	    bss	    dec	    hex	filename
  43884	    344	  28160	  72388	  11ac4	ROBOT_DEV.elf
Finished building: default.size.stdout
 
Finished building: ROBOT_DEV.list
 
08:43:38 **** Incremental Build of configuration Debug for project ROBOT_DEV ****
make -j7 all 
arm-none-eabi-gcc "../motors/Src/motors.c" -mcpu=cortex-m4 -std=gnu11 -g3 -DDEBUG -DUSE_HAL_DRIVER -DSTM32F427xx -c -I../Core/Inc -I../USB_DEVICE/App -I../USB_DEVICE/Target -I../Drivers/STM32F4xx_HAL_Driver/Inc -I../Drivers/STM32F4xx_HAL_Driver/Inc/Legacy -I../Middlewares/Third_Party/FreeRTOS/Source/include -I../Middlewares/Third_Party/FreeRTOS/Source/CMSIS_RTOS_V2 -I../Middlewares/Third_Party/FreeRTOS/Source/portable/GCC/ARM_CM4F -I../Middlewares/ST/STM32_USB_Device_Library/Core/Inc -I../Middlewares/ST/STM32_USB_Device_Library/Class/CDC/Inc -I../Drivers/CMSIS/Device/ST/STM32F4xx/Include -I../Drivers/CMSIS/Include -I../motors/Inc -I../applications -O0 -ffunction-sections -fdata-sections -Wall -fstack-usage -fcyclomatic-complexity -MMD -MP -MF"motors/Src/motors.d" -MT"motors/Src/motors.o" --specs=nano.specs -mfpu=fpv4-sp-d16 -mfloat-abi=hard -mthumb -o "motors/Src/motors.o"
../motors/Src/motors.c: In function 'motors_task':
../motors/Src/motors.c:33:25: warning: unused variable 'moto1' [-Wunused-variable]
   33 |         motor_measure_t moto1;
      |                         ^~~~~
../motors/Src/motors.c:31:17: warning: unused variable 'rxData' [-Wunused-variable]
   31 |         uint8_t rxData[8];
      |                 ^~~~~~
../motors/Src/motors.c:29:29: warning: unused variable 'rxHeader' [-Wunused-variable]
   29 |         CAN_RxHeaderTypeDef rxHeader;
      |                             ^~~~~~~~
arm-none-eabi-gcc -o "ROBOT_DEV.elf" @"objects.list"   -mcpu=cortex-m4 -T"/Users/bentjh01/Documents/FYP/RoboMasterDevBoard/RoboRTS-Firmware/ROBOT_DEV/STM32F427IIHX_FLASH.ld" --specs=nosys.specs -Wl,-Map="ROBOT_DEV.map" -Wl,--gc-sections -static --specs=nano.specs -mfpu=fpv4-sp-d16 -mfloat-abi=hard -mthumb -Wl,--start-group -lc -lm -Wl,--end-group
Finished building target: ROBOT_DEV.elf
 
arm-none-eabi-size  ROBOT_DEV.elf 
arm-none-eabi-objdump -h -S ROBOT_DEV.elf  > "ROBOT_DEV.list"
   text	   data	    bss	    dec	    hex	filename
  43888	    344	  28160	  72392	  11ac8	ROBOT_DEV.elf
Finished building: default.size.stdout
 
Finished building: ROBOT_DEV.list
 
08:45:52 **** Incremental Build of configuration Debug for project ROBOT_DEV ****
make -j7 all 
arm-none-eabi-gcc "../motors/Src/motors.c" -mcpu=cortex-m4 -std=gnu11 -g3 -DDEBUG -DUSE_HAL_DRIVER -DSTM32F427xx -c -I../Core/Inc -I../USB_DEVICE/App -I../USB_DEVICE/Target -I../Drivers/STM32F4xx_HAL_Driver/Inc -I../Drivers/STM32F4xx_HAL_Driver/Inc/Legacy -I../Middlewares/Third_Party/FreeRTOS/Source/include -I../Middlewares/Third_Party/FreeRTOS/Source/CMSIS_RTOS_V2 -I../Middlewares/Third_Party/FreeRTOS/Source/portable/GCC/ARM_CM4F -I../Middlewares/ST/STM32_USB_Device_Library/Core/Inc -I../Middlewares/ST/STM32_USB_Device_Library/Class/CDC/Inc -I../Drivers/CMSIS/Device/ST/STM32F4xx/Include -I../Drivers/CMSIS/Include -I../motors/Inc -I../applications -O0 -ffunction-sections -fdata-sections -Wall -fstack-usage -fcyclomatic-complexity -MMD -MP -MF"motors/Src/motors.d" -MT"motors/Src/motors.o" --specs=nano.specs -mfpu=fpv4-sp-d16 -mfloat-abi=hard -mthumb -o "motors/Src/motors.o"
../motors/Src/motors.c: In function 'motors_task':
../motors/Src/motors.c:33:25: warning: unused variable 'moto1' [-Wunused-variable]
   33 |         motor_measure_t moto1;
      |                         ^~~~~
../motors/Src/motors.c:31:17: warning: unused variable 'rxData' [-Wunused-variable]
   31 |         uint8_t rxData[8];
      |                 ^~~~~~
../motors/Src/motors.c:29:29: warning: unused variable 'rxHeader' [-Wunused-variable]
   29 |         CAN_RxHeaderTypeDef rxHeader;
      |                             ^~~~~~~~
arm-none-eabi-gcc -o "ROBOT_DEV.elf" @"objects.list"   -mcpu=cortex-m4 -T"/Users/bentjh01/Documents/FYP/RoboMasterDevBoard/RoboRTS-Firmware/ROBOT_DEV/STM32F427IIHX_FLASH.ld" --specs=nosys.specs -Wl,-Map="ROBOT_DEV.map" -Wl,--gc-sections -static --specs=nano.specs -mfpu=fpv4-sp-d16 -mfloat-abi=hard -mthumb -Wl,--start-group -lc -lm -Wl,--end-group
Finished building target: ROBOT_DEV.elf
 
arm-none-eabi-size  ROBOT_DEV.elf 
arm-none-eabi-objdump -h -S ROBOT_DEV.elf  > "ROBOT_DEV.list"
   text	   data	    bss	    dec	    hex	filename
  43884	    344	  28160	  72388	  11ac4	ROBOT_DEV.elf
Finished building: default.size.stdout
 
Finished building: ROBOT_DEV.list
 
