12:51:25 **** Incremental Build of configuration Debug for project Motor ****
make -j7 all 
arm-none-eabi-gcc "../motors/Src/motors.c" -mcpu=cortex-m4 -std=gnu11 -g3 -DDEBUG -DUSE_HAL_DRIVER -DSTM32F427xx -c -I../motors/Inc -I../applications -I../bsp/cubemx/Core/Inc -I../bsp/cubemx/USB_DEVICE/App -I../bsp/cubemx/USB_DEVICE/Target -I../bsp/cubemx/Drivers/STM32F4xx_HAL_Driver/Inc -I../bsp/cubemx/Drivers/STM32F4xx_HAL_Driver/Inc/Legacy -I../bsp/cubemx/Middlewares/Third_Party/FreeRTOS/Source/include -I../bsp/cubemx/Middlewares/Third_Party/FreeRTOS/Source/CMSIS_RTOS_V2 -I../bsp/cubemx/Middlewares/Third_Party/FreeRTOS/Source/portable/GCC/ARM_CM4F -I../bsp/cubemx/Middlewares/ST/STM32_USB_Device_Library/Core/Inc -I../bsp/cubemx/Middlewares/ST/STM32_USB_Device_Library/Class/CDC/Inc -I../bsp/cubemx/Drivers/CMSIS/Device/ST/STM32F4xx/Include -I../bsp/cubemx/Drivers/CMSIS/Include -O0 -ffunction-sections -fdata-sections -Wall -fstack-usage -fcyclomatic-complexity -MMD -MP -MF"motors/Src/motors.d" -MT"motors/Src/motors.o" --specs=nano.specs -mfpu=fpv4-sp-d16 -mfloat-abi=hard -mthumb -o "motors/Src/motors.o"
arm-none-eabi-gcc "../bsp/cubemx/USB_DEVICE/Target/usbd_conf.c" -mcpu=cortex-m4 -std=gnu11 -g3 -DDEBUG -DUSE_HAL_DRIVER -DSTM32F427xx -c -I../motors/Inc -I../applications -I../bsp/cubemx/Core/Inc -I../bsp/cubemx/USB_DEVICE/App -I../bsp/cubemx/USB_DEVICE/Target -I../bsp/cubemx/Drivers/STM32F4xx_HAL_Driver/Inc -I../bsp/cubemx/Drivers/STM32F4xx_HAL_Driver/Inc/Legacy -I../bsp/cubemx/Middlewares/Third_Party/FreeRTOS/Source/include -I../bsp/cubemx/Middlewares/Third_Party/FreeRTOS/Source/CMSIS_RTOS_V2 -I../bsp/cubemx/Middlewares/Third_Party/FreeRTOS/Source/portable/GCC/ARM_CM4F -I../bsp/cubemx/Middlewares/ST/STM32_USB_Device_Library/Core/Inc -I../bsp/cubemx/Middlewares/ST/STM32_USB_Device_Library/Class/CDC/Inc -I../bsp/cubemx/Drivers/CMSIS/Device/ST/STM32F4xx/Include -I../bsp/cubemx/Drivers/CMSIS/Include -O0 -ffunction-sections -fdata-sections -Wall -fstack-usage -fcyclomatic-complexity -MMD -MP -MF"bsp/cubemx/USB_DEVICE/Target/usbd_conf.d" -MT"bsp/cubemx/USB_DEVICE/Target/usbd_conf.o" --specs=nano.specs -mfpu=fpv4-sp-d16 -mfloat-abi=hard -mthumb -o "bsp/cubemx/USB_DEVICE/Target/usbd_conf.o"
arm-none-eabi-gcc "../bsp/cubemx/USB_DEVICE/App/usb_device.c" -mcpu=cortex-m4 -std=gnu11 -g3 -DDEBUG -DUSE_HAL_DRIVER -DSTM32F427xx -c -I../motors/Inc -I../applications -I../bsp/cubemx/Core/Inc -I../bsp/cubemx/USB_DEVICE/App -I../bsp/cubemx/USB_DEVICE/Target -I../bsp/cubemx/Drivers/STM32F4xx_HAL_Driver/Inc -I../bsp/cubemx/Drivers/STM32F4xx_HAL_Driver/Inc/Legacy -I../bsp/cubemx/Middlewares/Third_Party/FreeRTOS/Source/include -I../bsp/cubemx/Middlewares/Third_Party/FreeRTOS/Source/CMSIS_RTOS_V2 -I../bsp/cubemx/Middlewares/Third_Party/FreeRTOS/Source/portable/GCC/ARM_CM4F -I../bsp/cubemx/Middlewares/ST/STM32_USB_Device_Library/Core/Inc -I../bsp/cubemx/Middlewares/ST/STM32_USB_Device_Library/Class/CDC/Inc -I../bsp/cubemx/Drivers/CMSIS/Device/ST/STM32F4xx/Include -I../bsp/cubemx/Drivers/CMSIS/Include -O0 -ffunction-sections -fdata-sections -Wall -fstack-usage -fcyclomatic-complexity -MMD -MP -MF"bsp/cubemx/USB_DEVICE/App/usb_device.d" -MT"bsp/cubemx/USB_DEVICE/App/usb_device.o" --specs=nano.specs -mfpu=fpv4-sp-d16 -mfloat-abi=hard -mthumb -o "bsp/cubemx/USB_DEVICE/App/usb_device.o"
arm-none-eabi-gcc "../bsp/cubemx/USB_DEVICE/App/usbd_cdc_if.c" -mcpu=cortex-m4 -std=gnu11 -g3 -DDEBUG -DUSE_HAL_DRIVER -DSTM32F427xx -c -I../motors/Inc -I../applications -I../bsp/cubemx/Core/Inc -I../bsp/cubemx/USB_DEVICE/App -I../bsp/cubemx/USB_DEVICE/Target -I../bsp/cubemx/Drivers/STM32F4xx_HAL_Driver/Inc -I../bsp/cubemx/Drivers/STM32F4xx_HAL_Driver/Inc/Legacy -I../bsp/cubemx/Middlewares/Third_Party/FreeRTOS/Source/include -I../bsp/cubemx/Middlewares/Third_Party/FreeRTOS/Source/CMSIS_RTOS_V2 -I../bsp/cubemx/Middlewares/Third_Party/FreeRTOS/Source/portable/GCC/ARM_CM4F -I../bsp/cubemx/Middlewares/ST/STM32_USB_Device_Library/Core/Inc -I../bsp/cubemx/Middlewares/ST/STM32_USB_Device_Library/Class/CDC/Inc -I../bsp/cubemx/Drivers/CMSIS/Device/ST/STM32F4xx/Include -I../bsp/cubemx/Drivers/CMSIS/Include -O0 -ffunction-sections -fdata-sections -Wall -fstack-usage -fcyclomatic-complexity -MMD -MP -MF"bsp/cubemx/USB_DEVICE/App/usbd_cdc_if.d" -MT"bsp/cubemx/USB_DEVICE/App/usbd_cdc_if.o" --specs=nano.specs -mfpu=fpv4-sp-d16 -mfloat-abi=hard -mthumb -o "bsp/cubemx/USB_DEVICE/App/usbd_cdc_if.o"
arm-none-eabi-gcc "../bsp/cubemx/USB_DEVICE/App/usbd_desc.c" -mcpu=cortex-m4 -std=gnu11 -g3 -DDEBUG -DUSE_HAL_DRIVER -DSTM32F427xx -c -I../motors/Inc -I../applications -I../bsp/cubemx/Core/Inc -I../bsp/cubemx/USB_DEVICE/App -I../bsp/cubemx/USB_DEVICE/Target -I../bsp/cubemx/Drivers/STM32F4xx_HAL_Driver/Inc -I../bsp/cubemx/Drivers/STM32F4xx_HAL_Driver/Inc/Legacy -I../bsp/cubemx/Middlewares/Third_Party/FreeRTOS/Source/include -I../bsp/cubemx/Middlewares/Third_Party/FreeRTOS/Source/CMSIS_RTOS_V2 -I../bsp/cubemx/Middlewares/Third_Party/FreeRTOS/Source/portable/GCC/ARM_CM4F -I../bsp/cubemx/Middlewares/ST/STM32_USB_Device_Library/Core/Inc -I../bsp/cubemx/Middlewares/ST/STM32_USB_Device_Library/Class/CDC/Inc -I../bsp/cubemx/Drivers/CMSIS/Device/ST/STM32F4xx/Include -I../bsp/cubemx/Drivers/CMSIS/Include -O0 -ffunction-sections -fdata-sections -Wall -fstack-usage -fcyclomatic-complexity -MMD -MP -MF"bsp/cubemx/USB_DEVICE/App/usbd_desc.d" -MT"bsp/cubemx/USB_DEVICE/App/usbd_desc.o" --specs=nano.specs -mfpu=fpv4-sp-d16 -mfloat-abi=hard -mthumb -o "bsp/cubemx/USB_DEVICE/App/usbd_desc.o"
arm-none-eabi-gcc "../bsp/cubemx/Middlewares/Third_Party/FreeRTOS/Source/portable/MemMang/heap_4.c" -mcpu=cortex-m4 -std=gnu11 -g3 -DDEBUG -DUSE_HAL_DRIVER -DSTM32F427xx -c -I../motors/Inc -I../applications -I../bsp/cubemx/Core/Inc -I../bsp/cubemx/USB_DEVICE/App -I../bsp/cubemx/USB_DEVICE/Target -I../bsp/cubemx/Drivers/STM32F4xx_HAL_Driver/Inc -I../bsp/cubemx/Drivers/STM32F4xx_HAL_Driver/Inc/Legacy -I../bsp/cubemx/Middlewares/Third_Party/FreeRTOS/Source/include -I../bsp/cubemx/Middlewares/Third_Party/FreeRTOS/Source/CMSIS_RTOS_V2 -I../bsp/cubemx/Middlewares/Third_Party/FreeRTOS/Source/portable/GCC/ARM_CM4F -I../bsp/cubemx/Middlewares/ST/STM32_USB_Device_Library/Core/Inc -I../bsp/cubemx/Middlewares/ST/STM32_USB_Device_Library/Class/CDC/Inc -I../bsp/cubemx/Drivers/CMSIS/Device/ST/STM32F4xx/Include -I../bsp/cubemx/Drivers/CMSIS/Include -O0 -ffunction-sections -fdata-sections -Wall -fstack-usage -fcyclomatic-complexity -MMD -MP -MF"bsp/cubemx/Middlewares/Third_Party/FreeRTOS/Source/portable/MemMang/heap_4.d" -MT"bsp/cubemx/Middlewares/Third_Party/FreeRTOS/Source/portable/MemMang/heap_4.o" --specs=nano.specs -mfpu=fpv4-sp-d16 -mfloat-abi=hard -mthumb -o "bsp/cubemx/Middlewares/Third_Party/FreeRTOS/Source/portable/MemMang/heap_4.o"
arm-none-eabi-gcc "../bsp/cubemx/Middlewares/Third_Party/FreeRTOS/Source/portable/GCC/ARM_CM4F/port.c" -mcpu=cortex-m4 -std=gnu11 -g3 -DDEBUG -DUSE_HAL_DRIVER -DSTM32F427xx -c -I../motors/Inc -I../applications -I../bsp/cubemx/Core/Inc -I../bsp/cubemx/USB_DEVICE/App -I../bsp/cubemx/USB_DEVICE/Target -I../bsp/cubemx/Drivers/STM32F4xx_HAL_Driver/Inc -I../bsp/cubemx/Drivers/STM32F4xx_HAL_Driver/Inc/Legacy -I../bsp/cubemx/Middlewares/Third_Party/FreeRTOS/Source/include -I../bsp/cubemx/Middlewares/Third_Party/FreeRTOS/Source/CMSIS_RTOS_V2 -I../bsp/cubemx/Middlewares/Third_Party/FreeRTOS/Source/portable/GCC/ARM_CM4F -I../bsp/cubemx/Middlewares/ST/STM32_USB_Device_Library/Core/Inc -I../bsp/cubemx/Middlewares/ST/STM32_USB_Device_Library/Class/CDC/Inc -I../bsp/cubemx/Drivers/CMSIS/Device/ST/STM32F4xx/Include -I../bsp/cubemx/Drivers/CMSIS/Include -O0 -ffunction-sections -fdata-sections -Wall -fstack-usage -fcyclomatic-complexity -MMD -MP -MF"bsp/cubemx/Middlewares/Third_Party/FreeRTOS/Source/portable/GCC/ARM_CM4F/port.d" -MT"bsp/cubemx/Middlewares/Third_Party/FreeRTOS/Source/portable/GCC/ARM_CM4F/port.o" --specs=nano.specs -mfpu=fpv4-sp-d16 -mfloat-abi=hard -mthumb -o "bsp/cubemx/Middlewares/Third_Party/FreeRTOS/Source/portable/GCC/ARM_CM4F/port.o"
arm-none-eabi-gcc "../bsp/cubemx/Middlewares/Third_Party/FreeRTOS/Source/CMSIS_RTOS_V2/cmsis_os2.c" -mcpu=cortex-m4 -std=gnu11 -g3 -DDEBUG -DUSE_HAL_DRIVER -DSTM32F427xx -c -I../motors/Inc -I../applications -I../bsp/cubemx/Core/Inc -I../bsp/cubemx/USB_DEVICE/App -I../bsp/cubemx/USB_DEVICE/Target -I../bsp/cubemx/Drivers/STM32F4xx_HAL_Driver/Inc -I../bsp/cubemx/Drivers/STM32F4xx_HAL_Driver/Inc/Legacy -I../bsp/cubemx/Middlewares/Third_Party/FreeRTOS/Source/include -I../bsp/cubemx/Middlewares/Third_Party/FreeRTOS/Source/CMSIS_RTOS_V2 -I../bsp/cubemx/Middlewares/Third_Party/FreeRTOS/Source/portable/GCC/ARM_CM4F -I../bsp/cubemx/Middlewares/ST/STM32_USB_Device_Library/Core/Inc -I../bsp/cubemx/Middlewares/ST/STM32_USB_Device_Library/Class/CDC/Inc -I../bsp/cubemx/Drivers/CMSIS/Device/ST/STM32F4xx/Include -I../bsp/cubemx/Drivers/CMSIS/Include -O0 -ffunction-sections -fdata-sections -Wall -fstack-usage -fcyclomatic-complexity -MMD -MP -MF"bsp/cubemx/Middlewares/Third_Party/FreeRTOS/Source/CMSIS_RTOS_V2/cmsis_os2.d" -MT"bsp/cubemx/Middlewares/Third_Party/FreeRTOS/Source/CMSIS_RTOS_V2/cmsis_os2.o" --specs=nano.specs -mfpu=fpv4-sp-d16 -mfloat-abi=hard -mthumb -o "bsp/cubemx/Middlewares/Third_Party/FreeRTOS/Source/CMSIS_RTOS_V2/cmsis_os2.o"
arm-none-eabi-gcc "../bsp/cubemx/Middlewares/Third_Party/FreeRTOS/Source/croutine.c" -mcpu=cortex-m4 -std=gnu11 -g3 -DDEBUG -DUSE_HAL_DRIVER -DSTM32F427xx -c -I../motors/Inc -I../applications -I../bsp/cubemx/Core/Inc -I../bsp/cubemx/USB_DEVICE/App -I../bsp/cubemx/USB_DEVICE/Target -I../bsp/cubemx/Drivers/STM32F4xx_HAL_Driver/Inc -I../bsp/cubemx/Drivers/STM32F4xx_HAL_Driver/Inc/Legacy -I../bsp/cubemx/Middlewares/Third_Party/FreeRTOS/Source/include -I../bsp/cubemx/Middlewares/Third_Party/FreeRTOS/Source/CMSIS_RTOS_V2 -I../bsp/cubemx/Middlewares/Third_Party/FreeRTOS/Source/portable/GCC/ARM_CM4F -I../bsp/cubemx/Middlewares/ST/STM32_USB_Device_Library/Core/Inc -I../bsp/cubemx/Middlewares/ST/STM32_USB_Device_Library/Class/CDC/Inc -I../bsp/cubemx/Drivers/CMSIS/Device/ST/STM32F4xx/Include -I../bsp/cubemx/Drivers/CMSIS/Include -O0 -ffunction-sections -fdata-sections -Wall -fstack-usage -fcyclomatic-complexity -MMD -MP -MF"bsp/cubemx/Middlewares/Third_Party/FreeRTOS/Source/croutine.d" -MT"bsp/cubemx/Middlewares/Third_Party/FreeRTOS/Source/croutine.o" --specs=nano.specs -mfpu=fpv4-sp-d16 -mfloat-abi=hard -mthumb -o "bsp/cubemx/Middlewares/Third_Party/FreeRTOS/Source/croutine.o"
arm-none-eabi-gcc "../bsp/cubemx/Middlewares/Third_Party/FreeRTOS/Source/event_groups.c" -mcpu=cortex-m4 -std=gnu11 -g3 -DDEBUG -DUSE_HAL_DRIVER -DSTM32F427xx -c -I../motors/Inc -I../applications -I../bsp/cubemx/Core/Inc -I../bsp/cubemx/USB_DEVICE/App -I../bsp/cubemx/USB_DEVICE/Target -I../bsp/cubemx/Drivers/STM32F4xx_HAL_Driver/Inc -I../bsp/cubemx/Drivers/STM32F4xx_HAL_Driver/Inc/Legacy -I../bsp/cubemx/Middlewares/Third_Party/FreeRTOS/Source/include -I../bsp/cubemx/Middlewares/Third_Party/FreeRTOS/Source/CMSIS_RTOS_V2 -I../bsp/cubemx/Middlewares/Third_Party/FreeRTOS/Source/portable/GCC/ARM_CM4F -I../bsp/cubemx/Middlewares/ST/STM32_USB_Device_Library/Core/Inc -I../bsp/cubemx/Middlewares/ST/STM32_USB_Device_Library/Class/CDC/Inc -I../bsp/cubemx/Drivers/CMSIS/Device/ST/STM32F4xx/Include -I../bsp/cubemx/Drivers/CMSIS/Include -O0 -ffunction-sections -fdata-sections -Wall -fstack-usage -fcyclomatic-complexity -MMD -MP -MF"bsp/cubemx/Middlewares/Third_Party/FreeRTOS/Source/event_groups.d" -MT"bsp/cubemx/Middlewares/Third_Party/FreeRTOS/Source/event_groups.o" --specs=nano.specs -mfpu=fpv4-sp-d16 -mfloat-abi=hard -mthumb -o "bsp/cubemx/Middlewares/Third_Party/FreeRTOS/Source/event_groups.o"
arm-none-eabi-gcc "../bsp/cubemx/Middlewares/Third_Party/FreeRTOS/Source/list.c" -mcpu=cortex-m4 -std=gnu11 -g3 -DDEBUG -DUSE_HAL_DRIVER -DSTM32F427xx -c -I../motors/Inc -I../applications -I../bsp/cubemx/Core/Inc -I../bsp/cubemx/USB_DEVICE/App -I../bsp/cubemx/USB_DEVICE/Target -I../bsp/cubemx/Drivers/STM32F4xx_HAL_Driver/Inc -I../bsp/cubemx/Drivers/STM32F4xx_HAL_Driver/Inc/Legacy -I../bsp/cubemx/Middlewares/Third_Party/FreeRTOS/Source/include -I../bsp/cubemx/Middlewares/Third_Party/FreeRTOS/Source/CMSIS_RTOS_V2 -I../bsp/cubemx/Middlewares/Third_Party/FreeRTOS/Source/portable/GCC/ARM_CM4F -I../bsp/cubemx/Middlewares/ST/STM32_USB_Device_Library/Core/Inc -I../bsp/cubemx/Middlewares/ST/STM32_USB_Device_Library/Class/CDC/Inc -I../bsp/cubemx/Drivers/CMSIS/Device/ST/STM32F4xx/Include -I../bsp/cubemx/Drivers/CMSIS/Include -O0 -ffunction-sections -fdata-sections -Wall -fstack-usage -fcyclomatic-complexity -MMD -MP -MF"bsp/cubemx/Middlewares/Third_Party/FreeRTOS/Source/list.d" -MT"bsp/cubemx/Middlewares/Third_Party/FreeRTOS/Source/list.o" --specs=nano.specs -mfpu=fpv4-sp-d16 -mfloat-abi=hard -mthumb -o "bsp/cubemx/Middlewares/Third_Party/FreeRTOS/Source/list.o"
arm-none-eabi-gcc "../bsp/cubemx/Middlewares/Third_Party/FreeRTOS/Source/queue.c" -mcpu=cortex-m4 -std=gnu11 -g3 -DDEBUG -DUSE_HAL_DRIVER -DSTM32F427xx -c -I../motors/Inc -I../applications -I../bsp/cubemx/Core/Inc -I../bsp/cubemx/USB_DEVICE/App -I../bsp/cubemx/USB_DEVICE/Target -I../bsp/cubemx/Drivers/STM32F4xx_HAL_Driver/Inc -I../bsp/cubemx/Drivers/STM32F4xx_HAL_Driver/Inc/Legacy -I../bsp/cubemx/Middlewares/Third_Party/FreeRTOS/Source/include -I../bsp/cubemx/Middlewares/Third_Party/FreeRTOS/Source/CMSIS_RTOS_V2 -I../bsp/cubemx/Middlewares/Third_Party/FreeRTOS/Source/portable/GCC/ARM_CM4F -I../bsp/cubemx/Middlewares/ST/STM32_USB_Device_Library/Core/Inc -I../bsp/cubemx/Middlewares/ST/STM32_USB_Device_Library/Class/CDC/Inc -I../bsp/cubemx/Drivers/CMSIS/Device/ST/STM32F4xx/Include -I../bsp/cubemx/Drivers/CMSIS/Include -O0 -ffunction-sections -fdata-sections -Wall -fstack-usage -fcyclomatic-complexity -MMD -MP -MF"bsp/cubemx/Middlewares/Third_Party/FreeRTOS/Source/queue.d" -MT"bsp/cubemx/Middlewares/Third_Party/FreeRTOS/Source/queue.o" --specs=nano.specs -mfpu=fpv4-sp-d16 -mfloat-abi=hard -mthumb -o "bsp/cubemx/Middlewares/Third_Party/FreeRTOS/Source/queue.o"
arm-none-eabi-gcc "../bsp/cubemx/Middlewares/Third_Party/FreeRTOS/Source/stream_buffer.c" -mcpu=cortex-m4 -std=gnu11 -g3 -DDEBUG -DUSE_HAL_DRIVER -DSTM32F427xx -c -I../motors/Inc -I../applications -I../bsp/cubemx/Core/Inc -I../bsp/cubemx/USB_DEVICE/App -I../bsp/cubemx/USB_DEVICE/Target -I../bsp/cubemx/Drivers/STM32F4xx_HAL_Driver/Inc -I../bsp/cubemx/Drivers/STM32F4xx_HAL_Driver/Inc/Legacy -I../bsp/cubemx/Middlewares/Third_Party/FreeRTOS/Source/include -I../bsp/cubemx/Middlewares/Third_Party/FreeRTOS/Source/CMSIS_RTOS_V2 -I../bsp/cubemx/Middlewares/Third_Party/FreeRTOS/Source/portable/GCC/ARM_CM4F -I../bsp/cubemx/Middlewares/ST/STM32_USB_Device_Library/Core/Inc -I../bsp/cubemx/Middlewares/ST/STM32_USB_Device_Library/Class/CDC/Inc -I../bsp/cubemx/Drivers/CMSIS/Device/ST/STM32F4xx/Include -I../bsp/cubemx/Drivers/CMSIS/Include -O0 -ffunction-sections -fdata-sections -Wall -fstack-usage -fcyclomatic-complexity -MMD -MP -MF"bsp/cubemx/Middlewares/Third_Party/FreeRTOS/Source/stream_buffer.d" -MT"bsp/cubemx/Middlewares/Third_Party/FreeRTOS/Source/stream_buffer.o" --specs=nano.specs -mfpu=fpv4-sp-d16 -mfloat-abi=hard -mthumb -o "bsp/cubemx/Middlewares/Third_Party/FreeRTOS/Source/stream_buffer.o"
arm-none-eabi-gcc "../bsp/cubemx/Middlewares/Third_Party/FreeRTOS/Source/tasks.c" -mcpu=cortex-m4 -std=gnu11 -g3 -DDEBUG -DUSE_HAL_DRIVER -DSTM32F427xx -c -I../motors/Inc -I../applications -I../bsp/cubemx/Core/Inc -I../bsp/cubemx/USB_DEVICE/App -I../bsp/cubemx/USB_DEVICE/Target -I../bsp/cubemx/Drivers/STM32F4xx_HAL_Driver/Inc -I../bsp/cubemx/Drivers/STM32F4xx_HAL_Driver/Inc/Legacy -I../bsp/cubemx/Middlewares/Third_Party/FreeRTOS/Source/include -I../bsp/cubemx/Middlewares/Third_Party/FreeRTOS/Source/CMSIS_RTOS_V2 -I../bsp/cubemx/Middlewares/Third_Party/FreeRTOS/Source/portable/GCC/ARM_CM4F -I../bsp/cubemx/Middlewares/ST/STM32_USB_Device_Library/Core/Inc -I../bsp/cubemx/Middlewares/ST/STM32_USB_Device_Library/Class/CDC/Inc -I../bsp/cubemx/Drivers/CMSIS/Device/ST/STM32F4xx/Include -I../bsp/cubemx/Drivers/CMSIS/Include -O0 -ffunction-sections -fdata-sections -Wall -fstack-usage -fcyclomatic-complexity -MMD -MP -MF"bsp/cubemx/Middlewares/Third_Party/FreeRTOS/Source/tasks.d" -MT"bsp/cubemx/Middlewares/Third_Party/FreeRTOS/Source/tasks.o" --specs=nano.specs -mfpu=fpv4-sp-d16 -mfloat-abi=hard -mthumb -o "bsp/cubemx/Middlewares/Third_Party/FreeRTOS/Source/tasks.o"
arm-none-eabi-gcc "../bsp/cubemx/Middlewares/Third_Party/FreeRTOS/Source/timers.c" -mcpu=cortex-m4 -std=gnu11 -g3 -DDEBUG -DUSE_HAL_DRIVER -DSTM32F427xx -c -I../motors/Inc -I../applications -I../bsp/cubemx/Core/Inc -I../bsp/cubemx/USB_DEVICE/App -I../bsp/cubemx/USB_DEVICE/Target -I../bsp/cubemx/Drivers/STM32F4xx_HAL_Driver/Inc -I../bsp/cubemx/Drivers/STM32F4xx_HAL_Driver/Inc/Legacy -I../bsp/cubemx/Middlewares/Third_Party/FreeRTOS/Source/include -I../bsp/cubemx/Middlewares/Third_Party/FreeRTOS/Source/CMSIS_RTOS_V2 -I../bsp/cubemx/Middlewares/Third_Party/FreeRTOS/Source/portable/GCC/ARM_CM4F -I../bsp/cubemx/Middlewares/ST/STM32_USB_Device_Library/Core/Inc -I../bsp/cubemx/Middlewares/ST/STM32_USB_Device_Library/Class/CDC/Inc -I../bsp/cubemx/Drivers/CMSIS/Device/ST/STM32F4xx/Include -I../bsp/cubemx/Drivers/CMSIS/Include -O0 -ffunction-sections -fdata-sections -Wall -fstack-usage -fcyclomatic-complexity -MMD -MP -MF"bsp/cubemx/Middlewares/Third_Party/FreeRTOS/Source/timers.d" -MT"bsp/cubemx/Middlewares/Third_Party/FreeRTOS/Source/timers.o" --specs=nano.specs -mfpu=fpv4-sp-d16 -mfloat-abi=hard -mthumb -o "bsp/cubemx/Middlewares/Third_Party/FreeRTOS/Source/timers.o"
arm-none-eabi-gcc "../bsp/cubemx/Middlewares/ST/STM32_USB_Device_Library/Core/Src/usbd_core.c" -mcpu=cortex-m4 -std=gnu11 -g3 -DDEBUG -DUSE_HAL_DRIVER -DSTM32F427xx -c -I../motors/Inc -I../applications -I../bsp/cubemx/Core/Inc -I../bsp/cubemx/USB_DEVICE/App -I../bsp/cubemx/USB_DEVICE/Target -I../bsp/cubemx/Drivers/STM32F4xx_HAL_Driver/Inc -I../bsp/cubemx/Drivers/STM32F4xx_HAL_Driver/Inc/Legacy -I../bsp/cubemx/Middlewares/Third_Party/FreeRTOS/Source/include -I../bsp/cubemx/Middlewares/Third_Party/FreeRTOS/Source/CMSIS_RTOS_V2 -I../bsp/cubemx/Middlewares/Third_Party/FreeRTOS/Source/portable/GCC/ARM_CM4F -I../bsp/cubemx/Middlewares/ST/STM32_USB_Device_Library/Core/Inc -I../bsp/cubemx/Middlewares/ST/STM32_USB_Device_Library/Class/CDC/Inc -I../bsp/cubemx/Drivers/CMSIS/Device/ST/STM32F4xx/Include -I../bsp/cubemx/Drivers/CMSIS/Include -O0 -ffunction-sections -fdata-sections -Wall -fstack-usage -fcyclomatic-complexity -MMD -MP -MF"bsp/cubemx/Middlewares/ST/STM32_USB_Device_Library/Core/Src/usbd_core.d" -MT"bsp/cubemx/Middlewares/ST/STM32_USB_Device_Library/Core/Src/usbd_core.o" --specs=nano.specs -mfpu=fpv4-sp-d16 -mfloat-abi=hard -mthumb -o "bsp/cubemx/Middlewares/ST/STM32_USB_Device_Library/Core/Src/usbd_core.o"
arm-none-eabi-gcc "../bsp/cubemx/Middlewares/ST/STM32_USB_Device_Library/Core/Src/usbd_ctlreq.c" -mcpu=cortex-m4 -std=gnu11 -g3 -DDEBUG -DUSE_HAL_DRIVER -DSTM32F427xx -c -I../motors/Inc -I../applications -I../bsp/cubemx/Core/Inc -I../bsp/cubemx/USB_DEVICE/App -I../bsp/cubemx/USB_DEVICE/Target -I../bsp/cubemx/Drivers/STM32F4xx_HAL_Driver/Inc -I../bsp/cubemx/Drivers/STM32F4xx_HAL_Driver/Inc/Legacy -I../bsp/cubemx/Middlewares/Third_Party/FreeRTOS/Source/include -I../bsp/cubemx/Middlewares/Third_Party/FreeRTOS/Source/CMSIS_RTOS_V2 -I../bsp/cubemx/Middlewares/Third_Party/FreeRTOS/Source/portable/GCC/ARM_CM4F -I../bsp/cubemx/Middlewares/ST/STM32_USB_Device_Library/Core/Inc -I../bsp/cubemx/Middlewares/ST/STM32_USB_Device_Library/Class/CDC/Inc -I../bsp/cubemx/Drivers/CMSIS/Device/ST/STM32F4xx/Include -I../bsp/cubemx/Drivers/CMSIS/Include -O0 -ffunction-sections -fdata-sections -Wall -fstack-usage -fcyclomatic-complexity -MMD -MP -MF"bsp/cubemx/Middlewares/ST/STM32_USB_Device_Library/Core/Src/usbd_ctlreq.d" -MT"bsp/cubemx/Middlewares/ST/STM32_USB_Device_Library/Core/Src/usbd_ctlreq.o" --specs=nano.specs -mfpu=fpv4-sp-d16 -mfloat-abi=hard -mthumb -o "bsp/cubemx/Middlewares/ST/STM32_USB_Device_Library/Core/Src/usbd_ctlreq.o"
arm-none-eabi-gcc "../bsp/cubemx/Middlewares/ST/STM32_USB_Device_Library/Core/Src/usbd_ioreq.c" -mcpu=cortex-m4 -std=gnu11 -g3 -DDEBUG -DUSE_HAL_DRIVER -DSTM32F427xx -c -I../motors/Inc -I../applications -I../bsp/cubemx/Core/Inc -I../bsp/cubemx/USB_DEVICE/App -I../bsp/cubemx/USB_DEVICE/Target -I../bsp/cubemx/Drivers/STM32F4xx_HAL_Driver/Inc -I../bsp/cubemx/Drivers/STM32F4xx_HAL_Driver/Inc/Legacy -I../bsp/cubemx/Middlewares/Third_Party/FreeRTOS/Source/include -I../bsp/cubemx/Middlewares/Third_Party/FreeRTOS/Source/CMSIS_RTOS_V2 -I../bsp/cubemx/Middlewares/Third_Party/FreeRTOS/Source/portable/GCC/ARM_CM4F -I../bsp/cubemx/Middlewares/ST/STM32_USB_Device_Library/Core/Inc -I../bsp/cubemx/Middlewares/ST/STM32_USB_Device_Library/Class/CDC/Inc -I../bsp/cubemx/Drivers/CMSIS/Device/ST/STM32F4xx/Include -I../bsp/cubemx/Drivers/CMSIS/Include -O0 -ffunction-sections -fdata-sections -Wall -fstack-usage -fcyclomatic-complexity -MMD -MP -MF"bsp/cubemx/Middlewares/ST/STM32_USB_Device_Library/Core/Src/usbd_ioreq.d" -MT"bsp/cubemx/Middlewares/ST/STM32_USB_Device_Library/Core/Src/usbd_ioreq.o" --specs=nano.specs -mfpu=fpv4-sp-d16 -mfloat-abi=hard -mthumb -o "bsp/cubemx/Middlewares/ST/STM32_USB_Device_Library/Core/Src/usbd_ioreq.o"
arm-none-eabi-gcc "../bsp/cubemx/Middlewares/ST/STM32_USB_Device_Library/Class/CDC/Src/usbd_cdc.c" -mcpu=cortex-m4 -std=gnu11 -g3 -DDEBUG -DUSE_HAL_DRIVER -DSTM32F427xx -c -I../motors/Inc -I../applications -I../bsp/cubemx/Core/Inc -I../bsp/cubemx/USB_DEVICE/App -I../bsp/cubemx/USB_DEVICE/Target -I../bsp/cubemx/Drivers/STM32F4xx_HAL_Driver/Inc -I../bsp/cubemx/Drivers/STM32F4xx_HAL_Driver/Inc/Legacy -I../bsp/cubemx/Middlewares/Third_Party/FreeRTOS/Source/include -I../bsp/cubemx/Middlewares/Third_Party/FreeRTOS/Source/CMSIS_RTOS_V2 -I../bsp/cubemx/Middlewares/Third_Party/FreeRTOS/Source/portable/GCC/ARM_CM4F -I../bsp/cubemx/Middlewares/ST/STM32_USB_Device_Library/Core/Inc -I../bsp/cubemx/Middlewares/ST/STM32_USB_Device_Library/Class/CDC/Inc -I../bsp/cubemx/Drivers/CMSIS/Device/ST/STM32F4xx/Include -I../bsp/cubemx/Drivers/CMSIS/Include -O0 -ffunction-sections -fdata-sections -Wall -fstack-usage -fcyclomatic-complexity -MMD -MP -MF"bsp/cubemx/Middlewares/ST/STM32_USB_Device_Library/Class/CDC/Src/usbd_cdc.d" -MT"bsp/cubemx/Middlewares/ST/STM32_USB_Device_Library/Class/CDC/Src/usbd_cdc.o" --specs=nano.specs -mfpu=fpv4-sp-d16 -mfloat-abi=hard -mthumb -o "bsp/cubemx/Middlewares/ST/STM32_USB_Device_Library/Class/CDC/Src/usbd_cdc.o"
arm-none-eabi-gcc "../bsp/cubemx/Drivers/STM32F4xx_HAL_Driver/Src/stm32f4xx_hal.c" -mcpu=cortex-m4 -std=gnu11 -g3 -DDEBUG -DUSE_HAL_DRIVER -DSTM32F427xx -c -I../motors/Inc -I../applications -I../bsp/cubemx/Core/Inc -I../bsp/cubemx/USB_DEVICE/App -I../bsp/cubemx/USB_DEVICE/Target -I../bsp/cubemx/Drivers/STM32F4xx_HAL_Driver/Inc -I../bsp/cubemx/Drivers/STM32F4xx_HAL_Driver/Inc/Legacy -I../bsp/cubemx/Middlewares/Third_Party/FreeRTOS/Source/include -I../bsp/cubemx/Middlewares/Third_Party/FreeRTOS/Source/CMSIS_RTOS_V2 -I../bsp/cubemx/Middlewares/Third_Party/FreeRTOS/Source/portable/GCC/ARM_CM4F -I../bsp/cubemx/Middlewares/ST/STM32_USB_Device_Library/Core/Inc -I../bsp/cubemx/Middlewares/ST/STM32_USB_Device_Library/Class/CDC/Inc -I../bsp/cubemx/Drivers/CMSIS/Device/ST/STM32F4xx/Include -I../bsp/cubemx/Drivers/CMSIS/Include -O0 -ffunction-sections -fdata-sections -Wall -fstack-usage -fcyclomatic-complexity -MMD -MP -MF"bsp/cubemx/Drivers/STM32F4xx_HAL_Driver/Src/stm32f4xx_hal.d" -MT"bsp/cubemx/Drivers/STM32F4xx_HAL_Driver/Src/stm32f4xx_hal.o" --specs=nano.specs -mfpu=fpv4-sp-d16 -mfloat-abi=hard -mthumb -o "bsp/cubemx/Drivers/STM32F4xx_HAL_Driver/Src/stm32f4xx_hal.o"
arm-none-eabi-gcc "../bsp/cubemx/Drivers/STM32F4xx_HAL_Driver/Src/stm32f4xx_hal_can.c" -mcpu=cortex-m4 -std=gnu11 -g3 -DDEBUG -DUSE_HAL_DRIVER -DSTM32F427xx -c -I../motors/Inc -I../applications -I../bsp/cubemx/Core/Inc -I../bsp/cubemx/USB_DEVICE/App -I../bsp/cubemx/USB_DEVICE/Target -I../bsp/cubemx/Drivers/STM32F4xx_HAL_Driver/Inc -I../bsp/cubemx/Drivers/STM32F4xx_HAL_Driver/Inc/Legacy -I../bsp/cubemx/Middlewares/Third_Party/FreeRTOS/Source/include -I../bsp/cubemx/Middlewares/Third_Party/FreeRTOS/Source/CMSIS_RTOS_V2 -I../bsp/cubemx/Middlewares/Third_Party/FreeRTOS/Source/portable/GCC/ARM_CM4F -I../bsp/cubemx/Middlewares/ST/STM32_USB_Device_Library/Core/Inc -I../bsp/cubemx/Middlewares/ST/STM32_USB_Device_Library/Class/CDC/Inc -I../bsp/cubemx/Drivers/CMSIS/Device/ST/STM32F4xx/Include -I../bsp/cubemx/Drivers/CMSIS/Include -O0 -ffunction-sections -fdata-sections -Wall -fstack-usage -fcyclomatic-complexity -MMD -MP -MF"bsp/cubemx/Drivers/STM32F4xx_HAL_Driver/Src/stm32f4xx_hal_can.d" -MT"bsp/cubemx/Drivers/STM32F4xx_HAL_Driver/Src/stm32f4xx_hal_can.o" --specs=nano.specs -mfpu=fpv4-sp-d16 -mfloat-abi=hard -mthumb -o "bsp/cubemx/Drivers/STM32F4xx_HAL_Driver/Src/stm32f4xx_hal_can.o"
arm-none-eabi-gcc "../bsp/cubemx/Drivers/STM32F4xx_HAL_Driver/Src/stm32f4xx_hal_cortex.c" -mcpu=cortex-m4 -std=gnu11 -g3 -DDEBUG -DUSE_HAL_DRIVER -DSTM32F427xx -c -I../motors/Inc -I../applications -I../bsp/cubemx/Core/Inc -I../bsp/cubemx/USB_DEVICE/App -I../bsp/cubemx/USB_DEVICE/Target -I../bsp/cubemx/Drivers/STM32F4xx_HAL_Driver/Inc -I../bsp/cubemx/Drivers/STM32F4xx_HAL_Driver/Inc/Legacy -I../bsp/cubemx/Middlewares/Third_Party/FreeRTOS/Source/include -I../bsp/cubemx/Middlewares/Third_Party/FreeRTOS/Source/CMSIS_RTOS_V2 -I../bsp/cubemx/Middlewares/Third_Party/FreeRTOS/Source/portable/GCC/ARM_CM4F -I../bsp/cubemx/Middlewares/ST/STM32_USB_Device_Library/Core/Inc -I../bsp/cubemx/Middlewares/ST/STM32_USB_Device_Library/Class/CDC/Inc -I../bsp/cubemx/Drivers/CMSIS/Device/ST/STM32F4xx/Include -I../bsp/cubemx/Drivers/CMSIS/Include -O0 -ffunction-sections -fdata-sections -Wall -fstack-usage -fcyclomatic-complexity -MMD -MP -MF"bsp/cubemx/Drivers/STM32F4xx_HAL_Driver/Src/stm32f4xx_hal_cortex.d" -MT"bsp/cubemx/Drivers/STM32F4xx_HAL_Driver/Src/stm32f4xx_hal_cortex.o" --specs=nano.specs -mfpu=fpv4-sp-d16 -mfloat-abi=hard -mthumb -o "bsp/cubemx/Drivers/STM32F4xx_HAL_Driver/Src/stm32f4xx_hal_cortex.o"
arm-none-eabi-gcc "../bsp/cubemx/Drivers/STM32F4xx_HAL_Driver/Src/stm32f4xx_hal_dma.c" -mcpu=cortex-m4 -std=gnu11 -g3 -DDEBUG -DUSE_HAL_DRIVER -DSTM32F427xx -c -I../motors/Inc -I../applications -I../bsp/cubemx/Core/Inc -I../bsp/cubemx/USB_DEVICE/App -I../bsp/cubemx/USB_DEVICE/Target -I../bsp/cubemx/Drivers/STM32F4xx_HAL_Driver/Inc -I../bsp/cubemx/Drivers/STM32F4xx_HAL_Driver/Inc/Legacy -I../bsp/cubemx/Middlewares/Third_Party/FreeRTOS/Source/include -I../bsp/cubemx/Middlewares/Third_Party/FreeRTOS/Source/CMSIS_RTOS_V2 -I../bsp/cubemx/Middlewares/Third_Party/FreeRTOS/Source/portable/GCC/ARM_CM4F -I../bsp/cubemx/Middlewares/ST/STM32_USB_Device_Library/Core/Inc -I../bsp/cubemx/Middlewares/ST/STM32_USB_Device_Library/Class/CDC/Inc -I../bsp/cubemx/Drivers/CMSIS/Device/ST/STM32F4xx/Include -I../bsp/cubemx/Drivers/CMSIS/Include -O0 -ffunction-sections -fdata-sections -Wall -fstack-usage -fcyclomatic-complexity -MMD -MP -MF"bsp/cubemx/Drivers/STM32F4xx_HAL_Driver/Src/stm32f4xx_hal_dma.d" -MT"bsp/cubemx/Drivers/STM32F4xx_HAL_Driver/Src/stm32f4xx_hal_dma.o" --specs=nano.specs -mfpu=fpv4-sp-d16 -mfloat-abi=hard -mthumb -o "bsp/cubemx/Drivers/STM32F4xx_HAL_Driver/Src/stm32f4xx_hal_dma.o"
arm-none-eabi-gcc "../bsp/cubemx/Drivers/STM32F4xx_HAL_Driver/Src/stm32f4xx_hal_dma_ex.c" -mcpu=cortex-m4 -std=gnu11 -g3 -DDEBUG -DUSE_HAL_DRIVER -DSTM32F427xx -c -I../motors/Inc -I../applications -I../bsp/cubemx/Core/Inc -I../bsp/cubemx/USB_DEVICE/App -I../bsp/cubemx/USB_DEVICE/Target -I../bsp/cubemx/Drivers/STM32F4xx_HAL_Driver/Inc -I../bsp/cubemx/Drivers/STM32F4xx_HAL_Driver/Inc/Legacy -I../bsp/cubemx/Middlewares/Third_Party/FreeRTOS/Source/include -I../bsp/cubemx/Middlewares/Third_Party/FreeRTOS/Source/CMSIS_RTOS_V2 -I../bsp/cubemx/Middlewares/Third_Party/FreeRTOS/Source/portable/GCC/ARM_CM4F -I../bsp/cubemx/Middlewares/ST/STM32_USB_Device_Library/Core/Inc -I../bsp/cubemx/Middlewares/ST/STM32_USB_Device_Library/Class/CDC/Inc -I../bsp/cubemx/Drivers/CMSIS/Device/ST/STM32F4xx/Include -I../bsp/cubemx/Drivers/CMSIS/Include -O0 -ffunction-sections -fdata-sections -Wall -fstack-usage -fcyclomatic-complexity -MMD -MP -MF"bsp/cubemx/Drivers/STM32F4xx_HAL_Driver/Src/stm32f4xx_hal_dma_ex.d" -MT"bsp/cubemx/Drivers/STM32F4xx_HAL_Driver/Src/stm32f4xx_hal_dma_ex.o" --specs=nano.specs -mfpu=fpv4-sp-d16 -mfloat-abi=hard -mthumb -o "bsp/cubemx/Drivers/STM32F4xx_HAL_Driver/Src/stm32f4xx_hal_dma_ex.o"
arm-none-eabi-gcc "../bsp/cubemx/Drivers/STM32F4xx_HAL_Driver/Src/stm32f4xx_hal_exti.c" -mcpu=cortex-m4 -std=gnu11 -g3 -DDEBUG -DUSE_HAL_DRIVER -DSTM32F427xx -c -I../motors/Inc -I../applications -I../bsp/cubemx/Core/Inc -I../bsp/cubemx/USB_DEVICE/App -I../bsp/cubemx/USB_DEVICE/Target -I../bsp/cubemx/Drivers/STM32F4xx_HAL_Driver/Inc -I../bsp/cubemx/Drivers/STM32F4xx_HAL_Driver/Inc/Legacy -I../bsp/cubemx/Middlewares/Third_Party/FreeRTOS/Source/include -I../bsp/cubemx/Middlewares/Third_Party/FreeRTOS/Source/CMSIS_RTOS_V2 -I../bsp/cubemx/Middlewares/Third_Party/FreeRTOS/Source/portable/GCC/ARM_CM4F -I../bsp/cubemx/Middlewares/ST/STM32_USB_Device_Library/Core/Inc -I../bsp/cubemx/Middlewares/ST/STM32_USB_Device_Library/Class/CDC/Inc -I../bsp/cubemx/Drivers/CMSIS/Device/ST/STM32F4xx/Include -I../bsp/cubemx/Drivers/CMSIS/Include -O0 -ffunction-sections -fdata-sections -Wall -fstack-usage -fcyclomatic-complexity -MMD -MP -MF"bsp/cubemx/Drivers/STM32F4xx_HAL_Driver/Src/stm32f4xx_hal_exti.d" -MT"bsp/cubemx/Drivers/STM32F4xx_HAL_Driver/Src/stm32f4xx_hal_exti.o" --specs=nano.specs -mfpu=fpv4-sp-d16 -mfloat-abi=hard -mthumb -o "bsp/cubemx/Drivers/STM32F4xx_HAL_Driver/Src/stm32f4xx_hal_exti.o"
arm-none-eabi-gcc "../bsp/cubemx/Drivers/STM32F4xx_HAL_Driver/Src/stm32f4xx_hal_flash.c" -mcpu=cortex-m4 -std=gnu11 -g3 -DDEBUG -DUSE_HAL_DRIVER -DSTM32F427xx -c -I../motors/Inc -I../applications -I../bsp/cubemx/Core/Inc -I../bsp/cubemx/USB_DEVICE/App -I../bsp/cubemx/USB_DEVICE/Target -I../bsp/cubemx/Drivers/STM32F4xx_HAL_Driver/Inc -I../bsp/cubemx/Drivers/STM32F4xx_HAL_Driver/Inc/Legacy -I../bsp/cubemx/Middlewares/Third_Party/FreeRTOS/Source/include -I../bsp/cubemx/Middlewares/Third_Party/FreeRTOS/Source/CMSIS_RTOS_V2 -I../bsp/cubemx/Middlewares/Third_Party/FreeRTOS/Source/portable/GCC/ARM_CM4F -I../bsp/cubemx/Middlewares/ST/STM32_USB_Device_Library/Core/Inc -I../bsp/cubemx/Middlewares/ST/STM32_USB_Device_Library/Class/CDC/Inc -I../bsp/cubemx/Drivers/CMSIS/Device/ST/STM32F4xx/Include -I../bsp/cubemx/Drivers/CMSIS/Include -O0 -ffunction-sections -fdata-sections -Wall -fstack-usage -fcyclomatic-complexity -MMD -MP -MF"bsp/cubemx/Drivers/STM32F4xx_HAL_Driver/Src/stm32f4xx_hal_flash.d" -MT"bsp/cubemx/Drivers/STM32F4xx_HAL_Driver/Src/stm32f4xx_hal_flash.o" --specs=nano.specs -mfpu=fpv4-sp-d16 -mfloat-abi=hard -mthumb -o "bsp/cubemx/Drivers/STM32F4xx_HAL_Driver/Src/stm32f4xx_hal_flash.o"
arm-none-eabi-gcc "../bsp/cubemx/Drivers/STM32F4xx_HAL_Driver/Src/stm32f4xx_hal_flash_ex.c" -mcpu=cortex-m4 -std=gnu11 -g3 -DDEBUG -DUSE_HAL_DRIVER -DSTM32F427xx -c -I../motors/Inc -I../applications -I../bsp/cubemx/Core/Inc -I../bsp/cubemx/USB_DEVICE/App -I../bsp/cubemx/USB_DEVICE/Target -I../bsp/cubemx/Drivers/STM32F4xx_HAL_Driver/Inc -I../bsp/cubemx/Drivers/STM32F4xx_HAL_Driver/Inc/Legacy -I../bsp/cubemx/Middlewares/Third_Party/FreeRTOS/Source/include -I../bsp/cubemx/Middlewares/Third_Party/FreeRTOS/Source/CMSIS_RTOS_V2 -I../bsp/cubemx/Middlewares/Third_Party/FreeRTOS/Source/portable/GCC/ARM_CM4F -I../bsp/cubemx/Middlewares/ST/STM32_USB_Device_Library/Core/Inc -I../bsp/cubemx/Middlewares/ST/STM32_USB_Device_Library/Class/CDC/Inc -I../bsp/cubemx/Drivers/CMSIS/Device/ST/STM32F4xx/Include -I../bsp/cubemx/Drivers/CMSIS/Include -O0 -ffunction-sections -fdata-sections -Wall -fstack-usage -fcyclomatic-complexity -MMD -MP -MF"bsp/cubemx/Drivers/STM32F4xx_HAL_Driver/Src/stm32f4xx_hal_flash_ex.d" -MT"bsp/cubemx/Drivers/STM32F4xx_HAL_Driver/Src/stm32f4xx_hal_flash_ex.o" --specs=nano.specs -mfpu=fpv4-sp-d16 -mfloat-abi=hard -mthumb -o "bsp/cubemx/Drivers/STM32F4xx_HAL_Driver/Src/stm32f4xx_hal_flash_ex.o"
arm-none-eabi-gcc "../bsp/cubemx/Drivers/STM32F4xx_HAL_Driver/Src/stm32f4xx_hal_flash_ramfunc.c" -mcpu=cortex-m4 -std=gnu11 -g3 -DDEBUG -DUSE_HAL_DRIVER -DSTM32F427xx -c -I../motors/Inc -I../applications -I../bsp/cubemx/Core/Inc -I../bsp/cubemx/USB_DEVICE/App -I../bsp/cubemx/USB_DEVICE/Target -I../bsp/cubemx/Drivers/STM32F4xx_HAL_Driver/Inc -I../bsp/cubemx/Drivers/STM32F4xx_HAL_Driver/Inc/Legacy -I../bsp/cubemx/Middlewares/Third_Party/FreeRTOS/Source/include -I../bsp/cubemx/Middlewares/Third_Party/FreeRTOS/Source/CMSIS_RTOS_V2 -I../bsp/cubemx/Middlewares/Third_Party/FreeRTOS/Source/portable/GCC/ARM_CM4F -I../bsp/cubemx/Middlewares/ST/STM32_USB_Device_Library/Core/Inc -I../bsp/cubemx/Middlewares/ST/STM32_USB_Device_Library/Class/CDC/Inc -I../bsp/cubemx/Drivers/CMSIS/Device/ST/STM32F4xx/Include -I../bsp/cubemx/Drivers/CMSIS/Include -O0 -ffunction-sections -fdata-sections -Wall -fstack-usage -fcyclomatic-complexity -MMD -MP -MF"bsp/cubemx/Drivers/STM32F4xx_HAL_Driver/Src/stm32f4xx_hal_flash_ramfunc.d" -MT"bsp/cubemx/Drivers/STM32F4xx_HAL_Driver/Src/stm32f4xx_hal_flash_ramfunc.o" --specs=nano.specs -mfpu=fpv4-sp-d16 -mfloat-abi=hard -mthumb -o "bsp/cubemx/Drivers/STM32F4xx_HAL_Driver/Src/stm32f4xx_hal_flash_ramfunc.o"
arm-none-eabi-gcc "../bsp/cubemx/Drivers/STM32F4xx_HAL_Driver/Src/stm32f4xx_hal_gpio.c" -mcpu=cortex-m4 -std=gnu11 -g3 -DDEBUG -DUSE_HAL_DRIVER -DSTM32F427xx -c -I../motors/Inc -I../applications -I../bsp/cubemx/Core/Inc -I../bsp/cubemx/USB_DEVICE/App -I../bsp/cubemx/USB_DEVICE/Target -I../bsp/cubemx/Drivers/STM32F4xx_HAL_Driver/Inc -I../bsp/cubemx/Drivers/STM32F4xx_HAL_Driver/Inc/Legacy -I../bsp/cubemx/Middlewares/Third_Party/FreeRTOS/Source/include -I../bsp/cubemx/Middlewares/Third_Party/FreeRTOS/Source/CMSIS_RTOS_V2 -I../bsp/cubemx/Middlewares/Third_Party/FreeRTOS/Source/portable/GCC/ARM_CM4F -I../bsp/cubemx/Middlewares/ST/STM32_USB_Device_Library/Core/Inc -I../bsp/cubemx/Middlewares/ST/STM32_USB_Device_Library/Class/CDC/Inc -I../bsp/cubemx/Drivers/CMSIS/Device/ST/STM32F4xx/Include -I../bsp/cubemx/Drivers/CMSIS/Include -O0 -ffunction-sections -fdata-sections -Wall -fstack-usage -fcyclomatic-complexity -MMD -MP -MF"bsp/cubemx/Drivers/STM32F4xx_HAL_Driver/Src/stm32f4xx_hal_gpio.d" -MT"bsp/cubemx/Drivers/STM32F4xx_HAL_Driver/Src/stm32f4xx_hal_gpio.o" --specs=nano.specs -mfpu=fpv4-sp-d16 -mfloat-abi=hard -mthumb -o "bsp/cubemx/Drivers/STM32F4xx_HAL_Driver/Src/stm32f4xx_hal_gpio.o"
arm-none-eabi-gcc "../bsp/cubemx/Drivers/STM32F4xx_HAL_Driver/Src/stm32f4xx_hal_pcd.c" -mcpu=cortex-m4 -std=gnu11 -g3 -DDEBUG -DUSE_HAL_DRIVER -DSTM32F427xx -c -I../motors/Inc -I../applications -I../bsp/cubemx/Core/Inc -I../bsp/cubemx/USB_DEVICE/App -I../bsp/cubemx/USB_DEVICE/Target -I../bsp/cubemx/Drivers/STM32F4xx_HAL_Driver/Inc -I../bsp/cubemx/Drivers/STM32F4xx_HAL_Driver/Inc/Legacy -I../bsp/cubemx/Middlewares/Third_Party/FreeRTOS/Source/include -I../bsp/cubemx/Middlewares/Third_Party/FreeRTOS/Source/CMSIS_RTOS_V2 -I../bsp/cubemx/Middlewares/Third_Party/FreeRTOS/Source/portable/GCC/ARM_CM4F -I../bsp/cubemx/Middlewares/ST/STM32_USB_Device_Library/Core/Inc -I../bsp/cubemx/Middlewares/ST/STM32_USB_Device_Library/Class/CDC/Inc -I../bsp/cubemx/Drivers/CMSIS/Device/ST/STM32F4xx/Include -I../bsp/cubemx/Drivers/CMSIS/Include -O0 -ffunction-sections -fdata-sections -Wall -fstack-usage -fcyclomatic-complexity -MMD -MP -MF"bsp/cubemx/Drivers/STM32F4xx_HAL_Driver/Src/stm32f4xx_hal_pcd.d" -MT"bsp/cubemx/Drivers/STM32F4xx_HAL_Driver/Src/stm32f4xx_hal_pcd.o" --specs=nano.specs -mfpu=fpv4-sp-d16 -mfloat-abi=hard -mthumb -o "bsp/cubemx/Drivers/STM32F4xx_HAL_Driver/Src/stm32f4xx_hal_pcd.o"
arm-none-eabi-gcc "../bsp/cubemx/Drivers/STM32F4xx_HAL_Driver/Src/stm32f4xx_hal_pcd_ex.c" -mcpu=cortex-m4 -std=gnu11 -g3 -DDEBUG -DUSE_HAL_DRIVER -DSTM32F427xx -c -I../motors/Inc -I../applications -I../bsp/cubemx/Core/Inc -I../bsp/cubemx/USB_DEVICE/App -I../bsp/cubemx/USB_DEVICE/Target -I../bsp/cubemx/Drivers/STM32F4xx_HAL_Driver/Inc -I../bsp/cubemx/Drivers/STM32F4xx_HAL_Driver/Inc/Legacy -I../bsp/cubemx/Middlewares/Third_Party/FreeRTOS/Source/include -I../bsp/cubemx/Middlewares/Third_Party/FreeRTOS/Source/CMSIS_RTOS_V2 -I../bsp/cubemx/Middlewares/Third_Party/FreeRTOS/Source/portable/GCC/ARM_CM4F -I../bsp/cubemx/Middlewares/ST/STM32_USB_Device_Library/Core/Inc -I../bsp/cubemx/Middlewares/ST/STM32_USB_Device_Library/Class/CDC/Inc -I../bsp/cubemx/Drivers/CMSIS/Device/ST/STM32F4xx/Include -I../bsp/cubemx/Drivers/CMSIS/Include -O0 -ffunction-sections -fdata-sections -Wall -fstack-usage -fcyclomatic-complexity -MMD -MP -MF"bsp/cubemx/Drivers/STM32F4xx_HAL_Driver/Src/stm32f4xx_hal_pcd_ex.d" -MT"bsp/cubemx/Drivers/STM32F4xx_HAL_Driver/Src/stm32f4xx_hal_pcd_ex.o" --specs=nano.specs -mfpu=fpv4-sp-d16 -mfloat-abi=hard -mthumb -o "bsp/cubemx/Drivers/STM32F4xx_HAL_Driver/Src/stm32f4xx_hal_pcd_ex.o"
arm-none-eabi-gcc "../bsp/cubemx/Drivers/STM32F4xx_HAL_Driver/Src/stm32f4xx_hal_pwr.c" -mcpu=cortex-m4 -std=gnu11 -g3 -DDEBUG -DUSE_HAL_DRIVER -DSTM32F427xx -c -I../motors/Inc -I../applications -I../bsp/cubemx/Core/Inc -I../bsp/cubemx/USB_DEVICE/App -I../bsp/cubemx/USB_DEVICE/Target -I../bsp/cubemx/Drivers/STM32F4xx_HAL_Driver/Inc -I../bsp/cubemx/Drivers/STM32F4xx_HAL_Driver/Inc/Legacy -I../bsp/cubemx/Middlewares/Third_Party/FreeRTOS/Source/include -I../bsp/cubemx/Middlewares/Third_Party/FreeRTOS/Source/CMSIS_RTOS_V2 -I../bsp/cubemx/Middlewares/Third_Party/FreeRTOS/Source/portable/GCC/ARM_CM4F -I../bsp/cubemx/Middlewares/ST/STM32_USB_Device_Library/Core/Inc -I../bsp/cubemx/Middlewares/ST/STM32_USB_Device_Library/Class/CDC/Inc -I../bsp/cubemx/Drivers/CMSIS/Device/ST/STM32F4xx/Include -I../bsp/cubemx/Drivers/CMSIS/Include -O0 -ffunction-sections -fdata-sections -Wall -fstack-usage -fcyclomatic-complexity -MMD -MP -MF"bsp/cubemx/Drivers/STM32F4xx_HAL_Driver/Src/stm32f4xx_hal_pwr.d" -MT"bsp/cubemx/Drivers/STM32F4xx_HAL_Driver/Src/stm32f4xx_hal_pwr.o" --specs=nano.specs -mfpu=fpv4-sp-d16 -mfloat-abi=hard -mthumb -o "bsp/cubemx/Drivers/STM32F4xx_HAL_Driver/Src/stm32f4xx_hal_pwr.o"
arm-none-eabi-gcc "../bsp/cubemx/Drivers/STM32F4xx_HAL_Driver/Src/stm32f4xx_hal_pwr_ex.c" -mcpu=cortex-m4 -std=gnu11 -g3 -DDEBUG -DUSE_HAL_DRIVER -DSTM32F427xx -c -I../motors/Inc -I../applications -I../bsp/cubemx/Core/Inc -I../bsp/cubemx/USB_DEVICE/App -I../bsp/cubemx/USB_DEVICE/Target -I../bsp/cubemx/Drivers/STM32F4xx_HAL_Driver/Inc -I../bsp/cubemx/Drivers/STM32F4xx_HAL_Driver/Inc/Legacy -I../bsp/cubemx/Middlewares/Third_Party/FreeRTOS/Source/include -I../bsp/cubemx/Middlewares/Third_Party/FreeRTOS/Source/CMSIS_RTOS_V2 -I../bsp/cubemx/Middlewares/Third_Party/FreeRTOS/Source/portable/GCC/ARM_CM4F -I../bsp/cubemx/Middlewares/ST/STM32_USB_Device_Library/Core/Inc -I../bsp/cubemx/Middlewares/ST/STM32_USB_Device_Library/Class/CDC/Inc -I../bsp/cubemx/Drivers/CMSIS/Device/ST/STM32F4xx/Include -I../bsp/cubemx/Drivers/CMSIS/Include -O0 -ffunction-sections -fdata-sections -Wall -fstack-usage -fcyclomatic-complexity -MMD -MP -MF"bsp/cubemx/Drivers/STM32F4xx_HAL_Driver/Src/stm32f4xx_hal_pwr_ex.d" -MT"bsp/cubemx/Drivers/STM32F4xx_HAL_Driver/Src/stm32f4xx_hal_pwr_ex.o" --specs=nano.specs -mfpu=fpv4-sp-d16 -mfloat-abi=hard -mthumb -o "bsp/cubemx/Drivers/STM32F4xx_HAL_Driver/Src/stm32f4xx_hal_pwr_ex.o"
arm-none-eabi-gcc "../bsp/cubemx/Drivers/STM32F4xx_HAL_Driver/Src/stm32f4xx_hal_rcc.c" -mcpu=cortex-m4 -std=gnu11 -g3 -DDEBUG -DUSE_HAL_DRIVER -DSTM32F427xx -c -I../motors/Inc -I../applications -I../bsp/cubemx/Core/Inc -I../bsp/cubemx/USB_DEVICE/App -I../bsp/cubemx/USB_DEVICE/Target -I../bsp/cubemx/Drivers/STM32F4xx_HAL_Driver/Inc -I../bsp/cubemx/Drivers/STM32F4xx_HAL_Driver/Inc/Legacy -I../bsp/cubemx/Middlewares/Third_Party/FreeRTOS/Source/include -I../bsp/cubemx/Middlewares/Third_Party/FreeRTOS/Source/CMSIS_RTOS_V2 -I../bsp/cubemx/Middlewares/Third_Party/FreeRTOS/Source/portable/GCC/ARM_CM4F -I../bsp/cubemx/Middlewares/ST/STM32_USB_Device_Library/Core/Inc -I../bsp/cubemx/Middlewares/ST/STM32_USB_Device_Library/Class/CDC/Inc -I../bsp/cubemx/Drivers/CMSIS/Device/ST/STM32F4xx/Include -I../bsp/cubemx/Drivers/CMSIS/Include -O0 -ffunction-sections -fdata-sections -Wall -fstack-usage -fcyclomatic-complexity -MMD -MP -MF"bsp/cubemx/Drivers/STM32F4xx_HAL_Driver/Src/stm32f4xx_hal_rcc.d" -MT"bsp/cubemx/Drivers/STM32F4xx_HAL_Driver/Src/stm32f4xx_hal_rcc.o" --specs=nano.specs -mfpu=fpv4-sp-d16 -mfloat-abi=hard -mthumb -o "bsp/cubemx/Drivers/STM32F4xx_HAL_Driver/Src/stm32f4xx_hal_rcc.o"
arm-none-eabi-gcc "../bsp/cubemx/Drivers/STM32F4xx_HAL_Driver/Src/stm32f4xx_hal_rcc_ex.c" -mcpu=cortex-m4 -std=gnu11 -g3 -DDEBUG -DUSE_HAL_DRIVER -DSTM32F427xx -c -I../motors/Inc -I../applications -I../bsp/cubemx/Core/Inc -I../bsp/cubemx/USB_DEVICE/App -I../bsp/cubemx/USB_DEVICE/Target -I../bsp/cubemx/Drivers/STM32F4xx_HAL_Driver/Inc -I../bsp/cubemx/Drivers/STM32F4xx_HAL_Driver/Inc/Legacy -I../bsp/cubemx/Middlewares/Third_Party/FreeRTOS/Source/include -I../bsp/cubemx/Middlewares/Third_Party/FreeRTOS/Source/CMSIS_RTOS_V2 -I../bsp/cubemx/Middlewares/Third_Party/FreeRTOS/Source/portable/GCC/ARM_CM4F -I../bsp/cubemx/Middlewares/ST/STM32_USB_Device_Library/Core/Inc -I../bsp/cubemx/Middlewares/ST/STM32_USB_Device_Library/Class/CDC/Inc -I../bsp/cubemx/Drivers/CMSIS/Device/ST/STM32F4xx/Include -I../bsp/cubemx/Drivers/CMSIS/Include -O0 -ffunction-sections -fdata-sections -Wall -fstack-usage -fcyclomatic-complexity -MMD -MP -MF"bsp/cubemx/Drivers/STM32F4xx_HAL_Driver/Src/stm32f4xx_hal_rcc_ex.d" -MT"bsp/cubemx/Drivers/STM32F4xx_HAL_Driver/Src/stm32f4xx_hal_rcc_ex.o" --specs=nano.specs -mfpu=fpv4-sp-d16 -mfloat-abi=hard -mthumb -o "bsp/cubemx/Drivers/STM32F4xx_HAL_Driver/Src/stm32f4xx_hal_rcc_ex.o"
arm-none-eabi-gcc "../bsp/cubemx/Drivers/STM32F4xx_HAL_Driver/Src/stm32f4xx_hal_spi.c" -mcpu=cortex-m4 -std=gnu11 -g3 -DDEBUG -DUSE_HAL_DRIVER -DSTM32F427xx -c -I../motors/Inc -I../applications -I../bsp/cubemx/Core/Inc -I../bsp/cubemx/USB_DEVICE/App -I../bsp/cubemx/USB_DEVICE/Target -I../bsp/cubemx/Drivers/STM32F4xx_HAL_Driver/Inc -I../bsp/cubemx/Drivers/STM32F4xx_HAL_Driver/Inc/Legacy -I../bsp/cubemx/Middlewares/Third_Party/FreeRTOS/Source/include -I../bsp/cubemx/Middlewares/Third_Party/FreeRTOS/Source/CMSIS_RTOS_V2 -I../bsp/cubemx/Middlewares/Third_Party/FreeRTOS/Source/portable/GCC/ARM_CM4F -I../bsp/cubemx/Middlewares/ST/STM32_USB_Device_Library/Core/Inc -I../bsp/cubemx/Middlewares/ST/STM32_USB_Device_Library/Class/CDC/Inc -I../bsp/cubemx/Drivers/CMSIS/Device/ST/STM32F4xx/Include -I../bsp/cubemx/Drivers/CMSIS/Include -O0 -ffunction-sections -fdata-sections -Wall -fstack-usage -fcyclomatic-complexity -MMD -MP -MF"bsp/cubemx/Drivers/STM32F4xx_HAL_Driver/Src/stm32f4xx_hal_spi.d" -MT"bsp/cubemx/Drivers/STM32F4xx_HAL_Driver/Src/stm32f4xx_hal_spi.o" --specs=nano.specs -mfpu=fpv4-sp-d16 -mfloat-abi=hard -mthumb -o "bsp/cubemx/Drivers/STM32F4xx_HAL_Driver/Src/stm32f4xx_hal_spi.o"
arm-none-eabi-gcc "../bsp/cubemx/Drivers/STM32F4xx_HAL_Driver/Src/stm32f4xx_hal_tim.c" -mcpu=cortex-m4 -std=gnu11 -g3 -DDEBUG -DUSE_HAL_DRIVER -DSTM32F427xx -c -I../motors/Inc -I../applications -I../bsp/cubemx/Core/Inc -I../bsp/cubemx/USB_DEVICE/App -I../bsp/cubemx/USB_DEVICE/Target -I../bsp/cubemx/Drivers/STM32F4xx_HAL_Driver/Inc -I../bsp/cubemx/Drivers/STM32F4xx_HAL_Driver/Inc/Legacy -I../bsp/cubemx/Middlewares/Third_Party/FreeRTOS/Source/include -I../bsp/cubemx/Middlewares/Third_Party/FreeRTOS/Source/CMSIS_RTOS_V2 -I../bsp/cubemx/Middlewares/Third_Party/FreeRTOS/Source/portable/GCC/ARM_CM4F -I../bsp/cubemx/Middlewares/ST/STM32_USB_Device_Library/Core/Inc -I../bsp/cubemx/Middlewares/ST/STM32_USB_Device_Library/Class/CDC/Inc -I../bsp/cubemx/Drivers/CMSIS/Device/ST/STM32F4xx/Include -I../bsp/cubemx/Drivers/CMSIS/Include -O0 -ffunction-sections -fdata-sections -Wall -fstack-usage -fcyclomatic-complexity -MMD -MP -MF"bsp/cubemx/Drivers/STM32F4xx_HAL_Driver/Src/stm32f4xx_hal_tim.d" -MT"bsp/cubemx/Drivers/STM32F4xx_HAL_Driver/Src/stm32f4xx_hal_tim.o" --specs=nano.specs -mfpu=fpv4-sp-d16 -mfloat-abi=hard -mthumb -o "bsp/cubemx/Drivers/STM32F4xx_HAL_Driver/Src/stm32f4xx_hal_tim.o"
arm-none-eabi-gcc "../bsp/cubemx/Drivers/STM32F4xx_HAL_Driver/Src/stm32f4xx_hal_tim_ex.c" -mcpu=cortex-m4 -std=gnu11 -g3 -DDEBUG -DUSE_HAL_DRIVER -DSTM32F427xx -c -I../motors/Inc -I../applications -I../bsp/cubemx/Core/Inc -I../bsp/cubemx/USB_DEVICE/App -I../bsp/cubemx/USB_DEVICE/Target -I../bsp/cubemx/Drivers/STM32F4xx_HAL_Driver/Inc -I../bsp/cubemx/Drivers/STM32F4xx_HAL_Driver/Inc/Legacy -I../bsp/cubemx/Middlewares/Third_Party/FreeRTOS/Source/include -I../bsp/cubemx/Middlewares/Third_Party/FreeRTOS/Source/CMSIS_RTOS_V2 -I../bsp/cubemx/Middlewares/Third_Party/FreeRTOS/Source/portable/GCC/ARM_CM4F -I../bsp/cubemx/Middlewares/ST/STM32_USB_Device_Library/Core/Inc -I../bsp/cubemx/Middlewares/ST/STM32_USB_Device_Library/Class/CDC/Inc -I../bsp/cubemx/Drivers/CMSIS/Device/ST/STM32F4xx/Include -I../bsp/cubemx/Drivers/CMSIS/Include -O0 -ffunction-sections -fdata-sections -Wall -fstack-usage -fcyclomatic-complexity -MMD -MP -MF"bsp/cubemx/Drivers/STM32F4xx_HAL_Driver/Src/stm32f4xx_hal_tim_ex.d" -MT"bsp/cubemx/Drivers/STM32F4xx_HAL_Driver/Src/stm32f4xx_hal_tim_ex.o" --specs=nano.specs -mfpu=fpv4-sp-d16 -mfloat-abi=hard -mthumb -o "bsp/cubemx/Drivers/STM32F4xx_HAL_Driver/Src/stm32f4xx_hal_tim_ex.o"
arm-none-eabi-gcc "../bsp/cubemx/Drivers/STM32F4xx_HAL_Driver/Src/stm32f4xx_hal_uart.c" -mcpu=cortex-m4 -std=gnu11 -g3 -DDEBUG -DUSE_HAL_DRIVER -DSTM32F427xx -c -I../motors/Inc -I../applications -I../bsp/cubemx/Core/Inc -I../bsp/cubemx/USB_DEVICE/App -I../bsp/cubemx/USB_DEVICE/Target -I../bsp/cubemx/Drivers/STM32F4xx_HAL_Driver/Inc -I../bsp/cubemx/Drivers/STM32F4xx_HAL_Driver/Inc/Legacy -I../bsp/cubemx/Middlewares/Third_Party/FreeRTOS/Source/include -I../bsp/cubemx/Middlewares/Third_Party/FreeRTOS/Source/CMSIS_RTOS_V2 -I../bsp/cubemx/Middlewares/Third_Party/FreeRTOS/Source/portable/GCC/ARM_CM4F -I../bsp/cubemx/Middlewares/ST/STM32_USB_Device_Library/Core/Inc -I../bsp/cubemx/Middlewares/ST/STM32_USB_Device_Library/Class/CDC/Inc -I../bsp/cubemx/Drivers/CMSIS/Device/ST/STM32F4xx/Include -I../bsp/cubemx/Drivers/CMSIS/Include -O0 -ffunction-sections -fdata-sections -Wall -fstack-usage -fcyclomatic-complexity -MMD -MP -MF"bsp/cubemx/Drivers/STM32F4xx_HAL_Driver/Src/stm32f4xx_hal_uart.d" -MT"bsp/cubemx/Drivers/STM32F4xx_HAL_Driver/Src/stm32f4xx_hal_uart.o" --specs=nano.specs -mfpu=fpv4-sp-d16 -mfloat-abi=hard -mthumb -o "bsp/cubemx/Drivers/STM32F4xx_HAL_Driver/Src/stm32f4xx_hal_uart.o"
arm-none-eabi-gcc "../bsp/cubemx/Drivers/STM32F4xx_HAL_Driver/Src/stm32f4xx_ll_usb.c" -mcpu=cortex-m4 -std=gnu11 -g3 -DDEBUG -DUSE_HAL_DRIVER -DSTM32F427xx -c -I../motors/Inc -I../applications -I../bsp/cubemx/Core/Inc -I../bsp/cubemx/USB_DEVICE/App -I../bsp/cubemx/USB_DEVICE/Target -I../bsp/cubemx/Drivers/STM32F4xx_HAL_Driver/Inc -I../bsp/cubemx/Drivers/STM32F4xx_HAL_Driver/Inc/Legacy -I../bsp/cubemx/Middlewares/Third_Party/FreeRTOS/Source/include -I../bsp/cubemx/Middlewares/Third_Party/FreeRTOS/Source/CMSIS_RTOS_V2 -I../bsp/cubemx/Middlewares/Third_Party/FreeRTOS/Source/portable/GCC/ARM_CM4F -I../bsp/cubemx/Middlewares/ST/STM32_USB_Device_Library/Core/Inc -I../bsp/cubemx/Middlewares/ST/STM32_USB_Device_Library/Class/CDC/Inc -I../bsp/cubemx/Drivers/CMSIS/Device/ST/STM32F4xx/Include -I../bsp/cubemx/Drivers/CMSIS/Include -O0 -ffunction-sections -fdata-sections -Wall -fstack-usage -fcyclomatic-complexity -MMD -MP -MF"bsp/cubemx/Drivers/STM32F4xx_HAL_Driver/Src/stm32f4xx_ll_usb.d" -MT"bsp/cubemx/Drivers/STM32F4xx_HAL_Driver/Src/stm32f4xx_ll_usb.o" --specs=nano.specs -mfpu=fpv4-sp-d16 -mfloat-abi=hard -mthumb -o "bsp/cubemx/Drivers/STM32F4xx_HAL_Driver/Src/stm32f4xx_ll_usb.o"
arm-none-eabi-gcc -mcpu=cortex-m4 -g3 -DDEBUG -c -x assembler-with-cpp -MMD -MP -MF"bsp/cubemx/Core/Startup/startup_stm32f427iihx.d" -MT"bsp/cubemx/Core/Startup/startup_stm32f427iihx.o" --specs=nano.specs -mfpu=fpv4-sp-d16 -mfloat-abi=hard -mthumb -o "bsp/cubemx/Core/Startup/startup_stm32f427iihx.o" "../bsp/cubemx/Core/Startup/startup_stm32f427iihx.s"
arm-none-eabi-gcc "../bsp/cubemx/Core/Src/can.c" -mcpu=cortex-m4 -std=gnu11 -g3 -DDEBUG -DUSE_HAL_DRIVER -DSTM32F427xx -c -I../motors/Inc -I../applications -I../bsp/cubemx/Core/Inc -I../bsp/cubemx/USB_DEVICE/App -I../bsp/cubemx/USB_DEVICE/Target -I../bsp/cubemx/Drivers/STM32F4xx_HAL_Driver/Inc -I../bsp/cubemx/Drivers/STM32F4xx_HAL_Driver/Inc/Legacy -I../bsp/cubemx/Middlewares/Third_Party/FreeRTOS/Source/include -I../bsp/cubemx/Middlewares/Third_Party/FreeRTOS/Source/CMSIS_RTOS_V2 -I../bsp/cubemx/Middlewares/Third_Party/FreeRTOS/Source/portable/GCC/ARM_CM4F -I../bsp/cubemx/Middlewares/ST/STM32_USB_Device_Library/Core/Inc -I../bsp/cubemx/Middlewares/ST/STM32_USB_Device_Library/Class/CDC/Inc -I../bsp/cubemx/Drivers/CMSIS/Device/ST/STM32F4xx/Include -I../bsp/cubemx/Drivers/CMSIS/Include -O0 -ffunction-sections -fdata-sections -Wall -fstack-usage -fcyclomatic-complexity -MMD -MP -MF"bsp/cubemx/Core/Src/can.d" -MT"bsp/cubemx/Core/Src/can.o" --specs=nano.specs -mfpu=fpv4-sp-d16 -mfloat-abi=hard -mthumb -o "bsp/cubemx/Core/Src/can.o"
arm-none-eabi-gcc "../bsp/cubemx/Core/Src/freertos.c" -mcpu=cortex-m4 -std=gnu11 -g3 -DDEBUG -DUSE_HAL_DRIVER -DSTM32F427xx -c -I../motors/Inc -I../applications -I../bsp/cubemx/Core/Inc -I../bsp/cubemx/USB_DEVICE/App -I../bsp/cubemx/USB_DEVICE/Target -I../bsp/cubemx/Drivers/STM32F4xx_HAL_Driver/Inc -I../bsp/cubemx/Drivers/STM32F4xx_HAL_Driver/Inc/Legacy -I../bsp/cubemx/Middlewares/Third_Party/FreeRTOS/Source/include -I../bsp/cubemx/Middlewares/Third_Party/FreeRTOS/Source/CMSIS_RTOS_V2 -I../bsp/cubemx/Middlewares/Third_Party/FreeRTOS/Source/portable/GCC/ARM_CM4F -I../bsp/cubemx/Middlewares/ST/STM32_USB_Device_Library/Core/Inc -I../bsp/cubemx/Middlewares/ST/STM32_USB_Device_Library/Class/CDC/Inc -I../bsp/cubemx/Drivers/CMSIS/Device/ST/STM32F4xx/Include -I../bsp/cubemx/Drivers/CMSIS/Include -O0 -ffunction-sections -fdata-sections -Wall -fstack-usage -fcyclomatic-complexity -MMD -MP -MF"bsp/cubemx/Core/Src/freertos.d" -MT"bsp/cubemx/Core/Src/freertos.o" --specs=nano.specs -mfpu=fpv4-sp-d16 -mfloat-abi=hard -mthumb -o "bsp/cubemx/Core/Src/freertos.o"
arm-none-eabi-gcc "../bsp/cubemx/Core/Src/gpio.c" -mcpu=cortex-m4 -std=gnu11 -g3 -DDEBUG -DUSE_HAL_DRIVER -DSTM32F427xx -c -I../motors/Inc -I../applications -I../bsp/cubemx/Core/Inc -I../bsp/cubemx/USB_DEVICE/App -I../bsp/cubemx/USB_DEVICE/Target -I../bsp/cubemx/Drivers/STM32F4xx_HAL_Driver/Inc -I../bsp/cubemx/Drivers/STM32F4xx_HAL_Driver/Inc/Legacy -I../bsp/cubemx/Middlewares/Third_Party/FreeRTOS/Source/include -I../bsp/cubemx/Middlewares/Third_Party/FreeRTOS/Source/CMSIS_RTOS_V2 -I../bsp/cubemx/Middlewares/Third_Party/FreeRTOS/Source/portable/GCC/ARM_CM4F -I../bsp/cubemx/Middlewares/ST/STM32_USB_Device_Library/Core/Inc -I../bsp/cubemx/Middlewares/ST/STM32_USB_Device_Library/Class/CDC/Inc -I../bsp/cubemx/Drivers/CMSIS/Device/ST/STM32F4xx/Include -I../bsp/cubemx/Drivers/CMSIS/Include -O0 -ffunction-sections -fdata-sections -Wall -fstack-usage -fcyclomatic-complexity -MMD -MP -MF"bsp/cubemx/Core/Src/gpio.d" -MT"bsp/cubemx/Core/Src/gpio.o" --specs=nano.specs -mfpu=fpv4-sp-d16 -mfloat-abi=hard -mthumb -o "bsp/cubemx/Core/Src/gpio.o"
arm-none-eabi-gcc "../bsp/cubemx/Core/Src/main.c" -mcpu=cortex-m4 -std=gnu11 -g3 -DDEBUG -DUSE_HAL_DRIVER -DSTM32F427xx -c -I../motors/Inc -I../applications -I../bsp/cubemx/Core/Inc -I../bsp/cubemx/USB_DEVICE/App -I../bsp/cubemx/USB_DEVICE/Target -I../bsp/cubemx/Drivers/STM32F4xx_HAL_Driver/Inc -I../bsp/cubemx/Drivers/STM32F4xx_HAL_Driver/Inc/Legacy -I../bsp/cubemx/Middlewares/Third_Party/FreeRTOS/Source/include -I../bsp/cubemx/Middlewares/Third_Party/FreeRTOS/Source/CMSIS_RTOS_V2 -I../bsp/cubemx/Middlewares/Third_Party/FreeRTOS/Source/portable/GCC/ARM_CM4F -I../bsp/cubemx/Middlewares/ST/STM32_USB_Device_Library/Core/Inc -I../bsp/cubemx/Middlewares/ST/STM32_USB_Device_Library/Class/CDC/Inc -I../bsp/cubemx/Drivers/CMSIS/Device/ST/STM32F4xx/Include -I../bsp/cubemx/Drivers/CMSIS/Include -O0 -ffunction-sections -fdata-sections -Wall -fstack-usage -fcyclomatic-complexity -MMD -MP -MF"bsp/cubemx/Core/Src/main.d" -MT"bsp/cubemx/Core/Src/main.o" --specs=nano.specs -mfpu=fpv4-sp-d16 -mfloat-abi=hard -mthumb -o "bsp/cubemx/Core/Src/main.o"
arm-none-eabi-gcc "../bsp/cubemx/Core/Src/spi.c" -mcpu=cortex-m4 -std=gnu11 -g3 -DDEBUG -DUSE_HAL_DRIVER -DSTM32F427xx -c -I../motors/Inc -I../applications -I../bsp/cubemx/Core/Inc -I../bsp/cubemx/USB_DEVICE/App -I../bsp/cubemx/USB_DEVICE/Target -I../bsp/cubemx/Drivers/STM32F4xx_HAL_Driver/Inc -I../bsp/cubemx/Drivers/STM32F4xx_HAL_Driver/Inc/Legacy -I../bsp/cubemx/Middlewares/Third_Party/FreeRTOS/Source/include -I../bsp/cubemx/Middlewares/Third_Party/FreeRTOS/Source/CMSIS_RTOS_V2 -I../bsp/cubemx/Middlewares/Third_Party/FreeRTOS/Source/portable/GCC/ARM_CM4F -I../bsp/cubemx/Middlewares/ST/STM32_USB_Device_Library/Core/Inc -I../bsp/cubemx/Middlewares/ST/STM32_USB_Device_Library/Class/CDC/Inc -I../bsp/cubemx/Drivers/CMSIS/Device/ST/STM32F4xx/Include -I../bsp/cubemx/Drivers/CMSIS/Include -O0 -ffunction-sections -fdata-sections -Wall -fstack-usage -fcyclomatic-complexity -MMD -MP -MF"bsp/cubemx/Core/Src/spi.d" -MT"bsp/cubemx/Core/Src/spi.o" --specs=nano.specs -mfpu=fpv4-sp-d16 -mfloat-abi=hard -mthumb -o "bsp/cubemx/Core/Src/spi.o"
arm-none-eabi-gcc "../bsp/cubemx/Core/Src/stm32f4xx_hal_msp.c" -mcpu=cortex-m4 -std=gnu11 -g3 -DDEBUG -DUSE_HAL_DRIVER -DSTM32F427xx -c -I../motors/Inc -I../applications -I../bsp/cubemx/Core/Inc -I../bsp/cubemx/USB_DEVICE/App -I../bsp/cubemx/USB_DEVICE/Target -I../bsp/cubemx/Drivers/STM32F4xx_HAL_Driver/Inc -I../bsp/cubemx/Drivers/STM32F4xx_HAL_Driver/Inc/Legacy -I../bsp/cubemx/Middlewares/Third_Party/FreeRTOS/Source/include -I../bsp/cubemx/Middlewares/Third_Party/FreeRTOS/Source/CMSIS_RTOS_V2 -I../bsp/cubemx/Middlewares/Third_Party/FreeRTOS/Source/portable/GCC/ARM_CM4F -I../bsp/cubemx/Middlewares/ST/STM32_USB_Device_Library/Core/Inc -I../bsp/cubemx/Middlewares/ST/STM32_USB_Device_Library/Class/CDC/Inc -I../bsp/cubemx/Drivers/CMSIS/Device/ST/STM32F4xx/Include -I../bsp/cubemx/Drivers/CMSIS/Include -O0 -ffunction-sections -fdata-sections -Wall -fstack-usage -fcyclomatic-complexity -MMD -MP -MF"bsp/cubemx/Core/Src/stm32f4xx_hal_msp.d" -MT"bsp/cubemx/Core/Src/stm32f4xx_hal_msp.o" --specs=nano.specs -mfpu=fpv4-sp-d16 -mfloat-abi=hard -mthumb -o "bsp/cubemx/Core/Src/stm32f4xx_hal_msp.o"
arm-none-eabi-gcc "../bsp/cubemx/Core/Src/stm32f4xx_hal_timebase_tim.c" -mcpu=cortex-m4 -std=gnu11 -g3 -DDEBUG -DUSE_HAL_DRIVER -DSTM32F427xx -c -I../motors/Inc -I../applications -I../bsp/cubemx/Core/Inc -I../bsp/cubemx/USB_DEVICE/App -I../bsp/cubemx/USB_DEVICE/Target -I../bsp/cubemx/Drivers/STM32F4xx_HAL_Driver/Inc -I../bsp/cubemx/Drivers/STM32F4xx_HAL_Driver/Inc/Legacy -I../bsp/cubemx/Middlewares/Third_Party/FreeRTOS/Source/include -I../bsp/cubemx/Middlewares/Third_Party/FreeRTOS/Source/CMSIS_RTOS_V2 -I../bsp/cubemx/Middlewares/Third_Party/FreeRTOS/Source/portable/GCC/ARM_CM4F -I../bsp/cubemx/Middlewares/ST/STM32_USB_Device_Library/Core/Inc -I../bsp/cubemx/Middlewares/ST/STM32_USB_Device_Library/Class/CDC/Inc -I../bsp/cubemx/Drivers/CMSIS/Device/ST/STM32F4xx/Include -I../bsp/cubemx/Drivers/CMSIS/Include -O0 -ffunction-sections -fdata-sections -Wall -fstack-usage -fcyclomatic-complexity -MMD -MP -MF"bsp/cubemx/Core/Src/stm32f4xx_hal_timebase_tim.d" -MT"bsp/cubemx/Core/Src/stm32f4xx_hal_timebase_tim.o" --specs=nano.specs -mfpu=fpv4-sp-d16 -mfloat-abi=hard -mthumb -o "bsp/cubemx/Core/Src/stm32f4xx_hal_timebase_tim.o"
arm-none-eabi-gcc "../bsp/cubemx/Core/Src/stm32f4xx_it.c" -mcpu=cortex-m4 -std=gnu11 -g3 -DDEBUG -DUSE_HAL_DRIVER -DSTM32F427xx -c -I../motors/Inc -I../applications -I../bsp/cubemx/Core/Inc -I../bsp/cubemx/USB_DEVICE/App -I../bsp/cubemx/USB_DEVICE/Target -I../bsp/cubemx/Drivers/STM32F4xx_HAL_Driver/Inc -I../bsp/cubemx/Drivers/STM32F4xx_HAL_Driver/Inc/Legacy -I../bsp/cubemx/Middlewares/Third_Party/FreeRTOS/Source/include -I../bsp/cubemx/Middlewares/Third_Party/FreeRTOS/Source/CMSIS_RTOS_V2 -I../bsp/cubemx/Middlewares/Third_Party/FreeRTOS/Source/portable/GCC/ARM_CM4F -I../bsp/cubemx/Middlewares/ST/STM32_USB_Device_Library/Core/Inc -I../bsp/cubemx/Middlewares/ST/STM32_USB_Device_Library/Class/CDC/Inc -I../bsp/cubemx/Drivers/CMSIS/Device/ST/STM32F4xx/Include -I../bsp/cubemx/Drivers/CMSIS/Include -O0 -ffunction-sections -fdata-sections -Wall -fstack-usage -fcyclomatic-complexity -MMD -MP -MF"bsp/cubemx/Core/Src/stm32f4xx_it.d" -MT"bsp/cubemx/Core/Src/stm32f4xx_it.o" --specs=nano.specs -mfpu=fpv4-sp-d16 -mfloat-abi=hard -mthumb -o "bsp/cubemx/Core/Src/stm32f4xx_it.o"
arm-none-eabi-gcc "../bsp/cubemx/Core/Src/syscalls.c" -mcpu=cortex-m4 -std=gnu11 -g3 -DDEBUG -DUSE_HAL_DRIVER -DSTM32F427xx -c -I../motors/Inc -I../applications -I../bsp/cubemx/Core/Inc -I../bsp/cubemx/USB_DEVICE/App -I../bsp/cubemx/USB_DEVICE/Target -I../bsp/cubemx/Drivers/STM32F4xx_HAL_Driver/Inc -I../bsp/cubemx/Drivers/STM32F4xx_HAL_Driver/Inc/Legacy -I../bsp/cubemx/Middlewares/Third_Party/FreeRTOS/Source/include -I../bsp/cubemx/Middlewares/Third_Party/FreeRTOS/Source/CMSIS_RTOS_V2 -I../bsp/cubemx/Middlewares/Third_Party/FreeRTOS/Source/portable/GCC/ARM_CM4F -I../bsp/cubemx/Middlewares/ST/STM32_USB_Device_Library/Core/Inc -I../bsp/cubemx/Middlewares/ST/STM32_USB_Device_Library/Class/CDC/Inc -I../bsp/cubemx/Drivers/CMSIS/Device/ST/STM32F4xx/Include -I../bsp/cubemx/Drivers/CMSIS/Include -O0 -ffunction-sections -fdata-sections -Wall -fstack-usage -fcyclomatic-complexity -MMD -MP -MF"bsp/cubemx/Core/Src/syscalls.d" -MT"bsp/cubemx/Core/Src/syscalls.o" --specs=nano.specs -mfpu=fpv4-sp-d16 -mfloat-abi=hard -mthumb -o "bsp/cubemx/Core/Src/syscalls.o"
arm-none-eabi-gcc "../bsp/cubemx/Core/Src/sysmem.c" -mcpu=cortex-m4 -std=gnu11 -g3 -DDEBUG -DUSE_HAL_DRIVER -DSTM32F427xx -c -I../motors/Inc -I../applications -I../bsp/cubemx/Core/Inc -I../bsp/cubemx/USB_DEVICE/App -I../bsp/cubemx/USB_DEVICE/Target -I../bsp/cubemx/Drivers/STM32F4xx_HAL_Driver/Inc -I../bsp/cubemx/Drivers/STM32F4xx_HAL_Driver/Inc/Legacy -I../bsp/cubemx/Middlewares/Third_Party/FreeRTOS/Source/include -I../bsp/cubemx/Middlewares/Third_Party/FreeRTOS/Source/CMSIS_RTOS_V2 -I../bsp/cubemx/Middlewares/Third_Party/FreeRTOS/Source/portable/GCC/ARM_CM4F -I../bsp/cubemx/Middlewares/ST/STM32_USB_Device_Library/Core/Inc -I../bsp/cubemx/Middlewares/ST/STM32_USB_Device_Library/Class/CDC/Inc -I../bsp/cubemx/Drivers/CMSIS/Device/ST/STM32F4xx/Include -I../bsp/cubemx/Drivers/CMSIS/Include -O0 -ffunction-sections -fdata-sections -Wall -fstack-usage -fcyclomatic-complexity -MMD -MP -MF"bsp/cubemx/Core/Src/sysmem.d" -MT"bsp/cubemx/Core/Src/sysmem.o" --specs=nano.specs -mfpu=fpv4-sp-d16 -mfloat-abi=hard -mthumb -o "bsp/cubemx/Core/Src/sysmem.o"
arm-none-eabi-gcc "../bsp/cubemx/Core/Src/system_stm32f4xx.c" -mcpu=cortex-m4 -std=gnu11 -g3 -DDEBUG -DUSE_HAL_DRIVER -DSTM32F427xx -c -I../motors/Inc -I../applications -I../bsp/cubemx/Core/Inc -I../bsp/cubemx/USB_DEVICE/App -I../bsp/cubemx/USB_DEVICE/Target -I../bsp/cubemx/Drivers/STM32F4xx_HAL_Driver/Inc -I../bsp/cubemx/Drivers/STM32F4xx_HAL_Driver/Inc/Legacy -I../bsp/cubemx/Middlewares/Third_Party/FreeRTOS/Source/include -I../bsp/cubemx/Middlewares/Third_Party/FreeRTOS/Source/CMSIS_RTOS_V2 -I../bsp/cubemx/Middlewares/Third_Party/FreeRTOS/Source/portable/GCC/ARM_CM4F -I../bsp/cubemx/Middlewares/ST/STM32_USB_Device_Library/Core/Inc -I../bsp/cubemx/Middlewares/ST/STM32_USB_Device_Library/Class/CDC/Inc -I../bsp/cubemx/Drivers/CMSIS/Device/ST/STM32F4xx/Include -I../bsp/cubemx/Drivers/CMSIS/Include -O0 -ffunction-sections -fdata-sections -Wall -fstack-usage -fcyclomatic-complexity -MMD -MP -MF"bsp/cubemx/Core/Src/system_stm32f4xx.d" -MT"bsp/cubemx/Core/Src/system_stm32f4xx.o" --specs=nano.specs -mfpu=fpv4-sp-d16 -mfloat-abi=hard -mthumb -o "bsp/cubemx/Core/Src/system_stm32f4xx.o"
arm-none-eabi-gcc "../bsp/cubemx/Core/Src/usart.c" -mcpu=cortex-m4 -std=gnu11 -g3 -DDEBUG -DUSE_HAL_DRIVER -DSTM32F427xx -c -I../motors/Inc -I../applications -I../bsp/cubemx/Core/Inc -I../bsp/cubemx/USB_DEVICE/App -I../bsp/cubemx/USB_DEVICE/Target -I../bsp/cubemx/Drivers/STM32F4xx_HAL_Driver/Inc -I../bsp/cubemx/Drivers/STM32F4xx_HAL_Driver/Inc/Legacy -I../bsp/cubemx/Middlewares/Third_Party/FreeRTOS/Source/include -I../bsp/cubemx/Middlewares/Third_Party/FreeRTOS/Source/CMSIS_RTOS_V2 -I../bsp/cubemx/Middlewares/Third_Party/FreeRTOS/Source/portable/GCC/ARM_CM4F -I../bsp/cubemx/Middlewares/ST/STM32_USB_Device_Library/Core/Inc -I../bsp/cubemx/Middlewares/ST/STM32_USB_Device_Library/Class/CDC/Inc -I../bsp/cubemx/Drivers/CMSIS/Device/ST/STM32F4xx/Include -I../bsp/cubemx/Drivers/CMSIS/Include -O0 -ffunction-sections -fdata-sections -Wall -fstack-usage -fcyclomatic-complexity -MMD -MP -MF"bsp/cubemx/Core/Src/usart.d" -MT"bsp/cubemx/Core/Src/usart.o" --specs=nano.specs -mfpu=fpv4-sp-d16 -mfloat-abi=hard -mthumb -o "bsp/cubemx/Core/Src/usart.o"
arm-none-eabi-gcc "../applications/init.c" -mcpu=cortex-m4 -std=gnu11 -g3 -DDEBUG -DUSE_HAL_DRIVER -DSTM32F427xx -c -I../motors/Inc -I../applications -I../bsp/cubemx/Core/Inc -I../bsp/cubemx/USB_DEVICE/App -I../bsp/cubemx/USB_DEVICE/Target -I../bsp/cubemx/Drivers/STM32F4xx_HAL_Driver/Inc -I../bsp/cubemx/Drivers/STM32F4xx_HAL_Driver/Inc/Legacy -I../bsp/cubemx/Middlewares/Third_Party/FreeRTOS/Source/include -I../bsp/cubemx/Middlewares/Third_Party/FreeRTOS/Source/CMSIS_RTOS_V2 -I../bsp/cubemx/Middlewares/Third_Party/FreeRTOS/Source/portable/GCC/ARM_CM4F -I../bsp/cubemx/Middlewares/ST/STM32_USB_Device_Library/Core/Inc -I../bsp/cubemx/Middlewares/ST/STM32_USB_Device_Library/Class/CDC/Inc -I../bsp/cubemx/Drivers/CMSIS/Device/ST/STM32F4xx/Include -I../bsp/cubemx/Drivers/CMSIS/Include -O0 -ffunction-sections -fdata-sections -Wall -fstack-usage -fcyclomatic-complexity -MMD -MP -MF"applications/init.d" -MT"applications/init.o" --specs=nano.specs -mfpu=fpv4-sp-d16 -mfloat-abi=hard -mthumb -o "applications/init.o"
arm-none-eabi-gcc -o "Motor.elf" @"objects.list"   -mcpu=cortex-m4 -T"/Users/bentjh01/Documents/01_NTU/FYP/RoboMasterDevBoard/RoboRTS-Firmware/Motor/STM32F427IIHX_FLASH.ld" --specs=nosys.specs -Wl,-Map="Motor.map" -Wl,--gc-sections -static --specs=nano.specs -mfpu=fpv4-sp-d16 -mfloat-abi=hard -mthumb -Wl,--start-group -lc -lm -Wl,--end-group
Finished building target: Motor.elf
 
arm-none-eabi-size  Motor.elf 
arm-none-eabi-objdump -h -S Motor.elf  > "Motor.list"
   text	   data	    bss	    dec	    hex	filename
  45660	    344	  28232	  74236	  121fc	Motor.elf
Finished building: default.size.stdout
 
Finished building: Motor.list
 

12:51:28 Build Finished. 0 errors, 0 warnings. (took 3s.69ms)

