08:45:52 **** Incremental Build of configuration Debug for project ROBOT_DEV ****
make -j7 all 
arm-none-eabi-gcc "../motors/Src/motors.c" -mcpu=cortex-m4 -std=gnu11 -g3 -DDEBUG -DUSE_HAL_DRIVER -DSTM32F427xx -c -I../Core/Inc -I../USB_DEVICE/App -I../USB_DEVICE/Target -I../Drivers/STM32F4xx_HAL_Driver/Inc -I../Drivers/STM32F4xx_HAL_Driver/Inc/Legacy -I../Middlewares/Third_Party/FreeRTOS/Source/include -I../Middlewares/Third_Party/FreeRTOS/Source/CMSIS_RTOS_V2 -I../Middlewares/Third_Party/FreeRTOS/Source/portable/GCC/ARM_CM4F -I../Middlewares/ST/STM32_USB_Device_Library/Core/Inc -I../Middlewares/ST/STM32_USB_Device_Library/Class/CDC/Inc -I../Drivers/CMSIS/Device/ST/STM32F4xx/Include -I../Drivers/CMSIS/Include -I../motors/Inc -I../applications -O0 -ffunction-sections -fdata-sections -Wall -fstack-usage -fcyclomatic-complexity -MMD -MP -MF"motors/Src/motors.d" -MT"motors/Src/motors.o" --specs=nano.specs -mfpu=fpv4-sp-d16 -mfloat-abi=hard -mthumb -o "motors/Src/motors.o"
../motors/Src/motors.c: In function 'motors_task':
../motors/Src/motors.c:33:25: warning: unused variable 'moto1' [-Wunused-variable]
   33 |         motor_measure_t moto1;
      |                         ^~~~~
../motors/Src/motors.c:31:17: warning: unused variable 'rxData' [-Wunused-variable]
   31 |         uint8_t rxData[8];
      |                 ^~~~~~
../motors/Src/motors.c:29:29: warning: unused variable 'rxHeader' [-Wunused-variable]
   29 |         CAN_RxHeaderTypeDef rxHeader;
      |                             ^~~~~~~~
arm-none-eabi-gcc -o "ROBOT_DEV.elf" @"objects.list"   -mcpu=cortex-m4 -T"/Users/bentjh01/Documents/FYP/RoboMasterDevBoard/RoboRTS-Firmware/ROBOT_DEV/STM32F427IIHX_FLASH.ld" --specs=nosys.specs -Wl,-Map="ROBOT_DEV.map" -Wl,--gc-sections -static --specs=nano.specs -mfpu=fpv4-sp-d16 -mfloat-abi=hard -mthumb -Wl,--start-group -lc -lm -Wl,--end-group
Finished building target: ROBOT_DEV.elf
 
arm-none-eabi-size  ROBOT_DEV.elf 
arm-none-eabi-objdump -h -S ROBOT_DEV.elf  > "ROBOT_DEV.list"
   text	   data	    bss	    dec	    hex	filename
  43884	    344	  28160	  72388	  11ac4	ROBOT_DEV.elf
Finished building: default.size.stdout
 
Finished building: ROBOT_DEV.list
 

08:45:53 Build Finished. 0 errors, 3 warnings. (took 1s.270ms)

