Archive member included to satisfy reference by file (symbol)

/Applications/STM32CubeIDE.app/Contents/Eclipse/plugins/com.st.stm32cube.ide.mcu.externaltools.gnu-tools-for-stm32.11.3.rel1.macos64_1.1.100.202310310803/tools/bin/../lib/gcc/arm-none-eabi/11.3.1/../../../../arm-none-eabi/lib/thumb/v7e-m+fp/hard/libc_nano.a(libc_a-exit.o)
                              /Applications/STM32CubeIDE.app/Contents/Eclipse/plugins/com.st.stm32cube.ide.mcu.externaltools.gnu-tools-for-stm32.11.3.rel1.macos64_1.1.100.202310310803/tools/bin/../lib/gcc/arm-none-eabi/11.3.1/../../../../arm-none-eabi/lib/thumb/v7e-m+fp/hard/crt0.o (exit)
/Applications/STM32CubeIDE.app/Contents/Eclipse/plugins/com.st.stm32cube.ide.mcu.externaltools.gnu-tools-for-stm32.11.3.rel1.macos64_1.1.100.202310310803/tools/bin/../lib/gcc/arm-none-eabi/11.3.1/../../../../arm-none-eabi/lib/thumb/v7e-m+fp/hard/libc_nano.a(libc_a-findfp.o)
                              ./bsp/cubemx/Middlewares/Third_Party/FreeRTOS/Source/tasks.o (__sf)
/Applications/STM32CubeIDE.app/Contents/Eclipse/plugins/com.st.stm32cube.ide.mcu.externaltools.gnu-tools-for-stm32.11.3.rel1.macos64_1.1.100.202310310803/tools/bin/../lib/gcc/arm-none-eabi/11.3.1/../../../../arm-none-eabi/lib/thumb/v7e-m+fp/hard/libc_nano.a(libc_a-fwalk.o)
                              /Applications/STM32CubeIDE.app/Contents/Eclipse/plugins/com.st.stm32cube.ide.mcu.externaltools.gnu-tools-for-stm32.11.3.rel1.macos64_1.1.100.202310310803/tools/bin/../lib/gcc/arm-none-eabi/11.3.1/../../../../arm-none-eabi/lib/thumb/v7e-m+fp/hard/libc_nano.a(libc_a-findfp.o) (_fwalk_sglue)
/Applications/STM32CubeIDE.app/Contents/Eclipse/plugins/com.st.stm32cube.ide.mcu.externaltools.gnu-tools-for-stm32.11.3.rel1.macos64_1.1.100.202310310803/tools/bin/../lib/gcc/arm-none-eabi/11.3.1/../../../../arm-none-eabi/lib/thumb/v7e-m+fp/hard/libc_nano.a(libc_a-memset.o)
                              /Applications/STM32CubeIDE.app/Contents/Eclipse/plugins/com.st.stm32cube.ide.mcu.externaltools.gnu-tools-for-stm32.11.3.rel1.macos64_1.1.100.202310310803/tools/bin/../lib/gcc/arm-none-eabi/11.3.1/../../../../arm-none-eabi/lib/thumb/v7e-m+fp/hard/crt0.o (memset)
/Applications/STM32CubeIDE.app/Contents/Eclipse/plugins/com.st.stm32cube.ide.mcu.externaltools.gnu-tools-for-stm32.11.3.rel1.macos64_1.1.100.202310310803/tools/bin/../lib/gcc/arm-none-eabi/11.3.1/../../../../arm-none-eabi/lib/thumb/v7e-m+fp/hard/libc_nano.a(libc_a-reent.o)
                              ./bsp/cubemx/Middlewares/Third_Party/FreeRTOS/Source/tasks.o (_reclaim_reent)
/Applications/STM32CubeIDE.app/Contents/Eclipse/plugins/com.st.stm32cube.ide.mcu.externaltools.gnu-tools-for-stm32.11.3.rel1.macos64_1.1.100.202310310803/tools/bin/../lib/gcc/arm-none-eabi/11.3.1/../../../../arm-none-eabi/lib/thumb/v7e-m+fp/hard/libc_nano.a(libc_a-impure.o)
                              ./bsp/cubemx/Middlewares/Third_Party/FreeRTOS/Source/tasks.o (_impure_ptr)
/Applications/STM32CubeIDE.app/Contents/Eclipse/plugins/com.st.stm32cube.ide.mcu.externaltools.gnu-tools-for-stm32.11.3.rel1.macos64_1.1.100.202310310803/tools/bin/../lib/gcc/arm-none-eabi/11.3.1/../../../../arm-none-eabi/lib/thumb/v7e-m+fp/hard/libc_nano.a(libc_a-errno.o)
                              ./bsp/cubemx/Core/Src/syscalls.o (__errno)
/Applications/STM32CubeIDE.app/Contents/Eclipse/plugins/com.st.stm32cube.ide.mcu.externaltools.gnu-tools-for-stm32.11.3.rel1.macos64_1.1.100.202310310803/tools/bin/../lib/gcc/arm-none-eabi/11.3.1/../../../../arm-none-eabi/lib/thumb/v7e-m+fp/hard/libc_nano.a(libc_a-init.o)
                              /Applications/STM32CubeIDE.app/Contents/Eclipse/plugins/com.st.stm32cube.ide.mcu.externaltools.gnu-tools-for-stm32.11.3.rel1.macos64_1.1.100.202310310803/tools/bin/../lib/gcc/arm-none-eabi/11.3.1/../../../../arm-none-eabi/lib/thumb/v7e-m+fp/hard/crt0.o (__libc_init_array)
/Applications/STM32CubeIDE.app/Contents/Eclipse/plugins/com.st.stm32cube.ide.mcu.externaltools.gnu-tools-for-stm32.11.3.rel1.macos64_1.1.100.202310310803/tools/bin/../lib/gcc/arm-none-eabi/11.3.1/../../../../arm-none-eabi/lib/thumb/v7e-m+fp/hard/libc_nano.a(libc_a-lock.o)
                              /Applications/STM32CubeIDE.app/Contents/Eclipse/plugins/com.st.stm32cube.ide.mcu.externaltools.gnu-tools-for-stm32.11.3.rel1.macos64_1.1.100.202310310803/tools/bin/../lib/gcc/arm-none-eabi/11.3.1/../../../../arm-none-eabi/lib/thumb/v7e-m+fp/hard/libc_nano.a(libc_a-findfp.o) (__retarget_lock_init_recursive)
/Applications/STM32CubeIDE.app/Contents/Eclipse/plugins/com.st.stm32cube.ide.mcu.externaltools.gnu-tools-for-stm32.11.3.rel1.macos64_1.1.100.202310310803/tools/bin/../lib/gcc/arm-none-eabi/11.3.1/../../../../arm-none-eabi/lib/thumb/v7e-m+fp/hard/libc_nano.a(libc_a-memcpy-stub.o)
                              ./bsp/cubemx/Middlewares/Third_Party/FreeRTOS/Source/CMSIS_RTOS_V2/cmsis_os2.o (memcpy)
[...]
Memory Configuration

Name             Origin             Length             Attributes
CCMRAM           0x0000000010000000 0x0000000000010000 xrw
RAM              0x0000000020000000 0x0000000000030000 xrw
FLASH            0x0000000008000000 0x0000000000200000 xr
*default*        0x0000000000000000 0xffffffffffffffff

Linker script and memory map

LOAD /Applications/STM32CubeIDE.app/Contents/Eclipse/plugins/com.st.stm32cube.ide.mcu.externaltools.gnu-tools-for-stm32.11.3.rel1.macos64_1.1.100.202310310803/tools/bin/../lib/gcc/arm-none-eabi/11.3.1/thumb/v7e-m+fp/hard/crti.o
LOAD /Applications/STM32CubeIDE.app/Contents/Eclipse/plugins/com.st.stm32cube.ide.mcu.externaltools.gnu-tools-for-stm32.11.3.rel1.macos64_1.1.100.202310310803/tools/bin/../lib/gcc/arm-none-eabi/11.3.1/thumb/v7e-m+fp/hard/crtbegin.o
LOAD /Applications/STM32CubeIDE.app/Contents/Eclipse/plugins/com.st.stm32cube.ide.mcu.externaltools.gnu-tools-for-stm32.11.3.rel1.macos64_1.1.100.202310310803/tools/bin/../lib/gcc/arm-none-eabi/11.3.1/../../../../arm-none-eabi/lib/thumb/v7e-m+fp/hard/crt0.o
LOAD ./applications/init.o
LOAD ./bsp/cubemx/Core/Src/can.o
LOAD ./bsp/cubemx/Core/Src/freertos.o
LOAD ./bsp/cubemx/Core/Src/gpio.o
LOAD ./bsp/cubemx/Core/Src/main.o
LOAD ./bsp/cubemx/Core/Src/spi.o
LOAD ./bsp/cubemx/Core/Src/stm32f4xx_hal_msp.o
LOAD ./bsp/cubemx/Core/Src/stm32f4xx_hal_timebase_tim.o
LOAD ./bsp/cubemx/Core/Src/stm32f4xx_it.o
LOAD ./bsp/cubemx/Core/Src/syscalls.o
LOAD ./bsp/cubemx/Core/Src/sysmem.o
LOAD ./bsp/cubemx/Core/Src/system_stm32f4xx.o
LOAD ./bsp/cubemx/Core/Src/usart.o
LOAD ./bsp/cubemx/Core/Startup/startup_stm32f427iihx.o
LOAD ./bsp/cubemx/Drivers/STM32F4xx_HAL_Driver/Src/stm32f4xx_hal.o
LOAD ./bsp/cubemx/Drivers/STM32F4xx_HAL_Driver/Src/stm32f4xx_hal_can.o
LOAD ./bsp/cubemx/Drivers/STM32F4xx_HAL_Driver/Src/stm32f4xx_hal_cortex.o
LOAD ./bsp/cubemx/Drivers/STM32F4xx_HAL_Driver/Src/stm32f4xx_hal_dma.o
LOAD ./bsp/cubemx/Drivers/STM32F4xx_HAL_Driver/Src/stm32f4xx_hal_dma_ex.o
LOAD ./bsp/cubemx/Drivers/STM32F4xx_HAL_Driver/Src/stm32f4xx_hal_exti.o
LOAD ./bsp/cubemx/Drivers/STM32F4xx_HAL_Driver/Src/stm32f4xx_hal_flash.o
LOAD ./bsp/cubemx/Drivers/STM32F4xx_HAL_Driver/Src/stm32f4xx_hal_flash_ex.o
LOAD ./bsp/cubemx/Drivers/STM32F4xx_HAL_Driver/Src/stm32f4xx_hal_flash_ramfunc.o
LOAD ./bsp/cubemx/Drivers/STM32F4xx_HAL_Driver/Src/stm32f4xx_hal_gpio.o
LOAD ./bsp/cubemx/Drivers/STM32F4xx_HAL_Driver/Src/stm32f4xx_hal_pcd.o
LOAD ./bsp/cubemx/Drivers/STM32F4xx_HAL_Driver/Src/stm32f4xx_hal_pcd_ex.o
LOAD ./bsp/cubemx/Drivers/STM32F4xx_HAL_Driver/Src/stm32f4xx_hal_pwr.o
LOAD ./bsp/cubemx/Drivers/STM32F4xx_HAL_Driver/Src/stm32f4xx_hal_pwr_ex.o
LOAD ./bsp/cubemx/Drivers/STM32F4xx_HAL_Driver/Src/stm32f4xx_hal_rcc.o
LOAD ./bsp/cubemx/Drivers/STM32F4xx_HAL_Driver/Src/stm32f4xx_hal_rcc_ex.o
LOAD ./bsp/cubemx/Drivers/STM32F4xx_HAL_Driver/Src/stm32f4xx_hal_spi.o
LOAD ./bsp/cubemx/Drivers/STM32F4xx_HAL_Driver/Src/stm32f4xx_hal_tim.o
LOAD ./bsp/cubemx/Drivers/STM32F4xx_HAL_Driver/Src/stm32f4xx_hal_tim_ex.o
LOAD ./bsp/cubemx/Drivers/STM32F4xx_HAL_Driver/Src/stm32f4xx_hal_uart.o
LOAD ./bsp/cubemx/Drivers/STM32F4xx_HAL_Driver/Src/stm32f4xx_ll_usb.o
LOAD ./bsp/cubemx/Middlewares/ST/STM32_USB_Device_Library/Class/CDC/Src/usbd_cdc.o
LOAD ./bsp/cubemx/Middlewares/ST/STM32_USB_Device_Library/Core/Src/usbd_core.o
LOAD ./bsp/cubemx/Middlewares/ST/STM32_USB_Device_Library/Core/Src/usbd_ctlreq.o
LOAD ./bsp/cubemx/Middlewares/ST/STM32_USB_Device_Library/Core/Src/usbd_ioreq.o
LOAD ./bsp/cubemx/Middlewares/Third_Party/FreeRTOS/Source/CMSIS_RTOS_V2/cmsis_os2.o
LOAD ./bsp/cubemx/Middlewares/Third_Party/FreeRTOS/Source/croutine.o
LOAD ./bsp/cubemx/Middlewares/Third_Party/FreeRTOS/Source/event_groups.o
LOAD ./bsp/cubemx/Middlewares/Third_Party/FreeRTOS/Source/list.o
LOAD ./bsp/cubemx/Middlewares/Third_Party/FreeRTOS/Source/queue.o
LOAD ./bsp/cubemx/Middlewares/Third_Party/FreeRTOS/Source/stream_buffer.o
LOAD ./bsp/cubemx/Middlewares/Third_Party/FreeRTOS/Source/tasks.o
LOAD ./bsp/cubemx/Middlewares/Third_Party/FreeRTOS/Source/timers.o
LOAD ./bsp/cubemx/Middlewares/Third_Party/FreeRTOS/Source/portable/GCC/ARM_CM4F/port.o
LOAD ./bsp/cubemx/Middlewares/Third_Party/FreeRTOS/Source/portable/MemMang/heap_4.o
LOAD ./bsp/cubemx/USB_DEVICE/App/usb_device.o
LOAD ./bsp/cubemx/USB_DEVICE/App/usbd_cdc_if.o
LOAD ./bsp/cubemx/USB_DEVICE/App/usbd_desc.o
LOAD ./bsp/cubemx/USB_DEVICE/Target/usbd_conf.o
LOAD ./motors/Src/motors.o
START GROUP
LOAD /Applications/STM32CubeIDE.app/Contents/Eclipse/plugins/com.st.stm32cube.ide.mcu.externaltools.gnu-tools-for-stm32.11.3.rel1.macos64_1.1.100.202310310803/tools/bin/../lib/gcc/arm-none-eabi/11.3.1/../../../../arm-none-eabi/lib/thumb/v7e-m+fp/hard/libc_nano.a
LOAD /Applications/STM32CubeIDE.app/Contents/Eclipse/plugins/com.st.stm32cube.ide.mcu.externaltools.gnu-tools-for-stm32.11.3.rel1.macos64_1.1.100.202310310803/tools/bin/../lib/gcc/arm-none-eabi/11.3.1/../../../../arm-none-eabi/lib/thumb/v7e-m+fp/hard/libm.a
END GROUP
START GROUP
LOAD /Applications/STM32CubeIDE.app/Contents/Eclipse/plugins/com.st.stm32cube.ide.mcu.externaltools.gnu-tools-for-stm32.11.3.rel1.macos64_1.1.100.202310310803/tools/bin/../lib/gcc/arm-none-eabi/11.3.1/thumb/v7e-m+fp/hard/libgcc.a
LOAD /Applications/STM32CubeIDE.app/Contents/Eclipse/plugins/com.st.stm32cube.ide.mcu.externaltools.gnu-tools-for-stm32.11.3.rel1.macos64_1.1.100.202310310803/tools/bin/../lib/gcc/arm-none-eabi/11.3.1/../../../../arm-none-eabi/lib/thumb/v7e-m+fp/hard/libc_nano.a
END GROUP
START GROUP
LOAD /Applications/STM32CubeIDE.app/Contents/Eclipse/plugins/com.st.stm32cube.ide.mcu.externaltools.gnu-tools-for-stm32.11.3.rel1.macos64_1.1.100.202310310803/tools/bin/../lib/gcc/arm-none-eabi/11.3.1/thumb/v7e-m+fp/hard/libgcc.a
LOAD /Applications/STM32CubeIDE.app/Contents/Eclipse/plugins/com.st.stm32cube.ide.mcu.externaltools.gnu-tools-for-stm32.11.3.rel1.macos64_1.1.100.202310310803/tools/bin/../lib/gcc/arm-none-eabi/11.3.1/../../../../arm-none-eabi/lib/thumb/v7e-m+fp/hard/libc_nano.a
LOAD /Applications/STM32CubeIDE.app/Contents/Eclipse/plugins/com.st.stm32cube.ide.mcu.externaltools.gnu-tools-for-stm32.11.3.rel1.macos64_1.1.100.202310310803/tools/bin/../lib/gcc/arm-none-eabi/11.3.1/../../../../arm-none-eabi/lib/thumb/v7e-m+fp/hard/libnosys.a
END GROUP
START GROUP
LOAD /Applications/STM32CubeIDE.app/Contents/Eclipse/plugins/com.st.stm32cube.ide.mcu.externaltools.gnu-tools-for-stm32.11.3.rel1.macos64_1.1.100.202310310803/tools/bin/../lib/gcc/arm-none-eabi/11.3.1/thumb/v7e-m+fp/hard/libgcc.a
LOAD /Applications/STM32CubeIDE.app/Contents/Eclipse/plugins/com.st.stm32cube.ide.mcu.externaltools.gnu-tools-for-stm32.11.3.rel1.macos64_1.1.100.202310310803/tools/bin/../lib/gcc/arm-none-eabi/11.3.1/../../../../arm-none-eabi/lib/thumb/v7e-m+fp/hard/libc_nano.a
LOAD /Applications/STM32CubeIDE.app/Contents/Eclipse/plugins/com.st.stm32cube.ide.mcu.externaltools.gnu-tools-for-stm32.11.3.rel1.macos64_1.1.100.202310310803/tools/bin/../lib/gcc/arm-none-eabi/11.3.1/../../../../arm-none-eabi/lib/thumb/v7e-m+fp/hard/libnosys.a
END GROUP
LOAD /Applications/STM32CubeIDE.app/Contents/Eclipse/plugins/com.st.stm32cube.ide.mcu.externaltools.gnu-tools-for-stm32.11.3.rel1.macos64_1.1.100.202310310803/tools/bin/../lib/gcc/arm-none-eabi/11.3.1/thumb/v7e-m+fp/hard/crtend.o
LOAD /Applications/STM32CubeIDE.app/Contents/Eclipse/plugins/com.st.stm32cube.ide.mcu.externaltools.gnu-tools-for-stm32.11.3.rel1.macos64_1.1.100.202310310803/tools/bin/../lib/gcc/arm-none-eabi/11.3.1/thumb/v7e-m+fp/hard/crtn.o
                0x0000000020030000                _estack = (ORIGIN (RAM) + LENGTH (RAM))
                0x0000000000000200                _Min_Heap_Size = 0x200
                0x0000000000000400                _Min_Stack_Size = 0x400

.isr_vector     0x0000000008000000      0x1ac
                0x0000000008000000                . = ALIGN (0x4)
 *(.isr_vector)
 .isr_vector    0x0000000008000000      0x1ac ./bsp/cubemx/Core/Startup/startup_stm32f427iihx.o
                0x0000000008000000                g_pfnVectors
                0x00000000080001ac                . = ALIGN (0x4)

.text           0x00000000080001b0     0xafd0
                0x00000000080001b0                . = ALIGN (0x4)
 *(.text)
 .text          0x00000000080001b0       0x40 /Applications/STM32CubeIDE.app/Contents/Eclipse/plugins/com.st.stm32cube.ide.mcu.externaltools.gnu-tools-for-stm32.11.3.rel1.macos64_1.1.100.202310310803/tools/bin/../lib/gcc/arm-none-eabi/11.3.1/thumb/v7e-m+fp/hard/crtbegin.o
 .text          0x00000000080001f0       0x30 /Applications/STM32CubeIDE.app/Contents/Eclipse/plugins/com.st.stm32cube.ide.mcu.externaltools.gnu-tools-for-stm32.11.3.rel1.macos64_1.1.100.202310310803/tools/bin/../lib/gcc/arm-none-eabi/11.3.1/thumb/v7e-m+fp/hard/libgcc.a(_aeabi_uldivmod.o)
                0x00000000080001f0                __aeabi_uldivmod
 .text          0x0000000008000220      0x2c8 /Applications/STM32CubeIDE.app/Contents/Eclipse/plugins/com.st.stm32cube.ide.mcu.externaltools.gnu-tools-for-stm32.11.3.rel1.macos64_1.1.100.202310310803/tools/bin/../lib/gcc/arm-none-eabi/11.3.1/thumb/v7e-m+fp/hard/libgcc.a(_udivmoddi4.o)
                0x0000000008000220                __udivmoddi4
 .text          0x00000000080004e8        0x4 /Applications/STM32CubeIDE.app/Contents/Eclipse/plugins/com.st.stm32cube.ide.mcu.externaltools.gnu-tools-for-stm32.11.3.rel1.macos64_1.1.100.202310310803/tools/bin/../lib/gcc/arm-none-eabi/11.3.1/thumb/v7e-m+fp/hard/libgcc.a(_dvmd_tls.o)
                0x00000000080004e8                __aeabi_ldiv0
                0x00000000080004e8                __aeabi_idiv0
 *(.text*)
 .text.init     0x00000000080004ec        0xc ./applications/init.o
                0x00000000080004ec                init
 .text.MX_CAN1_Init
                0x00000000080004f8       0x6c ./bsp/cubemx/Core/Src/can.o
                0x00000000080004f8                MX_CAN1_Init
 .text.HAL_CAN_MspInit
                0x0000000008000564       0x90 ./bsp/cubemx/Core/Src/can.o
                0x0000000008000564                HAL_CAN_MspInit
 .text.MX_FREERTOS_Init
                0x00000000080005f4       0x24 ./bsp/cubemx/Core/Src/freertos.o
                0x00000000080005f4                MX_FREERTOS_Init
 .text.StartDefaultTask
                0x0000000008000618       0x14 ./bsp/cubemx/Core/Src/freertos.o
                0x0000000008000618                StartDefaultTask
 .text.MX_GPIO_Init
                0x000000000800062c      0x1d4 ./bsp/cubemx/Core/Src/gpio.o
                0x000000000800062c                MX_GPIO_Init
 .text.main     0x0000000008000800       0x3a ./bsp/cubemx/Core/Src/main.o
                0x0000000008000800                main
 *fill*         0x000000000800083a        0x2 
 .text.SystemClock_Config
                0x000000000800083c       0xd4 ./bsp/cubemx/Core/Src/main.o
                0x000000000800083c                SystemClock_Config
 .text.HAL_TIM_PeriodElapsedCallback
                0x0000000008000910       0x24 ./bsp/cubemx/Core/Src/main.o
                0x0000000008000910                HAL_TIM_PeriodElapsedCallback
 .text.Error_Handler
                0x0000000008000934       0x20 ./bsp/cubemx/Core/Src/main.o
                0x0000000008000934                Error_Handler
 .text.MX_SPI5_Init
                0x0000000008000954       0x6c ./bsp/cubemx/Core/Src/spi.o
                0x0000000008000954                MX_SPI5_Init
 .text.HAL_SPI_MspInit
                0x00000000080009c0       0x90 ./bsp/cubemx/Core/Src/spi.o
                0x00000000080009c0                HAL_SPI_MspInit
 .text.HAL_MspInit
                0x0000000008000a50       0x58 ./bsp/cubemx/Core/Src/stm32f4xx_hal_msp.o
                0x0000000008000a50                HAL_MspInit
 .text.HAL_InitTick
                0x0000000008000aa8       0xf8 ./bsp/cubemx/Core/Src/stm32f4xx_hal_timebase_tim.o
                0x0000000008000aa8                HAL_InitTick
 .text.NMI_Handler
                0x0000000008000ba0        0x6 ./bsp/cubemx/Core/Src/stm32f4xx_it.o
                0x0000000008000ba0                NMI_Handler
 .text.HardFault_Handler
                0x0000000008000ba6        0x6 ./bsp/cubemx/Core/Src/stm32f4xx_it.o
                0x0000000008000ba6                HardFault_Handler
 .text.MemManage_Handler
                0x0000000008000bac        0x6 ./bsp/cubemx/Core/Src/stm32f4xx_it.o
                0x0000000008000bac                MemManage_Handler
 .text.BusFault_Handler
                0x0000000008000bb2        0x6 ./bsp/cubemx/Core/Src/stm32f4xx_it.o
                0x0000000008000bb2                BusFault_Handler
 .text.UsageFault_Handler
                0x0000000008000bb8        0x6 ./bsp/cubemx/Core/Src/stm32f4xx_it.o
                0x0000000008000bb8                UsageFault_Handler
 .text.DebugMon_Handler
                0x0000000008000bbe        0xe ./bsp/cubemx/Core/Src/stm32f4xx_it.o
                0x0000000008000bbe                DebugMon_Handler
 .text.TIM5_IRQHandler
                0x0000000008000bcc       0x14 ./bsp/cubemx/Core/Src/stm32f4xx_it.o
                0x0000000008000bcc                TIM5_IRQHandler
 .text.OTG_FS_IRQHandler
                0x0000000008000be0       0x14 ./bsp/cubemx/Core/Src/stm32f4xx_it.o
                0x0000000008000be0                OTG_FS_IRQHandler
 .text.SystemInit
                0x0000000008000bf4       0x24 ./bsp/cubemx/Core/Src/system_stm32f4xx.o
                0x0000000008000bf4                SystemInit
 .text.MX_USART6_UART_Init
                0x0000000008000c18       0x54 ./bsp/cubemx/Core/Src/usart.o
                0x0000000008000c18                MX_USART6_UART_Init
 .text.HAL_UART_MspInit
                0x0000000008000c6c       0x90 ./bsp/cubemx/Core/Src/usart.o
                0x0000000008000c6c                HAL_UART_MspInit
 .text.Reset_Handler
                0x0000000008000cfc       0x50 ./bsp/cubemx/Core/Startup/startup_stm32f427iihx.o
                0x0000000008000cfc                Reset_Handler
 .text.Default_Handler
                0x0000000008000d4c        0x2 ./bsp/cubemx/Core/Startup/startup_stm32f427iihx.o
                0x0000000008000d4c                DMA1_Stream3_IRQHandler
                0x0000000008000d4c                HASH_RNG_IRQHandler
                0x0000000008000d4c                EXTI2_IRQHandler
                0x0000000008000d4c                TIM8_CC_IRQHandler
                0x0000000008000d4c                UART8_IRQHandler
                0x0000000008000d4c                SPI4_IRQHandler
                0x0000000008000d4c                TIM1_CC_IRQHandler
                0x0000000008000d4c                DMA2_Stream5_IRQHandler
                0x0000000008000d4c                DMA1_Stream5_IRQHandler
                0x0000000008000d4c                PVD_IRQHandler
                0x0000000008000d4c                SDIO_IRQHandler
                0x0000000008000d4c                TAMP_STAMP_IRQHandler
                0x0000000008000d4c                CAN2_RX1_IRQHandler
                0x0000000008000d4c                EXTI3_IRQHandler
                0x0000000008000d4c                TIM8_TRG_COM_TIM14_IRQHandler
                0x0000000008000d4c                TIM1_UP_TIM10_IRQHandler
                0x0000000008000d4c                TIM8_UP_TIM13_IRQHandler
                0x0000000008000d4c                I2C3_ER_IRQHandler
                0x0000000008000d4c                EXTI0_IRQHandler
                0x0000000008000d4c                I2C2_EV_IRQHandler
                0x0000000008000d4c                DMA1_Stream2_IRQHandler
                0x0000000008000d4c                CAN1_RX0_IRQHandler
                0x0000000008000d4c                FPU_IRQHandler
                0x0000000008000d4c                OTG_HS_WKUP_IRQHandler
                0x0000000008000d4c                CAN2_SCE_IRQHandler
                0x0000000008000d4c                DMA2_Stream2_IRQHandler
                0x0000000008000d4c                SPI1_IRQHandler
                0x0000000008000d4c                TIM6_DAC_IRQHandler
                0x0000000008000d4c                TIM1_BRK_TIM9_IRQHandler
                0x0000000008000d4c                DCMI_IRQHandler
                0x0000000008000d4c                CAN2_RX0_IRQHandler
                0x0000000008000d4c                DMA2_Stream3_IRQHandler
                0x0000000008000d4c                USART6_IRQHandler
                0x0000000008000d4c                USART3_IRQHandler
                0x0000000008000d4c                CAN1_RX1_IRQHandler
                0x0000000008000d4c                UART5_IRQHandler
                0x0000000008000d4c                DMA2_Stream0_IRQHandler
                0x0000000008000d4c                TIM4_IRQHandler
                0x0000000008000d4c                I2C1_EV_IRQHandler
                0x0000000008000d4c                DMA1_Stream6_IRQHandler
                0x0000000008000d4c                DMA1_Stream1_IRQHandler
                0x0000000008000d4c                UART4_IRQHandler
                0x0000000008000d4c                TIM3_IRQHandler
                0x0000000008000d4c                RCC_IRQHandler
                0x0000000008000d4c                TIM8_BRK_TIM12_IRQHandler
                0x0000000008000d4c                Default_Handler
                0x0000000008000d4c                EXTI15_10_IRQHandler
                0x0000000008000d4c                ADC_IRQHandler
                0x0000000008000d4c                DMA1_Stream7_IRQHandler
                0x0000000008000d4c                SPI5_IRQHandler
                0x0000000008000d4c                TIM7_IRQHandler
                0x0000000008000d4c                CAN2_TX_IRQHandler
                0x0000000008000d4c                DMA2_Stream7_IRQHandler
                0x0000000008000d4c                I2C3_EV_IRQHandler
                0x0000000008000d4c                EXTI9_5_IRQHandler
                0x0000000008000d4c                RTC_WKUP_IRQHandler
                0x0000000008000d4c                ETH_WKUP_IRQHandler
                0x0000000008000d4c                SPI2_IRQHandler
                0x0000000008000d4c                OTG_HS_EP1_IN_IRQHandler
                0x0000000008000d4c                DMA1_Stream0_IRQHandler
                0x0000000008000d4c                CAN1_TX_IRQHandler
                0x0000000008000d4c                EXTI4_IRQHandler
                0x0000000008000d4c                ETH_IRQHandler
                0x0000000008000d4c                OTG_HS_EP1_OUT_IRQHandler
                0x0000000008000d4c                WWDG_IRQHandler
                0x0000000008000d4c                SPI6_IRQHandler
                0x0000000008000d4c                TIM2_IRQHandler
                0x0000000008000d4c                OTG_FS_WKUP_IRQHandler
                0x0000000008000d4c                TIM1_TRG_COM_TIM11_IRQHandler
                0x0000000008000d4c                OTG_HS_IRQHandler
                0x0000000008000d4c                DMA2D_IRQHandler
                0x0000000008000d4c                EXTI1_IRQHandler
                0x0000000008000d4c                UART7_IRQHandler
                0x0000000008000d4c                USART2_IRQHandler
                0x0000000008000d4c                I2C2_ER_IRQHandler
                0x0000000008000d4c                DMA2_Stream1_IRQHandler
                0x0000000008000d4c                CAN1_SCE_IRQHandler
                0x0000000008000d4c                FLASH_IRQHandler
                0x0000000008000d4c                DMA2_Stream4_IRQHandler
                0x0000000008000d4c                USART1_IRQHandler
                0x0000000008000d4c                SPI3_IRQHandler
                0x0000000008000d4c                DMA1_Stream4_IRQHandler
                0x0000000008000d4c                I2C1_ER_IRQHandler
                0x0000000008000d4c                FMC_IRQHandler
                0x0000000008000d4c                DMA2_Stream6_IRQHandler
                0x0000000008000d4c                SAI1_IRQHandler
                0x0000000008000d4c                RTC_Alarm_IRQHandler
 *fill*         0x0000000008000d4e        0x2 
 .text.HAL_Init
                0x0000000008000d50       0x44 ./bsp/cubemx/Drivers/STM32F4xx_HAL_Driver/Src/stm32f4xx_hal.o
                0x0000000008000d50                HAL_Init
 .text.HAL_IncTick
                0x0000000008000d94       0x28 ./bsp/cubemx/Drivers/STM32F4xx_HAL_Driver/Src/stm32f4xx_hal.o
                0x0000000008000d94                HAL_IncTick
 .text.HAL_GetTick
                0x0000000008000dbc       0x18 ./bsp/cubemx/Drivers/STM32F4xx_HAL_Driver/Src/stm32f4xx_hal.o
                0x0000000008000dbc                HAL_GetTick
 .text.HAL_Delay
                0x0000000008000dd4       0x48 ./bsp/cubemx/Drivers/STM32F4xx_HAL_Driver/Src/stm32f4xx_hal.o
                0x0000000008000dd4                HAL_Delay
 .text.HAL_CAN_Init
                0x0000000008000e1c      0x1f6 ./bsp/cubemx/Drivers/STM32F4xx_HAL_Driver/Src/stm32f4xx_hal_can.o
                0x0000000008000e1c                HAL_CAN_Init
 *fill*         0x0000000008001012        0x2 
 .text.HAL_CAN_ConfigFilter
                0x0000000008001014      0x1c0 ./bsp/cubemx/Drivers/STM32F4xx_HAL_Driver/Src/stm32f4xx_hal_can.o
                0x0000000008001014                HAL_CAN_ConfigFilter
 .text.HAL_CAN_Start
                0x00000000080011d4       0x88 ./bsp/cubemx/Drivers/STM32F4xx_HAL_Driver/Src/stm32f4xx_hal_can.o
                0x00000000080011d4                HAL_CAN_Start
 .text.HAL_CAN_AddTxMessage
                0x000000000800125c      0x1a0 ./bsp/cubemx/Drivers/STM32F4xx_HAL_Driver/Src/stm32f4xx_hal_can.o
                0x000000000800125c                HAL_CAN_AddTxMessage
 .text.HAL_CAN_ActivateNotification
                0x00000000080013fc       0x4c ./bsp/cubemx/Drivers/STM32F4xx_HAL_Driver/Src/stm32f4xx_hal_can.o
                0x00000000080013fc                HAL_CAN_ActivateNotification
 .text.__NVIC_SetPriorityGrouping
                0x0000000008001448       0x48 ./bsp/cubemx/Drivers/STM32F4xx_HAL_Driver/Src/stm32f4xx_hal_cortex.o
 .text.__NVIC_GetPriorityGrouping
                0x0000000008001490       0x1c ./bsp/cubemx/Drivers/STM32F4xx_HAL_Driver/Src/stm32f4xx_hal_cortex.o
 .text.__NVIC_EnableIRQ
                0x00000000080014ac       0x3c ./bsp/cubemx/Drivers/STM32F4xx_HAL_Driver/Src/stm32f4xx_hal_cortex.o
 .text.__NVIC_SetPriority
                0x00000000080014e8       0x54 ./bsp/cubemx/Drivers/STM32F4xx_HAL_Driver/Src/stm32f4xx_hal_cortex.o
 .text.NVIC_EncodePriority
                0x000000000800153c       0x66 ./bsp/cubemx/Drivers/STM32F4xx_HAL_Driver/Src/stm32f4xx_hal_cortex.o
 .text.HAL_NVIC_SetPriorityGrouping
                0x00000000080015a2       0x16 ./bsp/cubemx/Drivers/STM32F4xx_HAL_Driver/Src/stm32f4xx_hal_cortex.o
                0x00000000080015a2                HAL_NVIC_SetPriorityGrouping
 .text.HAL_NVIC_SetPriority
                0x00000000080015b8       0x38 ./bsp/cubemx/Drivers/STM32F4xx_HAL_Driver/Src/stm32f4xx_hal_cortex.o
                0x00000000080015b8                HAL_NVIC_SetPriority
 .text.HAL_NVIC_EnableIRQ
                0x00000000080015f0       0x1c ./bsp/cubemx/Drivers/STM32F4xx_HAL_Driver/Src/stm32f4xx_hal_cortex.o
                0x00000000080015f0                HAL_NVIC_EnableIRQ
 .text.HAL_GPIO_Init
                0x000000000800160c      0x358 ./bsp/cubemx/Drivers/STM32F4xx_HAL_Driver/Src/stm32f4xx_hal_gpio.o
                0x000000000800160c                HAL_GPIO_Init
 .text.HAL_GPIO_WritePin
                0x0000000008001964       0x32 ./bsp/cubemx/Drivers/STM32F4xx_HAL_Driver/Src/stm32f4xx_hal_gpio.o
                0x0000000008001964                HAL_GPIO_WritePin
 .text.HAL_GPIO_TogglePin
                0x0000000008001996       0x34 ./bsp/cubemx/Drivers/STM32F4xx_HAL_Driver/Src/stm32f4xx_hal_gpio.o
                0x0000000008001996                HAL_GPIO_TogglePin
 .text.HAL_PCD_Init
                0x00000000080019ca      0x21e ./bsp/cubemx/Drivers/STM32F4xx_HAL_Driver/Src/stm32f4xx_hal_pcd.o
                0x00000000080019ca                HAL_PCD_Init
 .text.HAL_PCD_Start
                0x0000000008001be8       0x6a ./bsp/cubemx/Drivers/STM32F4xx_HAL_Driver/Src/stm32f4xx_hal_pcd.o
                0x0000000008001be8                HAL_PCD_Start
 .text.HAL_PCD_IRQHandler
                0x0000000008001c52      0x942 ./bsp/cubemx/Drivers/STM32F4xx_HAL_Driver/Src/stm32f4xx_hal_pcd.o
                0x0000000008001c52                HAL_PCD_IRQHandler
 .text.HAL_PCD_SetAddress
                0x0000000008002594       0x48 ./bsp/cubemx/Drivers/STM32F4xx_HAL_Driver/Src/stm32f4xx_hal_pcd.o
                0x0000000008002594                HAL_PCD_SetAddress
 .text.HAL_PCD_EP_Open
                0x00000000080025dc       0xd0 ./bsp/cubemx/Drivers/STM32F4xx_HAL_Driver/Src/stm32f4xx_hal_pcd.o
                0x00000000080025dc                HAL_PCD_EP_Open
 .text.HAL_PCD_EP_Close
                0x00000000080026ac       0x94 ./bsp/cubemx/Drivers/STM32F4xx_HAL_Driver/Src/stm32f4xx_hal_pcd.o
                0x00000000080026ac                HAL_PCD_EP_Close
 .text.HAL_PCD_EP_Receive
                0x0000000008002740       0x76 ./bsp/cubemx/Drivers/STM32F4xx_HAL_Driver/Src/stm32f4xx_hal_pcd.o
                0x0000000008002740                HAL_PCD_EP_Receive
 .text.HAL_PCD_EP_GetRxCount
                0x00000000080027b6       0x30 ./bsp/cubemx/Drivers/STM32F4xx_HAL_Driver/Src/stm32f4xx_hal_pcd.o
                0x00000000080027b6                HAL_PCD_EP_GetRxCount
 .text.HAL_PCD_EP_Transmit
                0x00000000080027e6       0x74 ./bsp/cubemx/Drivers/STM32F4xx_HAL_Driver/Src/stm32f4xx_hal_pcd.o
                0x00000000080027e6                HAL_PCD_EP_Transmit
 .text.HAL_PCD_EP_SetStall
                0x000000000800285a       0xc6 ./bsp/cubemx/Drivers/STM32F4xx_HAL_Driver/Src/stm32f4xx_hal_pcd.o
                0x000000000800285a                HAL_PCD_EP_SetStall
 .text.HAL_PCD_EP_ClrStall
                0x0000000008002920       0xac ./bsp/cubemx/Drivers/STM32F4xx_HAL_Driver/Src/stm32f4xx_hal_pcd.o
                0x0000000008002920                HAL_PCD_EP_ClrStall
 .text.HAL_PCD_EP_Abort
                0x00000000080029cc       0x62 ./bsp/cubemx/Drivers/STM32F4xx_HAL_Driver/Src/stm32f4xx_hal_pcd.o
                0x00000000080029cc                HAL_PCD_EP_Abort
 .text.PCD_WriteEmptyTxFifo
                0x0000000008002a2e      0x118 ./bsp/cubemx/Drivers/STM32F4xx_HAL_Driver/Src/stm32f4xx_hal_pcd.o
 *fill*         0x0000000008002b46        0x2 
 .text.PCD_EP_OutXfrComplete_int
                0x0000000008002b48      0x1d0 ./bsp/cubemx/Drivers/STM32F4xx_HAL_Driver/Src/stm32f4xx_hal_pcd.o
 .text.PCD_EP_OutSetupPacket_int
                0x0000000008002d18       0x8c ./bsp/cubemx/Drivers/STM32F4xx_HAL_Driver/Src/stm32f4xx_hal_pcd.o
 .text.HAL_PCDEx_SetTxFiFo
                0x0000000008002da4       0x8e ./bsp/cubemx/Drivers/STM32F4xx_HAL_Driver/Src/stm32f4xx_hal_pcd_ex.o
                0x0000000008002da4                HAL_PCDEx_SetTxFiFo
 .text.HAL_PCDEx_SetRxFiFo
                0x0000000008002e32       0x22 ./bsp/cubemx/Drivers/STM32F4xx_HAL_Driver/Src/stm32f4xx_hal_pcd_ex.o
                0x0000000008002e32                HAL_PCDEx_SetRxFiFo
 .text.HAL_PCDEx_LPM_Callback
                0x0000000008002e54       0x18 ./bsp/cubemx/Drivers/STM32F4xx_HAL_Driver/Src/stm32f4xx_hal_pcd_ex.o
                0x0000000008002e54                HAL_PCDEx_LPM_Callback
 .text.HAL_RCC_OscConfig
                0x0000000008002e6c      0x4f0 ./bsp/cubemx/Drivers/STM32F4xx_HAL_Driver/Src/stm32f4xx_hal_rcc.o
                0x0000000008002e6c                HAL_RCC_OscConfig
 .text.HAL_RCC_ClockConfig
                0x000000000800335c      0x1cc ./bsp/cubemx/Drivers/STM32F4xx_HAL_Driver/Src/stm32f4xx_hal_rcc.o
                0x000000000800335c                HAL_RCC_ClockConfig
 .text.HAL_RCC_GetSysClockFreq
                0x0000000008003528      0x18c ./bsp/cubemx/Drivers/STM32F4xx_HAL_Driver/Src/stm32f4xx_hal_rcc.o
                0x0000000008003528                HAL_RCC_GetSysClockFreq
 .text.HAL_RCC_GetHCLKFreq
                0x00000000080036b4       0x18 ./bsp/cubemx/Drivers/STM32F4xx_HAL_Driver/Src/stm32f4xx_hal_rcc.o
                0x00000000080036b4                HAL_RCC_GetHCLKFreq
 .text.HAL_RCC_GetPCLK1Freq
                0x00000000080036cc       0x28 ./bsp/cubemx/Drivers/STM32F4xx_HAL_Driver/Src/stm32f4xx_hal_rcc.o
                0x00000000080036cc                HAL_RCC_GetPCLK1Freq
 .text.HAL_RCC_GetPCLK2Freq
                0x00000000080036f4       0x28 ./bsp/cubemx/Drivers/STM32F4xx_HAL_Driver/Src/stm32f4xx_hal_rcc.o
                0x00000000080036f4                HAL_RCC_GetPCLK2Freq
 .text.HAL_RCC_GetClockConfig
                0x000000000800371c       0x64 ./bsp/cubemx/Drivers/STM32F4xx_HAL_Driver/Src/stm32f4xx_hal_rcc.o
                0x000000000800371c                HAL_RCC_GetClockConfig
 .text.HAL_SPI_Init
                0x0000000008003780      0x112 ./bsp/cubemx/Drivers/STM32F4xx_HAL_Driver/Src/stm32f4xx_hal_spi.o
                0x0000000008003780                HAL_SPI_Init
 .text.HAL_TIM_Base_Init
                0x0000000008003892       0x9e ./bsp/cubemx/Drivers/STM32F4xx_HAL_Driver/Src/stm32f4xx_hal_tim.o
                0x0000000008003892                HAL_TIM_Base_Init
 .text.HAL_TIM_Base_MspInit
                0x0000000008003930       0x14 ./bsp/cubemx/Drivers/STM32F4xx_HAL_Driver/Src/stm32f4xx_hal_tim.o
                0x0000000008003930                HAL_TIM_Base_MspInit
 .text.HAL_TIM_Base_Start_IT
                0x0000000008003944       0xe0 ./bsp/cubemx/Drivers/STM32F4xx_HAL_Driver/Src/stm32f4xx_hal_tim.o
                0x0000000008003944                HAL_TIM_Base_Start_IT
 .text.HAL_TIM_IRQHandler
                0x0000000008003a24      0x1e0 ./bsp/cubemx/Drivers/STM32F4xx_HAL_Driver/Src/stm32f4xx_hal_tim.o
                0x0000000008003a24                HAL_TIM_IRQHandler
 .text.HAL_TIM_OC_DelayElapsedCallback
                0x0000000008003c04       0x14 ./bsp/cubemx/Drivers/STM32F4xx_HAL_Driver/Src/stm32f4xx_hal_tim.o
                0x0000000008003c04                HAL_TIM_OC_DelayElapsedCallback
 .text.HAL_TIM_IC_CaptureCallback
                0x0000000008003c18       0x14 ./bsp/cubemx/Drivers/STM32F4xx_HAL_Driver/Src/stm32f4xx_hal_tim.o
                0x0000000008003c18                HAL_TIM_IC_CaptureCallback
 .text.HAL_TIM_PWM_PulseFinishedCallback
                0x0000000008003c2c       0x14 ./bsp/cubemx/Drivers/STM32F4xx_HAL_Driver/Src/stm32f4xx_hal_tim.o
                0x0000000008003c2c                HAL_TIM_PWM_PulseFinishedCallback
 .text.HAL_TIM_TriggerCallback
                0x0000000008003c40       0x14 ./bsp/cubemx/Drivers/STM32F4xx_HAL_Driver/Src/stm32f4xx_hal_tim.o
                0x0000000008003c40                HAL_TIM_TriggerCallback
 .text.TIM_Base_SetConfig
                0x0000000008003c54      0x158 ./bsp/cubemx/Drivers/STM32F4xx_HAL_Driver/Src/stm32f4xx_hal_tim.o
                0x0000000008003c54                TIM_Base_SetConfig
 .text.HAL_TIMEx_CommutCallback
                0x0000000008003dac       0x14 ./bsp/cubemx/Drivers/STM32F4xx_HAL_Driver/Src/stm32f4xx_hal_tim_ex.o
                0x0000000008003dac                HAL_TIMEx_CommutCallback
 .text.HAL_TIMEx_BreakCallback
                0x0000000008003dc0       0x14 ./bsp/cubemx/Drivers/STM32F4xx_HAL_Driver/Src/stm32f4xx_hal_tim_ex.o
                0x0000000008003dc0                HAL_TIMEx_BreakCallback
 .text.HAL_UART_Init
                0x0000000008003dd4       0xa0 ./bsp/cubemx/Drivers/STM32F4xx_HAL_Driver/Src/stm32f4xx_hal_uart.o
                0x0000000008003dd4                HAL_UART_Init
 .text.UART_SetConfig
                0x0000000008003e74      0x4e8 ./bsp/cubemx/Drivers/STM32F4xx_HAL_Driver/Src/stm32f4xx_hal_uart.o
 .text.USB_CoreInit
                0x000000000800435c       0xc8 ./bsp/cubemx/Drivers/STM32F4xx_HAL_Driver/Src/stm32f4xx_ll_usb.o
                0x000000000800435c                USB_CoreInit
 .text.USB_SetTurnaroundTime
                0x0000000008004424      0x144 ./bsp/cubemx/Drivers/STM32F4xx_HAL_Driver/Src/stm32f4xx_ll_usb.o
                0x0000000008004424                USB_SetTurnaroundTime
 .text.USB_EnableGlobalInt
                0x0000000008004568       0x22 ./bsp/cubemx/Drivers/STM32F4xx_HAL_Driver/Src/stm32f4xx_ll_usb.o
                0x0000000008004568                USB_EnableGlobalInt
 .text.USB_DisableGlobalInt
                0x000000000800458a       0x22 ./bsp/cubemx/Drivers/STM32F4xx_HAL_Driver/Src/stm32f4xx_ll_usb.o
                0x000000000800458a                USB_DisableGlobalInt
 .text.USB_SetCurrentMode
                0x00000000080045ac       0x98 ./bsp/cubemx/Drivers/STM32F4xx_HAL_Driver/Src/stm32f4xx_ll_usb.o
                0x00000000080045ac                USB_SetCurrentMode
 .text.USB_DevInit
                0x0000000008004644      0x2c8 ./bsp/cubemx/Drivers/STM32F4xx_HAL_Driver/Src/stm32f4xx_ll_usb.o
                0x0000000008004644                USB_DevInit
 .text.USB_FlushTxFifo
                0x000000000800490c       0x64 ./bsp/cubemx/Drivers/STM32F4xx_HAL_Driver/Src/stm32f4xx_ll_usb.o
                0x000000000800490c                USB_FlushTxFifo
 .text.USB_FlushRxFifo
                0x0000000008004970       0x5c ./bsp/cubemx/Drivers/STM32F4xx_HAL_Driver/Src/stm32f4xx_ll_usb.o
                0x0000000008004970                USB_FlushRxFifo
 .text.USB_SetDevSpeed
                0x00000000080049cc       0x32 ./bsp/cubemx/Drivers/STM32F4xx_HAL_Driver/Src/stm32f4xx_ll_usb.o
                0x00000000080049cc                USB_SetDevSpeed
 .text.USB_GetDevSpeed
                0x00000000080049fe       0x4a ./bsp/cubemx/Drivers/STM32F4xx_HAL_Driver/Src/stm32f4xx_ll_usb.o
                0x00000000080049fe                USB_GetDevSpeed
 .text.USB_ActivateEndpoint
                0x0000000008004a48      0x10e ./bsp/cubemx/Drivers/STM32F4xx_HAL_Driver/Src/stm32f4xx_ll_usb.o
                0x0000000008004a48                USB_ActivateEndpoint
 *fill*         0x0000000008004b56        0x2 
 .text.USB_DeactivateEndpoint
                0x0000000008004b58      0x1b8 ./bsp/cubemx/Drivers/STM32F4xx_HAL_Driver/Src/stm32f4xx_ll_usb.o
                0x0000000008004b58                USB_DeactivateEndpoint
 .text.USB_EPStartXfer
                0x0000000008004d10      0x530 ./bsp/cubemx/Drivers/STM32F4xx_HAL_Driver/Src/stm32f4xx_ll_usb.o
                0x0000000008004d10                USB_EPStartXfer
 .text.USB_EPStopXfer
                0x0000000008005240      0x154 ./bsp/cubemx/Drivers/STM32F4xx_HAL_Driver/Src/stm32f4xx_ll_usb.o
                0x0000000008005240                USB_EPStopXfer
 .text.USB_WritePacket
                0x0000000008005394       0x7c ./bsp/cubemx/Drivers/STM32F4xx_HAL_Driver/Src/stm32f4xx_ll_usb.o
                0x0000000008005394                USB_WritePacket
 .text.USB_ReadPacket
                0x0000000008005410       0xb0 ./bsp/cubemx/Drivers/STM32F4xx_HAL_Driver/Src/stm32f4xx_ll_usb.o
                0x0000000008005410                USB_ReadPacket
 .text.USB_EPSetStall
                0x00000000080054c0       0xdc ./bsp/cubemx/Drivers/STM32F4xx_HAL_Driver/Src/stm32f4xx_ll_usb.o
                0x00000000080054c0                USB_EPSetStall
 .text.USB_EPClearStall
                0x000000000800559c       0xcc ./bsp/cubemx/Drivers/STM32F4xx_HAL_Driver/Src/stm32f4xx_ll_usb.o
                0x000000000800559c                USB_EPClearStall
 .text.USB_SetDevAddress
                0x0000000008005668       0x4c ./bsp/cubemx/Drivers/STM32F4xx_HAL_Driver/Src/stm32f4xx_ll_usb.o
                0x0000000008005668                USB_SetDevAddress
 .text.USB_DevConnect
                0x00000000080056b4       0x42 ./bsp/cubemx/Drivers/STM32F4xx_HAL_Driver/Src/stm32f4xx_ll_usb.o
                0x00000000080056b4                USB_DevConnect
 .text.USB_DevDisconnect
                0x00000000080056f6       0x42 ./bsp/cubemx/Drivers/STM32F4xx_HAL_Driver/Src/stm32f4xx_ll_usb.o
                0x00000000080056f6                USB_DevDisconnect
 .text.USB_ReadInterrupts
                0x0000000008005738       0x26 ./bsp/cubemx/Drivers/STM32F4xx_HAL_Driver/Src/stm32f4xx_ll_usb.o
                0x0000000008005738                USB_ReadInterrupts
 .text.USB_ReadDevAllOutEpInterrupt
                0x000000000800575e       0x34 ./bsp/cubemx/Drivers/STM32F4xx_HAL_Driver/Src/stm32f4xx_ll_usb.o
                0x000000000800575e                USB_ReadDevAllOutEpInterrupt
 .text.USB_ReadDevAllInEpInterrupt
                0x0000000008005792       0x34 ./bsp/cubemx/Drivers/STM32F4xx_HAL_Driver/Src/stm32f4xx_ll_usb.o
                0x0000000008005792                USB_ReadDevAllInEpInterrupt
 .text.USB_ReadDevOutEPInterrupt
                0x00000000080057c6       0x3c ./bsp/cubemx/Drivers/STM32F4xx_HAL_Driver/Src/stm32f4xx_ll_usb.o
                0x00000000080057c6                USB_ReadDevOutEPInterrupt
 .text.USB_ReadDevInEPInterrupt
                0x0000000008005802       0x5c ./bsp/cubemx/Drivers/STM32F4xx_HAL_Driver/Src/stm32f4xx_ll_usb.o
                0x0000000008005802                USB_ReadDevInEPInterrupt
 .text.USB_GetMode
                0x000000000800585e       0x1c ./bsp/cubemx/Drivers/STM32F4xx_HAL_Driver/Src/stm32f4xx_ll_usb.o
                0x000000000800585e                USB_GetMode
 .text.USB_ActivateSetup
                0x000000000800587a       0x46 ./bsp/cubemx/Drivers/STM32F4xx_HAL_Driver/Src/stm32f4xx_ll_usb.o
                0x000000000800587a                USB_ActivateSetup
 .text.USB_EP0_OutStart
                0x00000000080058c0       0xbc ./bsp/cubemx/Drivers/STM32F4xx_HAL_Driver/Src/stm32f4xx_ll_usb.o
                0x00000000080058c0                USB_EP0_OutStart
 .text.USB_CoreReset
                0x000000000800597c       0x62 ./bsp/cubemx/Drivers/STM32F4xx_HAL_Driver/Src/stm32f4xx_ll_usb.o
 *fill*         0x00000000080059de        0x2 
 .text.USBD_CDC_Init
                0x00000000080059e0      0x1f0 ./bsp/cubemx/Middlewares/ST/STM32_USB_Device_Library/Class/CDC/Src/usbd_cdc.o
 .text.USBD_CDC_DeInit
                0x0000000008005bd0      0x104 ./bsp/cubemx/Middlewares/ST/STM32_USB_Device_Library/Class/CDC/Src/usbd_cdc.o
 .text.USBD_CDC_Setup
                0x0000000008005cd4      0x1b8 ./bsp/cubemx/Middlewares/ST/STM32_USB_Device_Library/Class/CDC/Src/usbd_cdc.o
 .text.USBD_CDC_DataIn
                0x0000000008005e8c       0xfe ./bsp/cubemx/Middlewares/ST/STM32_USB_Device_Library/Class/CDC/Src/usbd_cdc.o
 .text.USBD_CDC_DataOut
                0x0000000008005f8a       0x70 ./bsp/cubemx/Middlewares/ST/STM32_USB_Device_Library/Class/CDC/Src/usbd_cdc.o
 .text.USBD_CDC_EP0_RxReady
                0x0000000008005ffa       0x76 ./bsp/cubemx/Middlewares/ST/STM32_USB_Device_Library/Class/CDC/Src/usbd_cdc.o
 .text.USBD_CDC_GetFSCfgDesc
                0x0000000008006070       0x70 ./bsp/cubemx/Middlewares/ST/STM32_USB_Device_Library/Class/CDC/Src/usbd_cdc.o
 .text.USBD_CDC_GetHSCfgDesc
                0x00000000080060e0       0x70 ./bsp/cubemx/Middlewares/ST/STM32_USB_Device_Library/Class/CDC/Src/usbd_cdc.o
 .text.USBD_CDC_GetOtherSpeedCfgDesc
                0x0000000008006150       0x70 ./bsp/cubemx/Middlewares/ST/STM32_USB_Device_Library/Class/CDC/Src/usbd_cdc.o
 .text.USBD_CDC_GetDeviceQualifierDescriptor
                0x00000000080061c0       0x20 ./bsp/cubemx/Middlewares/ST/STM32_USB_Device_Library/Class/CDC/Src/usbd_cdc.o
                0x00000000080061c0                USBD_CDC_GetDeviceQualifierDescriptor
 .text.USBD_CDC_RegisterInterface
                0x00000000080061e0       0x34 ./bsp/cubemx/Middlewares/ST/STM32_USB_Device_Library/Class/CDC/Src/usbd_cdc.o
                0x00000000080061e0                USBD_CDC_RegisterInterface
 .text.USBD_CDC_SetTxBuffer
                0x0000000008006214       0x44 ./bsp/cubemx/Middlewares/ST/STM32_USB_Device_Library/Class/CDC/Src/usbd_cdc.o
                0x0000000008006214                USBD_CDC_SetTxBuffer
 .text.USBD_CDC_SetRxBuffer
                0x0000000008006258       0x3a ./bsp/cubemx/Middlewares/ST/STM32_USB_Device_Library/Class/CDC/Src/usbd_cdc.o
                0x0000000008006258                USBD_CDC_SetRxBuffer
 *fill*         0x0000000008006292        0x2 
 .text.USBD_CDC_ReceivePacket
                0x0000000008006294       0x6c ./bsp/cubemx/Middlewares/ST/STM32_USB_Device_Library/Class/CDC/Src/usbd_cdc.o
                0x0000000008006294                USBD_CDC_ReceivePacket
 .text.USBD_Init
                0x0000000008006300       0x60 ./bsp/cubemx/Middlewares/ST/STM32_USB_Device_Library/Core/Src/usbd_core.o
                0x0000000008006300                USBD_Init
 .text.USBD_RegisterClass
                0x0000000008006360       0x6c ./bsp/cubemx/Middlewares/ST/STM32_USB_Device_Library/Core/Src/usbd_core.o
                0x0000000008006360                USBD_RegisterClass
 .text.USBD_Start
                0x00000000080063cc       0x18 ./bsp/cubemx/Middlewares/ST/STM32_USB_Device_Library/Core/Src/usbd_core.o
                0x00000000080063cc                USBD_Start
 .text.USBD_RunTestMode
                0x00000000080063e4       0x16 ./bsp/cubemx/Middlewares/ST/STM32_USB_Device_Library/Core/Src/usbd_core.o
                0x00000000080063e4                USBD_RunTestMode
 .text.USBD_SetClassConfig
                0x00000000080063fa       0x38 ./bsp/cubemx/Middlewares/ST/STM32_USB_Device_Library/Core/Src/usbd_core.o
                0x00000000080063fa                USBD_SetClassConfig
 .text.USBD_ClrClassConfig
                0x0000000008006432       0x34 ./bsp/cubemx/Middlewares/ST/STM32_USB_Device_Library/Core/Src/usbd_core.o
                0x0000000008006432                USBD_ClrClassConfig
 .text.USBD_LL_SetupStage
                0x0000000008006466       0xaa ./bsp/cubemx/Middlewares/ST/STM32_USB_Device_Library/Core/Src/usbd_core.o
                0x0000000008006466                USBD_LL_SetupStage
 .text.USBD_LL_DataOutStage
                0x0000000008006510      0x166 ./bsp/cubemx/Middlewares/ST/STM32_USB_Device_Library/Core/Src/usbd_core.o
                0x0000000008006510                USBD_LL_DataOutStage
 .text.USBD_LL_DataInStage
                0x0000000008006676      0x164 ./bsp/cubemx/Middlewares/ST/STM32_USB_Device_Library/Core/Src/usbd_core.o
                0x0000000008006676                USBD_LL_DataInStage
 .text.USBD_LL_Reset
                0x00000000080067da       0xa4 ./bsp/cubemx/Middlewares/ST/STM32_USB_Device_Library/Core/Src/usbd_core.o
                0x00000000080067da                USBD_LL_Reset
 .text.USBD_LL_SetSpeed
                0x000000000800687e       0x20 ./bsp/cubemx/Middlewares/ST/STM32_USB_Device_Library/Core/Src/usbd_core.o
                0x000000000800687e                USBD_LL_SetSpeed
 .text.USBD_LL_Suspend
                0x000000000800689e       0x38 ./bsp/cubemx/Middlewares/ST/STM32_USB_Device_Library/Core/Src/usbd_core.o
                0x000000000800689e                USBD_LL_Suspend
 .text.USBD_LL_Resume
                0x00000000080068d6       0x30 ./bsp/cubemx/Middlewares/ST/STM32_USB_Device_Library/Core/Src/usbd_core.o
                0x00000000080068d6                USBD_LL_Resume
 .text.USBD_LL_SOF
                0x0000000008006906       0x40 ./bsp/cubemx/Middlewares/ST/STM32_USB_Device_Library/Core/Src/usbd_core.o
                0x0000000008006906                USBD_LL_SOF
 .text.USBD_LL_IsoINIncomplete
                0x0000000008006946       0x64 ./bsp/cubemx/Middlewares/ST/STM32_USB_Device_Library/Core/Src/usbd_core.o
                0x0000000008006946                USBD_LL_IsoINIncomplete
 .text.USBD_LL_IsoOUTIncomplete
                0x00000000080069aa       0x64 ./bsp/cubemx/Middlewares/ST/STM32_USB_Device_Library/Core/Src/usbd_core.o
                0x00000000080069aa                USBD_LL_IsoOUTIncomplete
 .text.USBD_LL_DevConnected
                0x0000000008006a0e       0x16 ./bsp/cubemx/Middlewares/ST/STM32_USB_Device_Library/Core/Src/usbd_core.o
                0x0000000008006a0e                USBD_LL_DevConnected
 .text.USBD_LL_DevDisconnected
                0x0000000008006a24       0x46 ./bsp/cubemx/Middlewares/ST/STM32_USB_Device_Library/Core/Src/usbd_core.o
                0x0000000008006a24                USBD_LL_DevDisconnected
 .text.USBD_CoreFindIF
                0x0000000008006a6a       0x1a ./bsp/cubemx/Middlewares/ST/STM32_USB_Device_Library/Core/Src/usbd_core.o
                0x0000000008006a6a                USBD_CoreFindIF
 .text.USBD_CoreFindEP
                0x0000000008006a84       0x1a ./bsp/cubemx/Middlewares/ST/STM32_USB_Device_Library/Core/Src/usbd_core.o
                0x0000000008006a84                USBD_CoreFindEP
 .text.USBD_GetEpDesc
                0x0000000008006a9e       0x74 ./bsp/cubemx/Middlewares/ST/STM32_USB_Device_Library/Core/Src/usbd_core.o
                0x0000000008006a9e                USBD_GetEpDesc
 .text.USBD_GetNextDesc
                0x0000000008006b12       0x3a ./bsp/cubemx/Middlewares/ST/STM32_USB_Device_Library/Core/Src/usbd_core.o
                0x0000000008006b12                USBD_GetNextDesc
 .text.SWAPBYTE
                0x0000000008006b4c       0x3c ./bsp/cubemx/Middlewares/ST/STM32_USB_Device_Library/Core/Src/usbd_ctlreq.o
 .text.USBD_StdDevReq
                0x0000000008006b88       0xe4 ./bsp/cubemx/Middlewares/ST/STM32_USB_Device_Library/Core/Src/usbd_ctlreq.o
                0x0000000008006b88                USBD_StdDevReq
 .text.USBD_StdItfReq
                0x0000000008006c6c       0xd8 ./bsp/cubemx/Middlewares/ST/STM32_USB_Device_Library/Core/Src/usbd_ctlreq.o
                0x0000000008006c6c                USBD_StdItfReq
 .text.USBD_StdEPReq
                0x0000000008006d44      0x33a ./bsp/cubemx/Middlewares/ST/STM32_USB_Device_Library/Core/Src/usbd_ctlreq.o
                0x0000000008006d44                USBD_StdEPReq
 *fill*         0x000000000800707e        0x2 
 .text.USBD_GetDescriptor
                0x0000000008007080      0x2d4 ./bsp/cubemx/Middlewares/ST/STM32_USB_Device_Library/Core/Src/usbd_ctlreq.o
 .text.USBD_SetAddress
                0x0000000008007354       0x88 ./bsp/cubemx/Middlewares/ST/STM32_USB_Device_Library/Core/Src/usbd_ctlreq.o
 .text.USBD_SetConfig
                0x00000000080073dc      0x154 ./bsp/cubemx/Middlewares/ST/STM32_USB_Device_Library/Core/Src/usbd_ctlreq.o
 .text.USBD_GetConfig
                0x0000000008007530       0x6c ./bsp/cubemx/Middlewares/ST/STM32_USB_Device_Library/Core/Src/usbd_ctlreq.o
 .text.USBD_GetStatus
                0x000000000800759c       0x68 ./bsp/cubemx/Middlewares/ST/STM32_USB_Device_Library/Core/Src/usbd_ctlreq.o
 .text.USBD_SetFeature
                0x0000000008007604       0x52 ./bsp/cubemx/Middlewares/ST/STM32_USB_Device_Library/Core/Src/usbd_ctlreq.o
 .text.USBD_ClrFeature
                0x0000000008007656       0x44 ./bsp/cubemx/Middlewares/ST/STM32_USB_Device_Library/Core/Src/usbd_ctlreq.o
 .text.USBD_ParseSetupRequest
                0x000000000800769a       0x74 ./bsp/cubemx/Middlewares/ST/STM32_USB_Device_Library/Core/Src/usbd_ctlreq.o
                0x000000000800769a                USBD_ParseSetupRequest
 .text.USBD_CtlError
                0x000000000800770e       0x22 ./bsp/cubemx/Middlewares/ST/STM32_USB_Device_Library/Core/Src/usbd_ctlreq.o
                0x000000000800770e                USBD_CtlError
 .text.USBD_GetString
                0x0000000008007730       0x8c ./bsp/cubemx/Middlewares/ST/STM32_USB_Device_Library/Core/Src/usbd_ctlreq.o
                0x0000000008007730                USBD_GetString
 .text.USBD_GetLen
                0x00000000080077bc       0x34 ./bsp/cubemx/Middlewares/ST/STM32_USB_Device_Library/Core/Src/usbd_ctlreq.o
 .text.USBD_CtlSendData
                0x00000000080077f0       0x36 ./bsp/cubemx/Middlewares/ST/STM32_USB_Device_Library/Core/Src/usbd_ioreq.o
                0x00000000080077f0                USBD_CtlSendData
 .text.USBD_CtlContinueSendData
                0x0000000008007826       0x22 ./bsp/cubemx/Middlewares/ST/STM32_USB_Device_Library/Core/Src/usbd_ioreq.o
                0x0000000008007826                USBD_CtlContinueSendData
 .text.USBD_CtlPrepareRx
                0x0000000008007848       0x3a ./bsp/cubemx/Middlewares/ST/STM32_USB_Device_Library/Core/Src/usbd_ioreq.o
                0x0000000008007848                USBD_CtlPrepareRx
 .text.USBD_CtlContinueRx
                0x0000000008007882       0x22 ./bsp/cubemx/Middlewares/ST/STM32_USB_Device_Library/Core/Src/usbd_ioreq.o
                0x0000000008007882                USBD_CtlContinueRx
 .text.USBD_CtlSendStatus
                0x00000000080078a4       0x26 ./bsp/cubemx/Middlewares/ST/STM32_USB_Device_Library/Core/Src/usbd_ioreq.o
                0x00000000080078a4                USBD_CtlSendStatus
 .text.USBD_CtlReceiveStatus
                0x00000000080078ca       0x26 ./bsp/cubemx/Middlewares/ST/STM32_USB_Device_Library/Core/Src/usbd_ioreq.o
                0x00000000080078ca                USBD_CtlReceiveStatus
 .text.__NVIC_SetPriority
                0x00000000080078f0       0x54 ./bsp/cubemx/Middlewares/Third_Party/FreeRTOS/Source/CMSIS_RTOS_V2/cmsis_os2.o
 .text.SysTick_Handler
                0x0000000008007944       0x20 ./bsp/cubemx/Middlewares/Third_Party/FreeRTOS/Source/CMSIS_RTOS_V2/cmsis_os2.o
                0x0000000008007944                SysTick_Handler
 .text.SVC_Setup
                0x0000000008007964       0x12 ./bsp/cubemx/Middlewares/Third_Party/FreeRTOS/Source/CMSIS_RTOS_V2/cmsis_os2.o
 *fill*         0x0000000008007976        0x2 
 .text.osKernelInitialize
                0x0000000008007978       0x48 ./bsp/cubemx/Middlewares/Third_Party/FreeRTOS/Source/CMSIS_RTOS_V2/cmsis_os2.o
                0x0000000008007978                osKernelInitialize
 .text.osKernelStart
                0x00000000080079c0       0x4c ./bsp/cubemx/Middlewares/Third_Party/FreeRTOS/Source/CMSIS_RTOS_V2/cmsis_os2.o
                0x00000000080079c0                osKernelStart
 .text.osThreadNew
                0x0000000008007a0c      0x124 ./bsp/cubemx/Middlewares/Third_Party/FreeRTOS/Source/CMSIS_RTOS_V2/cmsis_os2.o
                0x0000000008007a0c                osThreadNew
 .text.osDelay  0x0000000008007b30       0x36 ./bsp/cubemx/Middlewares/Third_Party/FreeRTOS/Source/CMSIS_RTOS_V2/cmsis_os2.o
                0x0000000008007b30                osDelay
 *fill*         0x0000000008007b66        0x2 
 .text.vApplicationGetIdleTaskMemory
                0x0000000008007b68       0x34 ./bsp/cubemx/Middlewares/Third_Party/FreeRTOS/Source/CMSIS_RTOS_V2/cmsis_os2.o
                0x0000000008007b68                vApplicationGetIdleTaskMemory
 .text.vApplicationGetTimerTaskMemory
                0x0000000008007b9c       0x34 ./bsp/cubemx/Middlewares/Third_Party/FreeRTOS/Source/CMSIS_RTOS_V2/cmsis_os2.o
                0x0000000008007b9c                vApplicationGetTimerTaskMemory
 .text.vListInitialise
                0x0000000008007bd0       0x40 ./bsp/cubemx/Middlewares/Third_Party/FreeRTOS/Source/list.o
                0x0000000008007bd0                vListInitialise
 .text.vListInitialiseItem
                0x0000000008007c10       0x1a ./bsp/cubemx/Middlewares/Third_Party/FreeRTOS/Source/list.o
                0x0000000008007c10                vListInitialiseItem
 .text.vListInsertEnd
                0x0000000008007c2a       0x48 ./bsp/cubemx/Middlewares/Third_Party/FreeRTOS/Source/list.o
                0x0000000008007c2a                vListInsertEnd
 .text.vListInsert
                0x0000000008007c72       0x72 ./bsp/cubemx/Middlewares/Third_Party/FreeRTOS/Source/list.o
                0x0000000008007c72                vListInsert
 .text.uxListRemove
                0x0000000008007ce4       0x54 ./bsp/cubemx/Middlewares/Third_Party/FreeRTOS/Source/list.o
                0x0000000008007ce4                uxListRemove
 .text.xQueueGenericReset
                0x0000000008007d38       0xd0 ./bsp/cubemx/Middlewares/Third_Party/FreeRTOS/Source/queue.o
                0x0000000008007d38                xQueueGenericReset
 .text.xQueueGenericCreateStatic
                0x0000000008007e08       0xf0 ./bsp/cubemx/Middlewares/Third_Party/FreeRTOS/Source/queue.o
                0x0000000008007e08                xQueueGenericCreateStatic
 .text.prvInitialiseNewQueue
                0x0000000008007ef8       0x46 ./bsp/cubemx/Middlewares/Third_Party/FreeRTOS/Source/queue.o
 *fill*         0x0000000008007f3e        0x2 
 .text.xQueueGenericSend
                0x0000000008007f40      0x1fc ./bsp/cubemx/Middlewares/Third_Party/FreeRTOS/Source/queue.o
                0x0000000008007f40                xQueueGenericSend
 .text.xQueueGenericSendFromISR
                0x000000000800813c      0x136 ./bsp/cubemx/Middlewares/Third_Party/FreeRTOS/Source/queue.o
                0x000000000800813c                xQueueGenericSendFromISR
 *fill*         0x0000000008008272        0x2 
 .text.xQueueReceive
                0x0000000008008274      0x1c0 ./bsp/cubemx/Middlewares/Third_Party/FreeRTOS/Source/queue.o
                0x0000000008008274                xQueueReceive
 .text.prvCopyDataToQueue
                0x0000000008008434       0xd4 ./bsp/cubemx/Middlewares/Third_Party/FreeRTOS/Source/queue.o
 .text.prvCopyDataFromQueue
                0x0000000008008508       0x4c ./bsp/cubemx/Middlewares/Third_Party/FreeRTOS/Source/queue.o
 .text.prvUnlockQueue
                0x0000000008008554       0xa4 ./bsp/cubemx/Middlewares/Third_Party/FreeRTOS/Source/queue.o
 .text.prvIsQueueEmpty
                0x00000000080085f8       0x2c ./bsp/cubemx/Middlewares/Third_Party/FreeRTOS/Source/queue.o
 .text.prvIsQueueFull
                0x0000000008008624       0x30 ./bsp/cubemx/Middlewares/Third_Party/FreeRTOS/Source/queue.o
 .text.vQueueAddToRegistry
                0x0000000008008654       0x54 ./bsp/cubemx/Middlewares/Third_Party/FreeRTOS/Source/queue.o
                0x0000000008008654                vQueueAddToRegistry
 .text.vQueueWaitForMessageRestricted
                0x00000000080086a8       0x68 ./bsp/cubemx/Middlewares/Third_Party/FreeRTOS/Source/queue.o
                0x00000000080086a8                vQueueWaitForMessageRestricted
 .text.xTaskCreateStatic
                0x0000000008008710       0xba ./bsp/cubemx/Middlewares/Third_Party/FreeRTOS/Source/tasks.o
                0x0000000008008710                xTaskCreateStatic
 .text.xTaskCreate
                0x00000000080087ca       0x8a ./bsp/cubemx/Middlewares/Third_Party/FreeRTOS/Source/tasks.o
                0x00000000080087ca                xTaskCreate
 .text.prvInitialiseNewTask
                0x0000000008008854      0x14c ./bsp/cubemx/Middlewares/Third_Party/FreeRTOS/Source/tasks.o
 .text.prvAddNewTaskToReadyList
                0x00000000080089a0       0xe0 ./bsp/cubemx/Middlewares/Third_Party/FreeRTOS/Source/tasks.o
 .text.vTaskDelay
                0x0000000008008a80       0x68 ./bsp/cubemx/Middlewares/Third_Party/FreeRTOS/Source/tasks.o
                0x0000000008008a80                vTaskDelay
 .text.vTaskStartScheduler
                0x0000000008008ae8       0xe0 ./bsp/cubemx/Middlewares/Third_Party/FreeRTOS/Source/tasks.o
                0x0000000008008ae8                vTaskStartScheduler
 .text.vTaskSuspendAll
                0x0000000008008bc8       0x1c ./bsp/cubemx/Middlewares/Third_Party/FreeRTOS/Source/tasks.o
                0x0000000008008bc8                vTaskSuspendAll
 .text.xTaskResumeAll
                0x0000000008008be4      0x13c ./bsp/cubemx/Middlewares/Third_Party/FreeRTOS/Source/tasks.o
                0x0000000008008be4                xTaskResumeAll
 .text.xTaskGetTickCount
                0x0000000008008d20       0x20 ./bsp/cubemx/Middlewares/Third_Party/FreeRTOS/Source/tasks.o
                0x0000000008008d20                xTaskGetTickCount
 .text.xTaskIncrementTick
                0x0000000008008d40      0x174 ./bsp/cubemx/Middlewares/Third_Party/FreeRTOS/Source/tasks.o
                0x0000000008008d40                xTaskIncrementTick
 .text.vTaskSwitchContext
                0x0000000008008eb4       0xc8 ./bsp/cubemx/Middlewares/Third_Party/FreeRTOS/Source/tasks.o
                0x0000000008008eb4                vTaskSwitchContext
 .text.vTaskPlaceOnEventList
                0x0000000008008f7c       0x48 ./bsp/cubemx/Middlewares/Third_Party/FreeRTOS/Source/tasks.o
                0x0000000008008f7c                vTaskPlaceOnEventList
 .text.vTaskPlaceOnEventListRestricted
                0x0000000008008fc4       0x58 ./bsp/cubemx/Middlewares/Third_Party/FreeRTOS/Source/tasks.o
                0x0000000008008fc4                vTaskPlaceOnEventListRestricted
 .text.xTaskRemoveFromEventList
                0x000000000800901c       0xc8 ./bsp/cubemx/Middlewares/Third_Party/FreeRTOS/Source/tasks.o
                0x000000000800901c                xTaskRemoveFromEventList
 .text.vTaskInternalSetTimeOutState
                0x00000000080090e4       0x2c ./bsp/cubemx/Middlewares/Third_Party/FreeRTOS/Source/tasks.o
                0x00000000080090e4                vTaskInternalSetTimeOutState
 .text.xTaskCheckForTimeOut
                0x0000000008009110       0xc4 ./bsp/cubemx/Middlewares/Third_Party/FreeRTOS/Source/tasks.o
                0x0000000008009110                xTaskCheckForTimeOut
 .text.vTaskMissedYield
                0x00000000080091d4       0x18 ./bsp/cubemx/Middlewares/Third_Party/FreeRTOS/Source/tasks.o
                0x00000000080091d4                vTaskMissedYield
 .text.prvIdleTask
                0x00000000080091ec       0x30 ./bsp/cubemx/Middlewares/Third_Party/FreeRTOS/Source/tasks.o
 .text.prvInitialiseTaskLists
                0x000000000800921c       0x80 ./bsp/cubemx/Middlewares/Third_Party/FreeRTOS/Source/tasks.o
 .text.prvCheckTasksWaitingTermination
                0x000000000800929c       0x5c ./bsp/cubemx/Middlewares/Third_Party/FreeRTOS/Source/tasks.o
 .text.prvDeleteTCB
                0x00000000080092f8       0x68 ./bsp/cubemx/Middlewares/Third_Party/FreeRTOS/Source/tasks.o
 .text.prvResetNextTaskUnblockTime
                0x0000000008009360       0x40 ./bsp/cubemx/Middlewares/Third_Party/FreeRTOS/Source/tasks.o
 .text.xTaskGetSchedulerState
                0x00000000080093a0       0x3c ./bsp/cubemx/Middlewares/Third_Party/FreeRTOS/Source/tasks.o
                0x00000000080093a0                xTaskGetSchedulerState
 .text.xTaskPriorityDisinherit
                0x00000000080093dc       0xdc ./bsp/cubemx/Middlewares/Third_Party/FreeRTOS/Source/tasks.o
                0x00000000080093dc                xTaskPriorityDisinherit
 .text.prvAddCurrentTaskToDelayedList
                0x00000000080094b8       0xa8 ./bsp/cubemx/Middlewares/Third_Party/FreeRTOS/Source/tasks.o
 .text.xTimerCreateTimerTask
                0x0000000008009560       0x90 ./bsp/cubemx/Middlewares/Third_Party/FreeRTOS/Source/timers.o
                0x0000000008009560                xTimerCreateTimerTask
 .text.xTimerGenericCommand
                0x00000000080095f0       0x9c ./bsp/cubemx/Middlewares/Third_Party/FreeRTOS/Source/timers.o
                0x00000000080095f0                xTimerGenericCommand
 .text.prvProcessExpiredTimer
                0x000000000800968c       0x98 ./bsp/cubemx/Middlewares/Third_Party/FreeRTOS/Source/timers.o
 .text.prvTimerTask
                0x0000000008009724       0x24 ./bsp/cubemx/Middlewares/Third_Party/FreeRTOS/Source/timers.o
 .text.prvProcessTimerOrBlockTask
                0x0000000008009748       0x9c ./bsp/cubemx/Middlewares/Third_Party/FreeRTOS/Source/timers.o
 .text.prvGetNextExpireTime
                0x00000000080097e4       0x48 ./bsp/cubemx/Middlewares/Third_Party/FreeRTOS/Source/timers.o
 .text.prvSampleTimeNow
                0x000000000800982c       0x40 ./bsp/cubemx/Middlewares/Third_Party/FreeRTOS/Source/timers.o
 .text.prvInsertTimerInActiveList
                0x000000000800986c       0x84 ./bsp/cubemx/Middlewares/Third_Party/FreeRTOS/Source/timers.o
 .text.prvProcessReceivedCommands
                0x00000000080098f0      0x1c4 ./bsp/cubemx/Middlewares/Third_Party/FreeRTOS/Source/timers.o
 .text.prvSwitchTimerLists
                0x0000000008009ab4       0xc8 ./bsp/cubemx/Middlewares/Third_Party/FreeRTOS/Source/timers.o
 .text.prvCheckForValidListAndQueue
                0x0000000008009b7c       0x80 ./bsp/cubemx/Middlewares/Third_Party/FreeRTOS/Source/timers.o
 .text.pxPortInitialiseStack
                0x0000000008009bfc       0x68 ./bsp/cubemx/Middlewares/Third_Party/FreeRTOS/Source/portable/GCC/ARM_CM4F/port.o
                0x0000000008009bfc                pxPortInitialiseStack
 .text.prvTaskExitError
                0x0000000008009c64       0x58 ./bsp/cubemx/Middlewares/Third_Party/FreeRTOS/Source/portable/GCC/ARM_CM4F/port.o
 *fill*         0x0000000008009cbc        0x4 
 .text.SVC_Handler
                0x0000000008009cc0       0x28 ./bsp/cubemx/Middlewares/Third_Party/FreeRTOS/Source/portable/GCC/ARM_CM4F/port.o
                0x0000000008009cc0                SVC_Handler
 .text.prvPortStartFirstTask
                0x0000000008009ce8       0x28 ./bsp/cubemx/Middlewares/Third_Party/FreeRTOS/Source/portable/GCC/ARM_CM4F/port.o
 .text.xPortStartScheduler
                0x0000000008009d10      0x144 ./bsp/cubemx/Middlewares/Third_Party/FreeRTOS/Source/portable/GCC/ARM_CM4F/port.o
                0x0000000008009d10                xPortStartScheduler
 .text.vPortEnterCritical
                0x0000000008009e54       0x60 ./bsp/cubemx/Middlewares/Third_Party/FreeRTOS/Source/portable/GCC/ARM_CM4F/port.o
                0x0000000008009e54                vPortEnterCritical
 .text.vPortExitCritical
                0x0000000008009eb4       0x54 ./bsp/cubemx/Middlewares/Third_Party/FreeRTOS/Source/portable/GCC/ARM_CM4F/port.o
                0x0000000008009eb4                vPortExitCritical
 *fill*         0x0000000008009f08        0x8 
 .text.PendSV_Handler
                0x0000000008009f10       0x68 ./bsp/cubemx/Middlewares/Third_Party/FreeRTOS/Source/portable/GCC/ARM_CM4F/port.o
                0x0000000008009f10                PendSV_Handler
 .text.xPortSysTickHandler
                0x0000000008009f78       0x44 ./bsp/cubemx/Middlewares/Third_Party/FreeRTOS/Source/portable/GCC/ARM_CM4F/port.o
                0x0000000008009f78                xPortSysTickHandler
 .text.vPortSetupTimerInterrupt
                0x0000000008009fbc       0x48 ./bsp/cubemx/Middlewares/Third_Party/FreeRTOS/Source/portable/GCC/ARM_CM4F/port.o
                0x0000000008009fbc                vPortSetupTimerInterrupt
 .text.vPortEnableVFP
                0x000000000800a004       0x14 ./bsp/cubemx/Middlewares/Third_Party/FreeRTOS/Source/portable/GCC/ARM_CM4F/port.o
 .text.vPortValidateInterruptPriority
                0x000000000800a018       0x80 ./bsp/cubemx/Middlewares/Third_Party/FreeRTOS/Source/portable/GCC/ARM_CM4F/port.o
                0x000000000800a018                vPortValidateInterruptPriority
 .text.pvPortMalloc
                0x000000000800a098      0x198 ./bsp/cubemx/Middlewares/Third_Party/FreeRTOS/Source/portable/MemMang/heap_4.o
                0x000000000800a098                pvPortMalloc
 .text.vPortFree
                0x000000000800a230       0xc4 ./bsp/cubemx/Middlewares/Third_Party/FreeRTOS/Source/portable/MemMang/heap_4.o
                0x000000000800a230                vPortFree
 .text.prvHeapInit
                0x000000000800a2f4       0xc4 ./bsp/cubemx/Middlewares/Third_Party/FreeRTOS/Source/portable/MemMang/heap_4.o
 .text.prvInsertBlockIntoFreeList
                0x000000000800a3b8       0xb4 ./bsp/cubemx/Middlewares/Third_Party/FreeRTOS/Source/portable/MemMang/heap_4.o
 .text.MX_USB_DEVICE_Init
                0x000000000800a46c       0x60 ./bsp/cubemx/USB_DEVICE/App/usb_device.o
                0x000000000800a46c                MX_USB_DEVICE_Init
 .text.CDC_Init_FS
                0x000000000800a4cc       0x28 ./bsp/cubemx/USB_DEVICE/App/usbd_cdc_if.o
 .text.CDC_DeInit_FS
                0x000000000800a4f4       0x10 ./bsp/cubemx/USB_DEVICE/App/usbd_cdc_if.o
 .text.CDC_Control_FS
                0x000000000800a504       0xbc ./bsp/cubemx/USB_DEVICE/App/usbd_cdc_if.o
 .text.CDC_Receive_FS
                0x000000000800a5c0       0x28 ./bsp/cubemx/USB_DEVICE/App/usbd_cdc_if.o
 .text.CDC_TransmitCplt_FS
                0x000000000800a5e8       0x22 ./bsp/cubemx/USB_DEVICE/App/usbd_cdc_if.o
 *fill*         0x000000000800a60a        0x2 
 .text.USBD_FS_DeviceDescriptor
                0x000000000800a60c       0x24 ./bsp/cubemx/USB_DEVICE/App/usbd_desc.o
                0x000000000800a60c                USBD_FS_DeviceDescriptor
 .text.USBD_FS_LangIDStrDescriptor
                0x000000000800a630       0x24 ./bsp/cubemx/USB_DEVICE/App/usbd_desc.o
                0x000000000800a630                USBD_FS_LangIDStrDescriptor
 .text.USBD_FS_ProductStrDescriptor
                0x000000000800a654       0x3c ./bsp/cubemx/USB_DEVICE/App/usbd_desc.o
                0x000000000800a654                USBD_FS_ProductStrDescriptor
 .text.USBD_FS_ManufacturerStrDescriptor
                0x000000000800a690       0x28 ./bsp/cubemx/USB_DEVICE/App/usbd_desc.o
                0x000000000800a690                USBD_FS_ManufacturerStrDescriptor
 .text.USBD_FS_SerialStrDescriptor
                0x000000000800a6b8       0x24 ./bsp/cubemx/USB_DEVICE/App/usbd_desc.o
                0x000000000800a6b8                USBD_FS_SerialStrDescriptor
 .text.USBD_FS_ConfigStrDescriptor
                0x000000000800a6dc       0x3c ./bsp/cubemx/USB_DEVICE/App/usbd_desc.o
                0x000000000800a6dc                USBD_FS_ConfigStrDescriptor
 .text.USBD_FS_InterfaceStrDescriptor
                0x000000000800a718       0x3c ./bsp/cubemx/USB_DEVICE/App/usbd_desc.o
                0x000000000800a718                USBD_FS_InterfaceStrDescriptor
 .text.Get_SerialNum
                0x000000000800a754       0x58 ./bsp/cubemx/USB_DEVICE/App/usbd_desc.o
 .text.IntToUnicode
                0x000000000800a7ac       0x7e ./bsp/cubemx/USB_DEVICE/App/usbd_desc.o
 *fill*         0x000000000800a82a        0x2 
 .text.HAL_PCD_MspInit
                0x000000000800a82c       0xa8 ./bsp/cubemx/USB_DEVICE/Target/usbd_conf.o
                0x000000000800a82c                HAL_PCD_MspInit
 .text.HAL_PCD_SetupStageCallback
                0x000000000800a8d4       0x24 ./bsp/cubemx/USB_DEVICE/Target/usbd_conf.o
                0x000000000800a8d4                HAL_PCD_SetupStageCallback
 .text.HAL_PCD_DataOutStageCallback
                0x000000000800a8f8       0x36 ./bsp/cubemx/USB_DEVICE/Target/usbd_conf.o
                0x000000000800a8f8                HAL_PCD_DataOutStageCallback
 .text.HAL_PCD_DataInStageCallback
                0x000000000800a92e       0x34 ./bsp/cubemx/USB_DEVICE/Target/usbd_conf.o
                0x000000000800a92e                HAL_PCD_DataInStageCallback
 .text.HAL_PCD_SOFCallback
                0x000000000800a962       0x1c ./bsp/cubemx/USB_DEVICE/Target/usbd_conf.o
                0x000000000800a962                HAL_PCD_SOFCallback
 .text.HAL_PCD_ResetCallback
                0x000000000800a97e       0x50 ./bsp/cubemx/USB_DEVICE/Target/usbd_conf.o
                0x000000000800a97e                HAL_PCD_ResetCallback
 *fill*         0x000000000800a9ce        0x2 
 .text.HAL_PCD_SuspendCallback
                0x000000000800a9d0       0x4c ./bsp/cubemx/USB_DEVICE/Target/usbd_conf.o
                0x000000000800a9d0                HAL_PCD_SuspendCallback
 .text.HAL_PCD_ResumeCallback
                0x000000000800aa1c       0x1c ./bsp/cubemx/USB_DEVICE/Target/usbd_conf.o
                0x000000000800aa1c                HAL_PCD_ResumeCallback
 .text.HAL_PCD_ISOOUTIncompleteCallback
                0x000000000800aa38       0x24 ./bsp/cubemx/USB_DEVICE/Target/usbd_conf.o
                0x000000000800aa38                HAL_PCD_ISOOUTIncompleteCallback
 .text.HAL_PCD_ISOINIncompleteCallback
                0x000000000800aa5c       0x24 ./bsp/cubemx/USB_DEVICE/Target/usbd_conf.o
                0x000000000800aa5c                HAL_PCD_ISOINIncompleteCallback
 .text.HAL_PCD_ConnectCallback
                0x000000000800aa80       0x1c ./bsp/cubemx/USB_DEVICE/Target/usbd_conf.o
                0x000000000800aa80                HAL_PCD_ConnectCallback
 .text.HAL_PCD_DisconnectCallback
                0x000000000800aa9c       0x1c ./bsp/cubemx/USB_DEVICE/Target/usbd_conf.o
                0x000000000800aa9c                HAL_PCD_DisconnectCallback
 .text.USBD_LL_Init
                0x000000000800aab8       0x98 ./bsp/cubemx/USB_DEVICE/Target/usbd_conf.o
                0x000000000800aab8                USBD_LL_Init
 .text.USBD_LL_Start
                0x000000000800ab50       0x36 ./bsp/cubemx/USB_DEVICE/Target/usbd_conf.o
                0x000000000800ab50                USBD_LL_Start
 .text.USBD_LL_OpenEP
                0x000000000800ab86       0x4c ./bsp/cubemx/USB_DEVICE/Target/usbd_conf.o
                0x000000000800ab86                USBD_LL_OpenEP
 .text.USBD_LL_CloseEP
                0x000000000800abd2       0x3e ./bsp/cubemx/USB_DEVICE/Target/usbd_conf.o
                0x000000000800abd2                USBD_LL_CloseEP
 .text.USBD_LL_StallEP
                0x000000000800ac10       0x3e ./bsp/cubemx/USB_DEVICE/Target/usbd_conf.o
                0x000000000800ac10                USBD_LL_StallEP
 .text.USBD_LL_ClearStallEP
                0x000000000800ac4e       0x3e ./bsp/cubemx/USB_DEVICE/Target/usbd_conf.o
                0x000000000800ac4e                USBD_LL_ClearStallEP
 .text.USBD_LL_IsStallEP
                0x000000000800ac8c       0x58 ./bsp/cubemx/USB_DEVICE/Target/usbd_conf.o
                0x000000000800ac8c                USBD_LL_IsStallEP
 .text.USBD_LL_SetUSBAddress
                0x000000000800ace4       0x3e ./bsp/cubemx/USB_DEVICE/Target/usbd_conf.o
                0x000000000800ace4                USBD_LL_SetUSBAddress
 .text.USBD_LL_Transmit
                0x000000000800ad22       0x42 ./bsp/cubemx/USB_DEVICE/Target/usbd_conf.o
                0x000000000800ad22                USBD_LL_Transmit
 .text.USBD_LL_PrepareReceive
                0x000000000800ad64       0x42 ./bsp/cubemx/USB_DEVICE/Target/usbd_conf.o
                0x000000000800ad64                USBD_LL_PrepareReceive
 .text.USBD_LL_GetRxDataSize
                0x000000000800ada6       0x26 ./bsp/cubemx/USB_DEVICE/Target/usbd_conf.o
                0x000000000800ada6                USBD_LL_GetRxDataSize
 .text.USBD_static_malloc
                0x000000000800adcc       0x1c ./bsp/cubemx/USB_DEVICE/Target/usbd_conf.o
                0x000000000800adcc                USBD_static_malloc
 .text.USBD_static_free
                0x000000000800ade8       0x14 ./bsp/cubemx/USB_DEVICE/Target/usbd_conf.o
                0x000000000800ade8                USBD_static_free
 .text.USBD_Get_USB_Status
                0x000000000800adfc       0x58 ./bsp/cubemx/USB_DEVICE/Target/usbd_conf.o
                0x000000000800adfc                USBD_Get_USB_Status
 .text.motors_init
                0x000000000800ae54       0x24 ./motors/Src/motors.o
                0x000000000800ae54                motors_init
 .text.motors_task
                0x000000000800ae78      0x11c ./motors/Src/motors.o
                0x000000000800ae78                motors_task
 .text.memset   0x000000000800af94       0x10 /Applications/STM32CubeIDE.app/Contents/Eclipse/plugins/com.st.stm32cube.ide.mcu.externaltools.gnu-tools-for-stm32.11.3.rel1.macos64_1.1.100.202310310803/tools/bin/../lib/gcc/arm-none-eabi/11.3.1/../../../../arm-none-eabi/lib/thumb/v7e-m+fp/hard/libc_nano.a(libc_a-memset.o)
                0x000000000800af94                memset
 .text._reclaim_reent
                0x000000000800afa4       0xac /Applications/STM32CubeIDE.app/Contents/Eclipse/plugins/com.st.stm32cube.ide.mcu.externaltools.gnu-tools-for-stm32.11.3.rel1.macos64_1.1.100.202310310803/tools/bin/../lib/gcc/arm-none-eabi/11.3.1/../../../../arm-none-eabi/lib/thumb/v7e-m+fp/hard/libc_nano.a(libc_a-reent.o)
                0x000000000800afa4                _reclaim_reent
 .text.__libc_init_array
                0x000000000800b050       0x48 /Applications/STM32CubeIDE.app/Contents/Eclipse/plugins/com.st.stm32cube.ide.mcu.externaltools.gnu-tools-for-stm32.11.3.rel1.macos64_1.1.100.202310310803/tools/bin/../lib/gcc/arm-none-eabi/11.3.1/../../../../arm-none-eabi/lib/thumb/v7e-m+fp/hard/libc_nano.a(libc_a-init.o)
                0x000000000800b050                __libc_init_array
 .text.__retarget_lock_acquire_recursive
                0x000000000800b098        0x2 /Applications/STM32CubeIDE.app/Contents/Eclipse/plugins/com.st.stm32cube.ide.mcu.externaltools.gnu-tools-for-stm32.11.3.rel1.macos64_1.1.100.202310310803/tools/bin/../lib/gcc/arm-none-eabi/11.3.1/../../../../arm-none-eabi/lib/thumb/v7e-m+fp/hard/libc_nano.a(libc_a-lock.o)
                0x000000000800b098                __retarget_lock_acquire_recursive
 .text.__retarget_lock_release_recursive
                0x000000000800b09a        0x2 /Applications/STM32CubeIDE.app/Contents/Eclipse/plugins/com.st.stm32cube.ide.mcu.externaltools.gnu-tools-for-stm32.11.3.rel1.macos64_1.1.100.202310310803/tools/bin/../lib/gcc/arm-none-eabi/11.3.1/../../../../arm-none-eabi/lib/thumb/v7e-m+fp/hard/libc_nano.a(libc_a-lock.o)
                0x000000000800b09a                __retarget_lock_release_recursive
 .text.memcpy   0x000000000800b09c       0x1c /Applications/STM32CubeIDE.app/Contents/Eclipse/plugins/com.st.stm32cube.ide.mcu.externaltools.gnu-tools-for-stm32.11.3.rel1.macos64_1.1.100.202310310803/tools/bin/../lib/gcc/arm-none-eabi/11.3.1/../../../../arm-none-eabi/lib/thumb/v7e-m+fp/hard/libc_nano.a(libc_a-memcpy-stub.o)
                0x000000000800b09c                memcpy
 .text._free_r  0x000000000800b0b8       0x98 /Applications/STM32CubeIDE.app/Contents/Eclipse/plugins/com.st.stm32cube.ide.mcu.externaltools.gnu-tools-for-stm32.11.3.rel1.macos64_1.1.100.202310310803/tools/bin/../lib/gcc/arm-none-eabi/11.3.1/../../../../arm-none-eabi/lib/thumb/v7e-m+fp/hard/libc_nano.a(libc_a-freer.o)
                0x000000000800b0b8                _free_r
 .text.__malloc_lock
                0x000000000800b150        0xc /Applications/STM32CubeIDE.app/Contents/Eclipse/plugins/com.st.stm32cube.ide.mcu.externaltools.gnu-tools-for-stm32.11.3.rel1.macos64_1.1.100.202310310803/tools/bin/../lib/gcc/arm-none-eabi/11.3.1/../../../../arm-none-eabi/lib/thumb/v7e-m+fp/hard/libc_nano.a(libc_a-mlock.o)
                0x000000000800b150                __malloc_lock
 .text.__malloc_unlock
                0x000000000800b15c        0xc /Applications/STM32CubeIDE.app/Contents/Eclipse/plugins/com.st.stm32cube.ide.mcu.externaltools.gnu-tools-for-stm32.11.3.rel1.macos64_1.1.100.202310310803/tools/bin/../lib/gcc/arm-none-eabi/11.3.1/../../../../arm-none-eabi/lib/thumb/v7e-m+fp/hard/libc_nano.a(libc_a-mlock.o)
                0x000000000800b15c                __malloc_unlock
 *(.glue_7)
 .glue_7        0x000000000800b168        0x0 linker stubs
 *(.glue_7t)
 .glue_7t       0x000000000800b168        0x0 linker stubs
 *(.eh_frame)
 .eh_frame      0x000000000800b168        0x0 /Applications/STM32CubeIDE.app/Contents/Eclipse/plugins/com.st.stm32cube.ide.mcu.externaltools.gnu-tools-for-stm32.11.3.rel1.macos64_1.1.100.202310310803/tools/bin/../lib/gcc/arm-none-eabi/11.3.1/thumb/v7e-m+fp/hard/crtbegin.o
 *(.init)
 .init          0x000000000800b168        0x4 /Applications/STM32CubeIDE.app/Contents/Eclipse/plugins/com.st.stm32cube.ide.mcu.externaltools.gnu-tools-for-stm32.11.3.rel1.macos64_1.1.100.202310310803/tools/bin/../lib/gcc/arm-none-eabi/11.3.1/thumb/v7e-m+fp/hard/crti.o
                0x000000000800b168                _init
 .init          0x000000000800b16c        0x8 /Applications/STM32CubeIDE.app/Contents/Eclipse/plugins/com.st.stm32cube.ide.mcu.externaltools.gnu-tools-for-stm32.11.3.rel1.macos64_1.1.100.202310310803/tools/bin/../lib/gcc/arm-none-eabi/11.3.1/thumb/v7e-m+fp/hard/crtn.o
 *(.fini)
 .fini          0x000000000800b174        0x4 /Applications/STM32CubeIDE.app/Contents/Eclipse/plugins/com.st.stm32cube.ide.mcu.externaltools.gnu-tools-for-stm32.11.3.rel1.macos64_1.1.100.202310310803/tools/bin/../lib/gcc/arm-none-eabi/11.3.1/thumb/v7e-m+fp/hard/crti.o
                0x000000000800b174                _fini
 .fini          0x000000000800b178        0x8 /Applications/STM32CubeIDE.app/Contents/Eclipse/plugins/com.st.stm32cube.ide.mcu.externaltools.gnu-tools-for-stm32.11.3.rel1.macos64_1.1.100.202310310803/tools/bin/../lib/gcc/arm-none-eabi/11.3.1/thumb/v7e-m+fp/hard/crtn.o
                0x000000000800b180                . = ALIGN (0x4)
                0x000000000800b180                _etext = .

.vfp11_veneer   0x000000000800b180        0x0
 .vfp11_veneer  0x000000000800b180        0x0 linker stubs

.v4_bx          0x000000000800b180        0x0
 .v4_bx         0x000000000800b180        0x0 linker stubs

.iplt           0x000000000800b180        0x0
 .iplt          0x000000000800b180        0x0 /Applications/STM32CubeIDE.app/Contents/Eclipse/plugins/com.st.stm32cube.ide.mcu.externaltools.gnu-tools-for-stm32.11.3.rel1.macos64_1.1.100.202310310803/tools/bin/../lib/gcc/arm-none-eabi/11.3.1/thumb/v7e-m+fp/hard/crtbegin.o

.rodata         0x000000000800b180       0xd8
                0x000000000800b180                . = ALIGN (0x4)
 *(.rodata)
 .rodata        0x000000000800b180        0xc ./bsp/cubemx/Core/Src/freertos.o
 .rodata        0x000000000800b18c        0x5 ./bsp/cubemx/Middlewares/Third_Party/FreeRTOS/Source/tasks.o
 *fill*         0x000000000800b191        0x3 
 .rodata        0x000000000800b194        0xd ./bsp/cubemx/Middlewares/Third_Party/FreeRTOS/Source/timers.o
 *fill*         0x000000000800b1a1        0x3 
 .rodata        0x000000000800b1a4       0x46 ./bsp/cubemx/USB_DEVICE/App/usbd_desc.o
 *fill*         0x000000000800b1ea        0x2 
 .rodata        0x000000000800b1ec        0xa ./motors/Src/motors.o
 *(.rodata*)
 *fill*         0x000000000800b1f6        0x2 
 .rodata.defaultTask_attributes
                0x000000000800b1f8       0x24 ./bsp/cubemx/Core/Src/freertos.o
                0x000000000800b1f8                defaultTask_attributes
 .rodata.AHBPrescTable
                0x000000000800b21c       0x10 ./bsp/cubemx/Core/Src/system_stm32f4xx.o
                0x000000000800b21c                AHBPrescTable
 .rodata.APBPrescTable
                0x000000000800b22c        0x8 ./bsp/cubemx/Core/Src/system_stm32f4xx.o
                0x000000000800b22c                APBPrescTable
 .rodata.motorTask_attributes
                0x000000000800b234       0x24 ./motors/Src/motors.o
                0x000000000800b234                motorTask_attributes
                0x000000000800b258                . = ALIGN (0x4)

.ARM.extab      0x000000000800b258        0x0
                0x000000000800b258                . = ALIGN (0x4)
 *(.ARM.extab* .gnu.linkonce.armextab.*)
                0x000000000800b258                . = ALIGN (0x4)

.ARM            0x000000000800b258        0x8
                0x000000000800b258                . = ALIGN (0x4)
                0x000000000800b258                __exidx_start = .
 *(.ARM.exidx*)
 .ARM.exidx     0x000000000800b258        0x8 /Applications/STM32CubeIDE.app/Contents/Eclipse/plugins/com.st.stm32cube.ide.mcu.externaltools.gnu-tools-for-stm32.11.3.rel1.macos64_1.1.100.202310310803/tools/bin/../lib/gcc/arm-none-eabi/11.3.1/thumb/v7e-m+fp/hard/libgcc.a(_udivmoddi4.o)
                0x000000000800b260                __exidx_end = .
                0x000000000800b260                . = ALIGN (0x4)

.rel.dyn        0x000000000800b260        0x0
 .rel.iplt      0x000000000800b260        0x0 /Applications/STM32CubeIDE.app/Contents/Eclipse/plugins/com.st.stm32cube.ide.mcu.externaltools.gnu-tools-for-stm32.11.3.rel1.macos64_1.1.100.202310310803/tools/bin/../lib/gcc/arm-none-eabi/11.3.1/thumb/v7e-m+fp/hard/crtbegin.o

.preinit_array  0x000000000800b260        0x0
                0x000000000800b260                . = ALIGN (0x4)
                0x000000000800b260                PROVIDE (__preinit_array_start = .)
 *(.preinit_array*)
                0x000000000800b260                PROVIDE (__preinit_array_end = .)
                0x000000000800b260                . = ALIGN (0x4)

.init_array     0x000000000800b260        0x4
                0x000000000800b260                . = ALIGN (0x4)
                0x000000000800b260                PROVIDE (__init_array_start = .)
 *(SORT_BY_NAME(.init_array.*))
 *(.init_array*)
 .init_array    0x000000000800b260        0x4 /Applications/STM32CubeIDE.app/Contents/Eclipse/plugins/com.st.stm32cube.ide.mcu.externaltools.gnu-tools-for-stm32.11.3.rel1.macos64_1.1.100.202310310803/tools/bin/../lib/gcc/arm-none-eabi/11.3.1/thumb/v7e-m+fp/hard/crtbegin.o
                0x000000000800b264                PROVIDE (__init_array_end = .)
                0x000000000800b264                . = ALIGN (0x4)

.fini_array     0x000000000800b264        0x4
                0x000000000800b264                . = ALIGN (0x4)
                [!provide]                        PROVIDE (__fini_array_start = .)
 *(SORT_BY_NAME(.fini_array.*))
 *(.fini_array*)
 .fini_array    0x000000000800b264        0x4 /Applications/STM32CubeIDE.app/Contents/Eclipse/plugins/com.st.stm32cube.ide.mcu.externaltools.gnu-tools-for-stm32.11.3.rel1.macos64_1.1.100.202310310803/tools/bin/../lib/gcc/arm-none-eabi/11.3.1/thumb/v7e-m+fp/hard/crtbegin.o
                [!provide]                        PROVIDE (__fini_array_end = .)
                0x000000000800b268                . = ALIGN (0x4)
                0x000000000800b268                _sidata = LOADADDR (.data)

.data           0x0000000020000000      0x150 load address 0x000000000800b268
                0x0000000020000000                . = ALIGN (0x4)
                0x0000000020000000                _sdata = .
 *(.data)
 *(.data*)
 .data.SystemCoreClock
                0x0000000020000000        0x4 ./bsp/cubemx/Core/Src/system_stm32f4xx.o
                0x0000000020000000                SystemCoreClock
 .data.uwTickPrio
                0x0000000020000004        0x4 ./bsp/cubemx/Drivers/STM32F4xx_HAL_Driver/Src/stm32f4xx_hal.o
                0x0000000020000004                uwTickPrio
 .data.uwTickFreq
                0x0000000020000008        0x1 ./bsp/cubemx/Drivers/STM32F4xx_HAL_Driver/Src/stm32f4xx_hal.o
                0x0000000020000008                uwTickFreq
 *fill*         0x0000000020000009        0x3 
 .data.USBD_CDC_DeviceQualifierDesc
                0x000000002000000c        0xa ./bsp/cubemx/Middlewares/ST/STM32_USB_Device_Library/Class/CDC/Src/usbd_cdc.o
 *fill*         0x0000000020000016        0x2 
 .data.USBD_CDC
                0x0000000020000018       0x38 ./bsp/cubemx/Middlewares/ST/STM32_USB_Device_Library/Class/CDC/Src/usbd_cdc.o
                0x0000000020000018                USBD_CDC
 .data.USBD_CDC_CfgDesc
                0x0000000020000050       0x43 ./bsp/cubemx/Middlewares/ST/STM32_USB_Device_Library/Class/CDC/Src/usbd_cdc.o
 .data.CDCInEpAdd
                0x0000000020000093        0x1 ./bsp/cubemx/Middlewares/ST/STM32_USB_Device_Library/Class/CDC/Src/usbd_cdc.o
 .data.CDCOutEpAdd
                0x0000000020000094        0x1 ./bsp/cubemx/Middlewares/ST/STM32_USB_Device_Library/Class/CDC/Src/usbd_cdc.o
 .data.CDCCmdEpAdd
                0x0000000020000095        0x1 ./bsp/cubemx/Middlewares/ST/STM32_USB_Device_Library/Class/CDC/Src/usbd_cdc.o
 *fill*         0x0000000020000096        0x2 
 .data.uxCriticalNesting
                0x0000000020000098        0x4 ./bsp/cubemx/Middlewares/Third_Party/FreeRTOS/Source/portable/GCC/ARM_CM4F/port.o
 .data.USBD_Interface_fops_FS
                0x000000002000009c       0x14 ./bsp/cubemx/USB_DEVICE/App/usbd_cdc_if.o
                0x000000002000009c                USBD_Interface_fops_FS
 .data.FS_Desc  0x00000000200000b0       0x1c ./bsp/cubemx/USB_DEVICE/App/usbd_desc.o
                0x00000000200000b0                FS_Desc
 .data.USBD_FS_DeviceDesc
                0x00000000200000cc       0x12 ./bsp/cubemx/USB_DEVICE/App/usbd_desc.o
                0x00000000200000cc                USBD_FS_DeviceDesc
 *fill*         0x00000000200000de        0x2 
 .data.USBD_LangIDDesc
                0x00000000200000e0        0x4 ./bsp/cubemx/USB_DEVICE/App/usbd_desc.o
                0x00000000200000e0                USBD_LangIDDesc
 .data.USBD_StringSerial
                0x00000000200000e4       0x1a ./bsp/cubemx/USB_DEVICE/App/usbd_desc.o
                0x00000000200000e4                USBD_StringSerial
 *fill*         0x00000000200000fe        0x2 
 .data._impure_data
                0x0000000020000100       0x4c /Applications/STM32CubeIDE.app/Contents/Eclipse/plugins/com.st.stm32cube.ide.mcu.externaltools.gnu-tools-for-stm32.11.3.rel1.macos64_1.1.100.202310310803/tools/bin/../lib/gcc/arm-none-eabi/11.3.1/../../../../arm-none-eabi/lib/thumb/v7e-m+fp/hard/libc_nano.a(libc_a-impure.o)
                0x0000000020000100                _impure_data
 .data._impure_ptr
                0x000000002000014c        0x4 /Applications/STM32CubeIDE.app/Contents/Eclipse/plugins/com.st.stm32cube.ide.mcu.externaltools.gnu-tools-for-stm32.11.3.rel1.macos64_1.1.100.202310310803/tools/bin/../lib/gcc/arm-none-eabi/11.3.1/../../../../arm-none-eabi/lib/thumb/v7e-m+fp/hard/libc_nano.a(libc_a-impure.o)
                0x000000002000014c                _impure_ptr
 *(.RamFunc)
 *(.RamFunc*)
                0x0000000020000150                . = ALIGN (0x4)
                0x0000000020000150                _edata = .
                0x000000000800b3b8                _siccmram = LOADADDR (.ccmram)

.igot.plt       0x0000000020000150        0x0 load address 0x000000000800b3b8
 .igot.plt      0x0000000020000150        0x0 /Applications/STM32CubeIDE.app/Contents/Eclipse/plugins/com.st.stm32cube.ide.mcu.externaltools.gnu-tools-for-stm32.11.3.rel1.macos64_1.1.100.202310310803/tools/bin/../lib/gcc/arm-none-eabi/11.3.1/thumb/v7e-m+fp/hard/crtbegin.o

.ccmram         0x0000000010000000        0x0 load address 0x000000000800b3b8
                0x0000000010000000                . = ALIGN (0x4)
                0x0000000010000000                _sccmram = .
 *(.ccmram)
 *(.ccmram*)
                0x0000000010000000                . = ALIGN (0x4)
                0x0000000010000000                _eccmram = .
                0x0000000010000000                . = ALIGN (0x4)

.bss            0x0000000020000150     0x6844
                0x0000000020000150                _sbss = .
                0x0000000020000150                __bss_start__ = _sbss
 *(.bss)
 .bss           0x0000000020000150       0x1c /Applications/STM32CubeIDE.app/Contents/Eclipse/plugins/com.st.stm32cube.ide.mcu.externaltools.gnu-tools-for-stm32.11.3.rel1.macos64_1.1.100.202310310803/tools/bin/../lib/gcc/arm-none-eabi/11.3.1/thumb/v7e-m+fp/hard/crtbegin.o
 *(.bss*)
 .bss.hcan1     0x000000002000016c       0x28 ./bsp/cubemx/Core/Src/can.o
                0x000000002000016c                hcan1
 .bss.defaultTaskHandle
                0x0000000020000194        0x4 ./bsp/cubemx/Core/Src/freertos.o
                0x0000000020000194                defaultTaskHandle
 .bss.hspi5     0x0000000020000198       0x58 ./bsp/cubemx/Core/Src/spi.o
                0x0000000020000198                hspi5
 .bss.htim5     0x00000000200001f0       0x48 ./bsp/cubemx/Core/Src/stm32f4xx_hal_timebase_tim.o
                0x00000000200001f0                htim5
 .bss.huart6    0x0000000020000238       0x48 ./bsp/cubemx/Core/Src/usart.o
                0x0000000020000238                huart6
 .bss.uwTick    0x0000000020000280        0x4 ./bsp/cubemx/Drivers/STM32F4xx_HAL_Driver/Src/stm32f4xx_hal.o
                0x0000000020000280                uwTick
 .bss.cfgidx.0  0x0000000020000284        0x1 ./bsp/cubemx/Middlewares/ST/STM32_USB_Device_Library/Core/Src/usbd_ctlreq.o
 *fill*         0x0000000020000285        0x3 
 .bss.KernelState
                0x0000000020000288        0x4 ./bsp/cubemx/Middlewares/Third_Party/FreeRTOS/Source/CMSIS_RTOS_V2/cmsis_os2.o
 .bss.Idle_TCB.3
                0x000000002000028c       0xa8 ./bsp/cubemx/Middlewares/Third_Party/FreeRTOS/Source/CMSIS_RTOS_V2/cmsis_os2.o
 .bss.Idle_Stack.2
                0x0000000020000334      0x200 ./bsp/cubemx/Middlewares/Third_Party/FreeRTOS/Source/CMSIS_RTOS_V2/cmsis_os2.o
 .bss.Timer_TCB.1
                0x0000000020000534       0xa8 ./bsp/cubemx/Middlewares/Third_Party/FreeRTOS/Source/CMSIS_RTOS_V2/cmsis_os2.o
 .bss.Timer_Stack.0
                0x00000000200005dc      0x400 ./bsp/cubemx/Middlewares/Third_Party/FreeRTOS/Source/CMSIS_RTOS_V2/cmsis_os2.o
 .bss.xQueueRegistry
                0x00000000200009dc       0x40 ./bsp/cubemx/Middlewares/Third_Party/FreeRTOS/Source/queue.o
                0x00000000200009dc                xQueueRegistry
 .bss.pxCurrentTCB
                0x0000000020000a1c        0x4 ./bsp/cubemx/Middlewares/Third_Party/FreeRTOS/Source/tasks.o
                0x0000000020000a1c                pxCurrentTCB
 .bss.pxReadyTasksLists
                0x0000000020000a20      0x460 ./bsp/cubemx/Middlewares/Third_Party/FreeRTOS/Source/tasks.o
 .bss.xDelayedTaskList1
                0x0000000020000e80       0x14 ./bsp/cubemx/Middlewares/Third_Party/FreeRTOS/Source/tasks.o
 .bss.xDelayedTaskList2
                0x0000000020000e94       0x14 ./bsp/cubemx/Middlewares/Third_Party/FreeRTOS/Source/tasks.o
 .bss.pxDelayedTaskList
                0x0000000020000ea8        0x4 ./bsp/cubemx/Middlewares/Third_Party/FreeRTOS/Source/tasks.o
 .bss.pxOverflowDelayedTaskList
                0x0000000020000eac        0x4 ./bsp/cubemx/Middlewares/Third_Party/FreeRTOS/Source/tasks.o
 .bss.xPendingReadyList
                0x0000000020000eb0       0x14 ./bsp/cubemx/Middlewares/Third_Party/FreeRTOS/Source/tasks.o
 .bss.xTasksWaitingTermination
                0x0000000020000ec4       0x14 ./bsp/cubemx/Middlewares/Third_Party/FreeRTOS/Source/tasks.o
 .bss.uxDeletedTasksWaitingCleanUp
                0x0000000020000ed8        0x4 ./bsp/cubemx/Middlewares/Third_Party/FreeRTOS/Source/tasks.o
 .bss.xSuspendedTaskList
                0x0000000020000edc       0x14 ./bsp/cubemx/Middlewares/Third_Party/FreeRTOS/Source/tasks.o
 .bss.uxCurrentNumberOfTasks
                0x0000000020000ef0        0x4 ./bsp/cubemx/Middlewares/Third_Party/FreeRTOS/Source/tasks.o
 .bss.xTickCount
                0x0000000020000ef4        0x4 ./bsp/cubemx/Middlewares/Third_Party/FreeRTOS/Source/tasks.o
 .bss.uxTopReadyPriority
                0x0000000020000ef8        0x4 ./bsp/cubemx/Middlewares/Third_Party/FreeRTOS/Source/tasks.o
 .bss.xSchedulerRunning
                0x0000000020000efc        0x4 ./bsp/cubemx/Middlewares/Third_Party/FreeRTOS/Source/tasks.o
 .bss.xPendedTicks
                0x0000000020000f00        0x4 ./bsp/cubemx/Middlewares/Third_Party/FreeRTOS/Source/tasks.o
 .bss.xYieldPending
                0x0000000020000f04        0x4 ./bsp/cubemx/Middlewares/Third_Party/FreeRTOS/Source/tasks.o
 .bss.xNumOfOverflows
                0x0000000020000f08        0x4 ./bsp/cubemx/Middlewares/Third_Party/FreeRTOS/Source/tasks.o
 .bss.uxTaskNumber
                0x0000000020000f0c        0x4 ./bsp/cubemx/Middlewares/Third_Party/FreeRTOS/Source/tasks.o
 .bss.xNextTaskUnblockTime
                0x0000000020000f10        0x4 ./bsp/cubemx/Middlewares/Third_Party/FreeRTOS/Source/tasks.o
 .bss.xIdleTaskHandle
                0x0000000020000f14        0x4 ./bsp/cubemx/Middlewares/Third_Party/FreeRTOS/Source/tasks.o
 .bss.uxSchedulerSuspended
                0x0000000020000f18        0x4 ./bsp/cubemx/Middlewares/Third_Party/FreeRTOS/Source/tasks.o
 .bss.xActiveTimerList1
                0x0000000020000f1c       0x14 ./bsp/cubemx/Middlewares/Third_Party/FreeRTOS/Source/timers.o
 .bss.xActiveTimerList2
                0x0000000020000f30       0x14 ./bsp/cubemx/Middlewares/Third_Party/FreeRTOS/Source/timers.o
 .bss.pxCurrentTimerList
                0x0000000020000f44        0x4 ./bsp/cubemx/Middlewares/Third_Party/FreeRTOS/Source/timers.o
 .bss.pxOverflowTimerList
                0x0000000020000f48        0x4 ./bsp/cubemx/Middlewares/Third_Party/FreeRTOS/Source/timers.o
 .bss.xTimerQueue
                0x0000000020000f4c        0x4 ./bsp/cubemx/Middlewares/Third_Party/FreeRTOS/Source/timers.o
 .bss.xTimerTaskHandle
                0x0000000020000f50        0x4 ./bsp/cubemx/Middlewares/Third_Party/FreeRTOS/Source/timers.o
 .bss.xLastTime.2
                0x0000000020000f54        0x4 ./bsp/cubemx/Middlewares/Third_Party/FreeRTOS/Source/timers.o
 .bss.ucStaticTimerQueueStorage.1
                0x0000000020000f58       0xa0 ./bsp/cubemx/Middlewares/Third_Party/FreeRTOS/Source/timers.o
 .bss.xStaticTimerQueue.0
                0x0000000020000ff8       0x50 ./bsp/cubemx/Middlewares/Third_Party/FreeRTOS/Source/timers.o
 .bss.ucMaxSysCallPriority
                0x0000000020001048        0x1 ./bsp/cubemx/Middlewares/Third_Party/FreeRTOS/Source/portable/GCC/ARM_CM4F/port.o
 *fill*         0x0000000020001049        0x3 
 .bss.ulMaxPRIGROUPValue
                0x000000002000104c        0x4 ./bsp/cubemx/Middlewares/Third_Party/FreeRTOS/Source/portable/GCC/ARM_CM4F/port.o
 .bss.ucHeap    0x0000000020001050     0x3c00 ./bsp/cubemx/Middlewares/Third_Party/FreeRTOS/Source/portable/MemMang/heap_4.o
 .bss.xStart    0x0000000020004c50        0x8 ./bsp/cubemx/Middlewares/Third_Party/FreeRTOS/Source/portable/MemMang/heap_4.o
 .bss.pxEnd     0x0000000020004c58        0x4 ./bsp/cubemx/Middlewares/Third_Party/FreeRTOS/Source/portable/MemMang/heap_4.o
 .bss.xFreeBytesRemaining
                0x0000000020004c5c        0x4 ./bsp/cubemx/Middlewares/Third_Party/FreeRTOS/Source/portable/MemMang/heap_4.o
 .bss.xMinimumEverFreeBytesRemaining
                0x0000000020004c60        0x4 ./bsp/cubemx/Middlewares/Third_Party/FreeRTOS/Source/portable/MemMang/heap_4.o
 .bss.xNumberOfSuccessfulAllocations
                0x0000000020004c64        0x4 ./bsp/cubemx/Middlewares/Third_Party/FreeRTOS/Source/portable/MemMang/heap_4.o
 .bss.xNumberOfSuccessfulFrees
                0x0000000020004c68        0x4 ./bsp/cubemx/Middlewares/Third_Party/FreeRTOS/Source/portable/MemMang/heap_4.o
 .bss.xBlockAllocatedBit
                0x0000000020004c6c        0x4 ./bsp/cubemx/Middlewares/Third_Party/FreeRTOS/Source/portable/MemMang/heap_4.o
 .bss.hUsbDeviceFS